[0.175s] Invoking command in '/home/shuksham/Self-Moving-Car/ros2_ws/build/my_car_description': CMAKE_PREFIX_PATH=/opt/ros/humble /usr/bin/cmake /home/shuksham/Self-Moving-Car/ros2_ws/src/my_car_description -DCMAKE_INSTALL_PREFIX=/home/shuksham/Self-Moving-Car/ros2_ws/install/my_car_description
[0.266s] -- The C compiler identification is GNU 11.4.0
[0.518s] -- The CXX compiler identification is GNU 11.4.0
[0.677s] -- Detecting C compiler ABI info
[0.768s] -- Detecting C compiler ABI info - done
[0.773s] -- Check for working C compiler: /usr/bin/cc - skipped
[0.774s] -- Detecting C compile features
[0.774s] -- Detecting C compile features - done
[0.776s] -- Detecting CXX compiler ABI info
[0.924s] -- Detecting CXX compiler ABI info - done
[0.932s] -- Check for working CXX compiler: /usr/bin/c++ - skipped
[0.932s] -- Detecting CXX compile features
[0.933s] -- Detecting CXX compile features - done
[0.936s] -- Found ament_cmake: 1.3.12 (/opt/ros/humble/share/ament_cmake/cmake)
[1.057s] -- Found Python3: /usr/bin/python3 (found version "3.10.12") found components: Interpreter 
[1.118s] -- Found ament_lint_auto: 0.12.14 (/opt/ros/humble/share/ament_lint_auto/cmake)
[1.181s] -- Added test 'flake8' to check Python code syntax and style conventions
[1.182s] -- Added test 'lint_cmake' to check CMake code style
[1.182s] -- Added test 'pep257' to check Python code against some of the docstring style conventions in PEP 257
[1.183s] -- Added test 'xmllint' to check XML markup files
[1.184s] -- Configuring done
[1.187s] -- Generating done
[1.188s] -- Build files have been written to: /home/shuksham/Self-Moving-Car/ros2_ws/build/my_car_description
[1.192s] Invoked command in '/home/shuksham/Self-Moving-Car/ros2_ws/build/my_car_description' returned '0': CMAKE_PREFIX_PATH=/opt/ros/humble /usr/bin/cmake /home/shuksham/Self-Moving-Car/ros2_ws/src/my_car_description -DCMAKE_INSTALL_PREFIX=/home/shuksham/Self-Moving-Car/ros2_ws/install/my_car_description
[1.194s] Invoking command in '/home/shuksham/Self-Moving-Car/ros2_ws/build/my_car_description': CMAKE_PREFIX_PATH=/opt/ros/humble /usr/bin/cmake --build /home/shuksham/Self-Moving-Car/ros2_ws/build/my_car_description -- -j8 -l8
[1.223s] Invoked command in '/home/shuksham/Self-Moving-Car/ros2_ws/build/my_car_description' returned '0': CMAKE_PREFIX_PATH=/opt/ros/humble /usr/bin/cmake --build /home/shuksham/Self-Moving-Car/ros2_ws/build/my_car_description -- -j8 -l8
[1.235s] Invoking command in '/home/shuksham/Self-Moving-Car/ros2_ws/build/my_car_description': CMAKE_PREFIX_PATH=/opt/ros/humble /usr/bin/cmake --install /home/shuksham/Self-Moving-Car/ros2_ws/build/my_car_description
[1.241s] -- Install configuration: ""
[1.241s] -- Up-to-date: /home/shuksham/Self-Moving-Car/ros2_ws/install/my_car_description/share/my_car_description/launch
[1.241s] -- Installing: /home/shuksham/Self-Moving-Car/ros2_ws/install/my_car_description/share/my_car_description/launch/gazebo_launch.py
[1.242s] -- Up-to-date: /home/shuksham/Self-Moving-Car/ros2_ws/install/my_car_description/share/my_car_description/urdf
[1.242s] -- Installing: /home/shuksham/Self-Moving-Car/ros2_ws/install/my_car_description/share/my_car_description/urdf/my_car.urdf
[1.243s] -- Installing: /home/shuksham/Self-Moving-Car/ros2_ws/install/my_car_description/share/my_car_description/urdf/my_car.urdf.xacro
[1.243s] -- Installing: /home/shuksham/Self-Moving-Car/ros2_ws/install/my_car_description/share/ament_index/resource_index/package_run_dependencies/my_car_description
[1.243s] -- Installing: /home/shuksham/Self-Moving-Car/ros2_ws/install/my_car_description/share/ament_index/resource_index/parent_prefix_path/my_car_description
[1.243s] -- Installing: /home/shuksham/Self-Moving-Car/ros2_ws/install/my_car_description/share/my_car_description/environment/ament_prefix_path.dsv
[1.243s] -- Installing: /home/shuksham/Self-Moving-Car/ros2_ws/install/my_car_description/share/my_car_description/environment/path.dsv
[1.244s] -- Installing: /home/shuksham/Self-Moving-Car/ros2_ws/install/my_car_description/share/my_car_description/local_setup.bash
[1.244s] -- Installing: /home/shuksham/Self-Moving-Car/ros2_ws/install/my_car_description/share/my_car_description/local_setup.sh
[1.244s] -- Installing: /home/shuksham/Self-Moving-Car/ros2_ws/install/my_car_description/share/my_car_description/local_setup.zsh
[1.244s] -- Installing: /home/shuksham/Self-Moving-Car/ros2_ws/install/my_car_description/share/my_car_description/local_setup.dsv
[1.244s] -- Installing: /home/shuksham/Self-Moving-Car/ros2_ws/install/my_car_description/share/my_car_description/package.dsv
[1.244s] -- Installing: /home/shuksham/Self-Moving-Car/ros2_ws/install/my_car_description/share/ament_index/resource_index/packages/my_car_description
[1.245s] -- Installing: /home/shuksham/Self-Moving-Car/ros2_ws/install/my_car_description/share/my_car_description/cmake/my_car_descriptionConfig.cmake
[1.245s] -- Installing: /home/shuksham/Self-Moving-Car/ros2_ws/install/my_car_description/share/my_car_description/cmake/my_car_descriptionConfig-version.cmake
[1.245s] -- Installing: /home/shuksham/Self-Moving-Car/ros2_ws/install/my_car_description/share/my_car_description/package.xml
[1.247s] Invoked command in '/home/shuksham/Self-Moving-Car/ros2_ws/build/my_car_description' returned '0': CMAKE_PREFIX_PATH=/opt/ros/humble /usr/bin/cmake --install /home/shuksham/Self-Moving-Car/ros2_ws/build/my_car_description
