[0.247s] Invoking command in '/home/shuksham/Self-Moving-Car/ros2_ws/build/my_car_description': CMAKE_PREFIX_PATH=/opt/ros/humble /usr/bin/cmake --build /home/shuksham/Self-Moving-Car/ros2_ws/build/my_car_description -- -j8 -l8
[0.282s] Invoked command in '/home/shuksham/Self-Moving-Car/ros2_ws/build/my_car_description' returned '0': CMAKE_PREFIX_PATH=/opt/ros/humble /usr/bin/cmake --build /home/shuksham/Self-Moving-Car/ros2_ws/build/my_car_description -- -j8 -l8
[0.290s] Invoking command in '/home/shuksham/Self-Moving-Car/ros2_ws/build/my_car_description': CMAKE_PREFIX_PATH=/opt/ros/humble /usr/bin/cmake --install /home/shuksham/Self-Moving-Car/ros2_ws/build/my_car_description
[0.300s] -- Install configuration: ""
[0.301s] -- Execute custom install script
[0.302s] -- Up-to-date symlink: /home/shuksham/Self-Moving-Car/ros2_ws/install/my_car_description/share/my_car_description/launch/gazebo_launch.py
[0.302s] -- Up-to-date symlink: /home/shuksham/Self-Moving-Car/ros2_ws/install/my_car_description/share/my_car_description/urdf/my_car.urdf
[0.302s] -- Up-to-date symlink: /home/shuksham/Self-Moving-Car/ros2_ws/install/my_car_description/share/my_car_description/urdf/my_car.urdf.xacro
[0.303s] -- Up-to-date symlink: /home/shuksham/Self-Moving-Car/ros2_ws/install/my_car_description/share/ament_index/resource_index/package_run_dependencies/my_car_description
[0.303s] -- Up-to-date symlink: /home/shuksham/Self-Moving-Car/ros2_ws/install/my_car_description/share/ament_index/resource_index/parent_prefix_path/my_car_description
[0.303s] -- Up-to-date symlink: /home/shuksham/Self-Moving-Car/ros2_ws/install/my_car_description/share/my_car_description/environment/ament_prefix_path.sh
[0.303s] -- Up-to-date symlink: /home/shuksham/Self-Moving-Car/ros2_ws/install/my_car_description/share/my_car_description/environment/ament_prefix_path.dsv
[0.303s] -- Up-to-date symlink: /home/shuksham/Self-Moving-Car/ros2_ws/install/my_car_description/share/my_car_description/environment/path.sh
[0.303s] -- Up-to-date symlink: /home/shuksham/Self-Moving-Car/ros2_ws/install/my_car_description/share/my_car_description/environment/path.dsv
[0.303s] -- Up-to-date symlink: /home/shuksham/Self-Moving-Car/ros2_ws/install/my_car_description/share/my_car_description/local_setup.bash
[0.304s] -- Up-to-date symlink: /home/shuksham/Self-Moving-Car/ros2_ws/install/my_car_description/share/my_car_description/local_setup.sh
[0.305s] -- Up-to-date symlink: /home/shuksham/Self-Moving-Car/ros2_ws/install/my_car_description/share/my_car_description/local_setup.zsh
[0.305s] -- Up-to-date symlink: /home/shuksham/Self-Moving-Car/ros2_ws/install/my_car_description/share/my_car_description/local_setup.dsv
[0.305s] -- Symlinking: /home/shuksham/Self-Moving-Car/ros2_ws/install/my_car_description/share/my_car_description/package.dsv
[0.312s] -- Up-to-date symlink: /home/shuksham/Self-Moving-Car/ros2_ws/install/my_car_description/share/ament_index/resource_index/packages/my_car_description
[0.313s] -- Up-to-date symlink: /home/shuksham/Self-Moving-Car/ros2_ws/install/my_car_description/share/my_car_description/cmake/my_car_descriptionConfig.cmake
[0.313s] -- Up-to-date symlink: /home/shuksham/Self-Moving-Car/ros2_ws/install/my_car_description/share/my_car_description/cmake/my_car_descriptionConfig-version.cmake
[0.313s] -- Up-to-date symlink: /home/shuksham/Self-Moving-Car/ros2_ws/install/my_car_description/share/my_car_description/package.xml
[0.316s] Invoked command in '/home/shuksham/Self-Moving-Car/ros2_ws/build/my_car_description' returned '0': CMAKE_PREFIX_PATH=/opt/ros/humble /usr/bin/cmake --install /home/shuksham/Self-Moving-Car/ros2_ws/build/my_car_description
