[0.834s] Invoking command in '/home/shuksham/Self-Moving-Car/ros2_ws/build/my_car_description': CMAKE_PREFIX_PATH=${CMAKE_PREFIX_PATH}:/home/shuksham/Self-Moving-Car/ros2_ws/install/circular_drive_controller:/opt/ros/humble /usr/bin/cmake /home/shuksham/Self-Moving-Car/ros2_ws/src/my_car_description -DAMENT_CMAKE_SYMLINK_INSTALL=1 -DCMAKE_INSTALL_PREFIX=/home/shuksham/Self-Moving-Car/ros2_ws/install/my_car_description
[0.856s] -- Found ament_cmake: 1.3.12 (/opt/ros/humble/share/ament_cmake/cmake)
[1.137s] -- Override CMake install command with custom implementation using symlinks instead of copying resources
[1.154s] -- Found ament_lint_auto: 0.12.14 (/opt/ros/humble/share/ament_lint_auto/cmake)
[1.313s] -- Added test 'flake8' to check Python code syntax and style conventions
[1.314s] -- Added test 'lint_cmake' to check CMake code style
[1.314s] -- Added test 'pep257' to check Python code against some of the docstring style conventions in PEP 257
[1.315s] -- Added test 'xmllint' to check XML markup files
[1.317s] -- Configuring done
[1.326s] -- Generating done
[1.329s] -- Build files have been written to: /home/shuksham/Self-Moving-Car/ros2_ws/build/my_car_description
[1.333s] Invoked command in '/home/shuksham/Self-Moving-Car/ros2_ws/build/my_car_description' returned '0': CMAKE_PREFIX_PATH=${CMAKE_PREFIX_PATH}:/home/shuksham/Self-Moving-Car/ros2_ws/install/circular_drive_controller:/opt/ros/humble /usr/bin/cmake /home/shuksham/Self-Moving-Car/ros2_ws/src/my_car_description -DAMENT_CMAKE_SYMLINK_INSTALL=1 -DCMAKE_INSTALL_PREFIX=/home/shuksham/Self-Moving-Car/ros2_ws/install/my_car_description
[1.337s] Invoking command in '/home/shuksham/Self-Moving-Car/ros2_ws/build/my_car_description': CMAKE_PREFIX_PATH=${CMAKE_PREFIX_PATH}:/home/shuksham/Self-Moving-Car/ros2_ws/install/circular_drive_controller:/opt/ros/humble /usr/bin/cmake --build /home/shuksham/Self-Moving-Car/ros2_ws/build/my_car_description -- -j8 -l8
[1.408s] Invoked command in '/home/shuksham/Self-Moving-Car/ros2_ws/build/my_car_description' returned '0': CMAKE_PREFIX_PATH=${CMAKE_PREFIX_PATH}:/home/shuksham/Self-Moving-Car/ros2_ws/install/circular_drive_controller:/opt/ros/humble /usr/bin/cmake --build /home/shuksham/Self-Moving-Car/ros2_ws/build/my_car_description -- -j8 -l8
[1.424s] Invoking command in '/home/shuksham/Self-Moving-Car/ros2_ws/build/my_car_description': CMAKE_PREFIX_PATH=${CMAKE_PREFIX_PATH}:/home/shuksham/Self-Moving-Car/ros2_ws/install/circular_drive_controller:/opt/ros/humble /usr/bin/cmake --install /home/shuksham/Self-Moving-Car/ros2_ws/build/my_car_description
[1.441s] -- Install configuration: ""
[1.443s] -- Execute custom install script
[1.443s] -- Up-to-date symlink: /home/shuksham/Self-Moving-Car/ros2_ws/install/my_car_description/share/my_car_description/launch/gazebo_launch.py
[1.447s] -- Up-to-date symlink: /home/shuksham/Self-Moving-Car/ros2_ws/install/my_car_description/share/my_car_description/urdf/my_car.urdf
[1.447s] -- Up-to-date symlink: /home/shuksham/Self-Moving-Car/ros2_ws/install/my_car_description/share/my_car_description/urdf/my_car.urdf.xacro
[1.448s] -- Up-to-date symlink: /home/shuksham/Self-Moving-Car/ros2_ws/install/my_car_description/share/ament_index/resource_index/package_run_dependencies/my_car_description
[1.448s] -- Up-to-date symlink: /home/shuksham/Self-Moving-Car/ros2_ws/install/my_car_description/share/ament_index/resource_index/parent_prefix_path/my_car_description
[1.448s] -- Up-to-date symlink: /home/shuksham/Self-Moving-Car/ros2_ws/install/my_car_description/share/my_car_description/environment/ament_prefix_path.sh
[1.448s] -- Up-to-date symlink: /home/shuksham/Self-Moving-Car/ros2_ws/install/my_car_description/share/my_car_description/environment/ament_prefix_path.dsv
[1.448s] -- Up-to-date symlink: /home/shuksham/Self-Moving-Car/ros2_ws/install/my_car_description/share/my_car_description/environment/path.sh
[1.448s] -- Up-to-date symlink: /home/shuksham/Self-Moving-Car/ros2_ws/install/my_car_description/share/my_car_description/environment/path.dsv
[1.448s] -- Up-to-date symlink: /home/shuksham/Self-Moving-Car/ros2_ws/install/my_car_description/share/my_car_description/local_setup.bash
[1.448s] -- Up-to-date symlink: /home/shuksham/Self-Moving-Car/ros2_ws/install/my_car_description/share/my_car_description/local_setup.sh
[1.448s] -- Up-to-date symlink: /home/shuksham/Self-Moving-Car/ros2_ws/install/my_car_description/share/my_car_description/local_setup.zsh
[1.448s] -- Up-to-date symlink: /home/shuksham/Self-Moving-Car/ros2_ws/install/my_car_description/share/my_car_description/local_setup.dsv
[1.448s] -- Symlinking: /home/shuksham/Self-Moving-Car/ros2_ws/install/my_car_description/share/my_car_description/package.dsv
[1.462s] -- Up-to-date symlink: /home/shuksham/Self-Moving-Car/ros2_ws/install/my_car_description/share/ament_index/resource_index/packages/my_car_description
[1.462s] -- Up-to-date symlink: /home/shuksham/Self-Moving-Car/ros2_ws/install/my_car_description/share/my_car_description/cmake/my_car_descriptionConfig.cmake
[1.462s] -- Up-to-date symlink: /home/shuksham/Self-Moving-Car/ros2_ws/install/my_car_description/share/my_car_description/cmake/my_car_descriptionConfig-version.cmake
[1.463s] -- Up-to-date symlink: /home/shuksham/Self-Moving-Car/ros2_ws/install/my_car_description/share/my_car_description/package.xml
[1.466s] Invoked command in '/home/shuksham/Self-Moving-Car/ros2_ws/build/my_car_description' returned '0': CMAKE_PREFIX_PATH=${CMAKE_PREFIX_PATH}:/home/shuksham/Self-Moving-Car/ros2_ws/install/circular_drive_controller:/opt/ros/humble /usr/bin/cmake --install /home/shuksham/Self-Moving-Car/ros2_ws/build/my_car_description
