[0.364s] DEBUG:colcon:Command line arguments: ['/usr/bin/colcon', 'build']
[0.365s] DEBUG:colcon:Parsed command line arguments: Namespace(log_base=None, log_level=None, verb_name='build', build_base='build', install_base='install', merge_install=False, symlink_install=False, test_result_base=None, continue_on_error=False, executor='parallel', parallel_workers=8, event_handlers=None, ignore_user_meta=False, metas=['./colcon.meta'], base_paths=['.'], packages_ignore=None, packages_ignore_regex=None, paths=None, packages_up_to=None, packages_up_to_regex=None, packages_above=None, packages_above_and_dependencies=None, packages_above_depth=None, packages_select_by_dep=None, packages_skip_by_dep=None, packages_skip_up_to=None, packages_select_build_failed=False, packages_skip_build_finished=False, packages_select_test_failures=False, packages_skip_test_passed=False, packages_select=None, packages_skip=None, packages_select_regex=None, packages_skip_regex=None, packages_start=None, packages_end=None, allow_overriding=[], cmake_args=None, cmake_target=None, cmake_target_skip_unavailable=False, cmake_clean_cache=False, cmake_clean_first=False, cmake_force_configure=False, ament_cmake_args=None, catkin_cmake_args=None, catkin_skip_building_tests=False, verb_parser=<colcon_defaults.argument_parser.defaults.DefaultArgumentsDecorator object at 0x7b39d3acb5e0>, verb_extension=<colcon_core.verb.build.BuildVerb object at 0x7b39d3cd0d30>, main=<bound method BuildVerb.main of <colcon_core.verb.build.BuildVerb object at 0x7b39d3cd0d30>>)
[0.589s] Level 1:colcon.colcon_core.package_discovery:discover_packages(colcon_meta) check parameters
[0.589s] Level 1:colcon.colcon_core.package_discovery:discover_packages(recursive) check parameters
[0.589s] Level 1:colcon.colcon_core.package_discovery:discover_packages(ignore) check parameters
[0.589s] Level 1:colcon.colcon_core.package_discovery:discover_packages(path) check parameters
[0.589s] Level 1:colcon.colcon_core.package_discovery:discover_packages(colcon_meta) discover
[0.589s] Level 1:colcon.colcon_core.package_discovery:discover_packages(recursive) discover
[0.589s] INFO:colcon.colcon_core.package_discovery:Crawling recursively for packages in '/home/shuksham/Self-Moving-Car/ros2_ws'
[0.589s] Level 1:colcon.colcon_core.package_identification:_identify(.) by extensions ['ignore', 'ignore_ament_install']
[0.589s] Level 1:colcon.colcon_core.package_identification:_identify(.) by extension 'ignore'
[0.589s] Level 1:colcon.colcon_core.package_identification:_identify(.) by extension 'ignore_ament_install'
[0.589s] Level 1:colcon.colcon_core.package_identification:_identify(.) by extensions ['colcon_pkg']
[0.589s] Level 1:colcon.colcon_core.package_identification:_identify(.) by extension 'colcon_pkg'
[0.589s] Level 1:colcon.colcon_core.package_identification:_identify(.) by extensions ['colcon_meta']
[0.589s] Level 1:colcon.colcon_core.package_identification:_identify(.) by extension 'colcon_meta'
[0.590s] Level 1:colcon.colcon_core.package_identification:_identify(.) by extensions ['ros']
[0.590s] Level 1:colcon.colcon_core.package_identification:_identify(.) by extension 'ros'
[0.606s] Level 1:colcon.colcon_core.package_identification:_identify(.) by extensions ['cmake', 'python']
[0.606s] Level 1:colcon.colcon_core.package_identification:_identify(.) by extension 'cmake'
[0.606s] Level 1:colcon.colcon_core.package_identification:_identify(.) by extension 'python'
[0.606s] Level 1:colcon.colcon_core.package_identification:_identify(.) by extensions ['python_setup_py']
[0.606s] Level 1:colcon.colcon_core.package_identification:_identify(.) by extension 'python_setup_py'
[0.606s] Level 1:colcon.colcon_core.package_identification:_identify(build) by extensions ['ignore', 'ignore_ament_install']
[0.607s] Level 1:colcon.colcon_core.package_identification:_identify(build) by extension 'ignore'
[0.607s] Level 1:colcon.colcon_core.package_identification:_identify(build) ignored
[0.607s] Level 1:colcon.colcon_core.package_identification:_identify(install) by extensions ['ignore', 'ignore_ament_install']
[0.607s] Level 1:colcon.colcon_core.package_identification:_identify(install) by extension 'ignore'
[0.607s] Level 1:colcon.colcon_core.package_identification:_identify(install) ignored
[0.607s] Level 1:colcon.colcon_core.package_identification:_identify(log) by extensions ['ignore', 'ignore_ament_install']
[0.607s] Level 1:colcon.colcon_core.package_identification:_identify(log) by extension 'ignore'
[0.607s] Level 1:colcon.colcon_core.package_identification:_identify(log) ignored
[0.607s] Level 1:colcon.colcon_core.package_identification:_identify(src) by extensions ['ignore', 'ignore_ament_install']
[0.607s] Level 1:colcon.colcon_core.package_identification:_identify(src) by extension 'ignore'
[0.607s] Level 1:colcon.colcon_core.package_identification:_identify(src) by extension 'ignore_ament_install'
[0.607s] Level 1:colcon.colcon_core.package_identification:_identify(src) by extensions ['colcon_pkg']
[0.607s] Level 1:colcon.colcon_core.package_identification:_identify(src) by extension 'colcon_pkg'
[0.607s] Level 1:colcon.colcon_core.package_identification:_identify(src) by extensions ['colcon_meta']
[0.607s] Level 1:colcon.colcon_core.package_identification:_identify(src) by extension 'colcon_meta'
[0.607s] Level 1:colcon.colcon_core.package_identification:_identify(src) by extensions ['ros']
[0.607s] Level 1:colcon.colcon_core.package_identification:_identify(src) by extension 'ros'
[0.607s] Level 1:colcon.colcon_core.package_identification:_identify(src) by extensions ['cmake', 'python']
[0.607s] Level 1:colcon.colcon_core.package_identification:_identify(src) by extension 'cmake'
[0.607s] Level 1:colcon.colcon_core.package_identification:_identify(src) by extension 'python'
[0.607s] Level 1:colcon.colcon_core.package_identification:_identify(src) by extensions ['python_setup_py']
[0.607s] Level 1:colcon.colcon_core.package_identification:_identify(src) by extension 'python_setup_py'
[0.608s] Level 1:colcon.colcon_core.package_identification:_identify(src/circular_drive_controller) by extensions ['ignore', 'ignore_ament_install']
[0.608s] Level 1:colcon.colcon_core.package_identification:_identify(src/circular_drive_controller) by extension 'ignore'
[0.608s] Level 1:colcon.colcon_core.package_identification:_identify(src/circular_drive_controller) by extension 'ignore_ament_install'
[0.608s] Level 1:colcon.colcon_core.package_identification:_identify(src/circular_drive_controller) by extensions ['colcon_pkg']
[0.608s] Level 1:colcon.colcon_core.package_identification:_identify(src/circular_drive_controller) by extension 'colcon_pkg'
[0.608s] Level 1:colcon.colcon_core.package_identification:_identify(src/circular_drive_controller) by extensions ['colcon_meta']
[0.608s] Level 1:colcon.colcon_core.package_identification:_identify(src/circular_drive_controller) by extension 'colcon_meta'
[0.608s] Level 1:colcon.colcon_core.package_identification:_identify(src/circular_drive_controller) by extensions ['ros']
[0.608s] Level 1:colcon.colcon_core.package_identification:_identify(src/circular_drive_controller) by extension 'ros'
[0.614s] DEBUG:colcon.colcon_core.package_identification:Package 'src/circular_drive_controller' with type 'ros.ament_python' and name 'circular_drive_controller'
[0.614s] Level 1:colcon.colcon_core.package_identification:_identify(src/my_car_description) by extensions ['ignore', 'ignore_ament_install']
[0.615s] Level 1:colcon.colcon_core.package_identification:_identify(src/my_car_description) by extension 'ignore'
[0.615s] Level 1:colcon.colcon_core.package_identification:_identify(src/my_car_description) by extension 'ignore_ament_install'
[0.616s] Level 1:colcon.colcon_core.package_identification:_identify(src/my_car_description) by extensions ['colcon_pkg']
[0.616s] Level 1:colcon.colcon_core.package_identification:_identify(src/my_car_description) by extension 'colcon_pkg'
[0.616s] Level 1:colcon.colcon_core.package_identification:_identify(src/my_car_description) by extensions ['colcon_meta']
[0.616s] Level 1:colcon.colcon_core.package_identification:_identify(src/my_car_description) by extension 'colcon_meta'
[0.616s] Level 1:colcon.colcon_core.package_identification:_identify(src/my_car_description) by extensions ['ros']
[0.616s] Level 1:colcon.colcon_core.package_identification:_identify(src/my_car_description) by extension 'ros'
[0.617s] DEBUG:colcon.colcon_core.package_identification:Package 'src/my_car_description' with type 'ros.ament_cmake' and name 'my_car_description'
[0.618s] Level 1:colcon.colcon_core.package_discovery:discover_packages(recursive) using defaults
[0.618s] Level 1:colcon.colcon_core.package_discovery:discover_packages(ignore) discover
[0.618s] Level 1:colcon.colcon_core.package_discovery:discover_packages(ignore) using defaults
[0.618s] Level 1:colcon.colcon_core.package_discovery:discover_packages(path) discover
[0.618s] Level 1:colcon.colcon_core.package_discovery:discover_packages(path) using defaults
[0.664s] Level 1:colcon.colcon_core.package_discovery:discover_packages(prefix_path) check parameters
[0.665s] Level 1:colcon.colcon_core.package_discovery:discover_packages(prefix_path) discover
[0.680s] DEBUG:colcon.colcon_installed_package_information.package_discovery:Found 321 installed packages in /opt/ros/humble
[0.730s] Level 1:colcon.colcon_core.package_discovery:discover_packages(prefix_path) using defaults
[0.881s] Level 5:colcon.colcon_core.verb:set package 'circular_drive_controller' build argument 'cmake_args' from command line to 'None'
[0.882s] Level 5:colcon.colcon_core.verb:set package 'circular_drive_controller' build argument 'cmake_target' from command line to 'None'
[0.882s] Level 5:colcon.colcon_core.verb:set package 'circular_drive_controller' build argument 'cmake_target_skip_unavailable' from command line to 'False'
[0.882s] Level 5:colcon.colcon_core.verb:set package 'circular_drive_controller' build argument 'cmake_clean_cache' from command line to 'False'
[0.882s] Level 5:colcon.colcon_core.verb:set package 'circular_drive_controller' build argument 'cmake_clean_first' from command line to 'False'
[0.882s] Level 5:colcon.colcon_core.verb:set package 'circular_drive_controller' build argument 'cmake_force_configure' from command line to 'False'
[0.882s] Level 5:colcon.colcon_core.verb:set package 'circular_drive_controller' build argument 'ament_cmake_args' from command line to 'None'
[0.882s] Level 5:colcon.colcon_core.verb:set package 'circular_drive_controller' build argument 'catkin_cmake_args' from command line to 'None'
[0.882s] Level 5:colcon.colcon_core.verb:set package 'circular_drive_controller' build argument 'catkin_skip_building_tests' from command line to 'False'
[0.882s] DEBUG:colcon.colcon_core.verb:Building package 'circular_drive_controller' with the following arguments: {'ament_cmake_args': None, 'build_base': '/home/shuksham/Self-Moving-Car/ros2_ws/build/circular_drive_controller', 'catkin_cmake_args': None, 'catkin_skip_building_tests': False, 'cmake_args': None, 'cmake_clean_cache': False, 'cmake_clean_first': False, 'cmake_force_configure': False, 'cmake_target': None, 'cmake_target_skip_unavailable': False, 'install_base': '/home/shuksham/Self-Moving-Car/ros2_ws/install/circular_drive_controller', 'merge_install': False, 'path': '/home/shuksham/Self-Moving-Car/ros2_ws/src/circular_drive_controller', 'symlink_install': False, 'test_result_base': None}
[0.883s] Level 5:colcon.colcon_core.verb:set package 'my_car_description' build argument 'cmake_args' from command line to 'None'
[0.883s] Level 5:colcon.colcon_core.verb:set package 'my_car_description' build argument 'cmake_target' from command line to 'None'
[0.883s] Level 5:colcon.colcon_core.verb:set package 'my_car_description' build argument 'cmake_target_skip_unavailable' from command line to 'False'
[0.883s] Level 5:colcon.colcon_core.verb:set package 'my_car_description' build argument 'cmake_clean_cache' from command line to 'False'
[0.883s] Level 5:colcon.colcon_core.verb:set package 'my_car_description' build argument 'cmake_clean_first' from command line to 'False'
[0.883s] Level 5:colcon.colcon_core.verb:set package 'my_car_description' build argument 'cmake_force_configure' from command line to 'False'
[0.883s] Level 5:colcon.colcon_core.verb:set package 'my_car_description' build argument 'ament_cmake_args' from command line to 'None'
[0.883s] Level 5:colcon.colcon_core.verb:set package 'my_car_description' build argument 'catkin_cmake_args' from command line to 'None'
[0.883s] Level 5:colcon.colcon_core.verb:set package 'my_car_description' build argument 'catkin_skip_building_tests' from command line to 'False'
[0.883s] DEBUG:colcon.colcon_core.verb:Building package 'my_car_description' with the following arguments: {'ament_cmake_args': None, 'build_base': '/home/shuksham/Self-Moving-Car/ros2_ws/build/my_car_description', 'catkin_cmake_args': None, 'catkin_skip_building_tests': False, 'cmake_args': None, 'cmake_clean_cache': False, 'cmake_clean_first': False, 'cmake_force_configure': False, 'cmake_target': None, 'cmake_target_skip_unavailable': False, 'install_base': '/home/shuksham/Self-Moving-Car/ros2_ws/install/my_car_description', 'merge_install': False, 'path': '/home/shuksham/Self-Moving-Car/ros2_ws/src/my_car_description', 'symlink_install': False, 'test_result_base': None}
[0.883s] INFO:colcon.colcon_core.executor:Executing jobs using 'parallel' executor
[0.885s] DEBUG:colcon.colcon_parallel_executor.executor.parallel:run_until_complete
[0.885s] INFO:colcon.colcon_ros.task.ament_python.build:Building ROS package in '/home/shuksham/Self-Moving-Car/ros2_ws/src/circular_drive_controller' with build type 'ament_python'
[0.885s] Level 1:colcon.colcon_core.shell:create_environment_hook('circular_drive_controller', 'ament_prefix_path')
[0.889s] INFO:colcon.colcon_core.plugin_system:Skipping extension 'colcon_core.shell.bat': Not used on non-Windows systems
[0.889s] INFO:colcon.colcon_core.shell:Creating environment hook '/home/shuksham/Self-Moving-Car/ros2_ws/install/circular_drive_controller/share/circular_drive_controller/hook/ament_prefix_path.ps1'
[0.892s] INFO:colcon.colcon_core.shell:Creating environment descriptor '/home/shuksham/Self-Moving-Car/ros2_ws/install/circular_drive_controller/share/circular_drive_controller/hook/ament_prefix_path.dsv'
[0.897s] INFO:colcon.colcon_core.shell:Creating environment hook '/home/shuksham/Self-Moving-Car/ros2_ws/install/circular_drive_controller/share/circular_drive_controller/hook/ament_prefix_path.sh'
[0.899s] INFO:colcon.colcon_core.shell:Skip shell extension 'powershell' for command environment: Not usable outside of PowerShell
[0.899s] DEBUG:colcon.colcon_core.shell:Skip shell extension 'dsv' for command environment
[0.903s] INFO:colcon.colcon_ros.task.ament_cmake.build:Building ROS package in '/home/shuksham/Self-Moving-Car/ros2_ws/src/my_car_description' with build type 'ament_cmake'
[0.904s] INFO:colcon.colcon_cmake.task.cmake.build:Building CMake package in '/home/shuksham/Self-Moving-Car/ros2_ws/src/my_car_description'
[0.906s] INFO:colcon.colcon_core.shell:Skip shell extension 'powershell' for command environment: Not usable outside of PowerShell
[0.908s] DEBUG:colcon.colcon_core.shell:Skip shell extension 'dsv' for command environment
[1.388s] INFO:colcon.colcon_core.task.python.build:Building Python package in '/home/shuksham/Self-Moving-Car/ros2_ws/src/circular_drive_controller'
[1.389s] INFO:colcon.colcon_core.shell:Skip shell extension 'powershell' for command environment: Not usable outside of PowerShell
[1.389s] DEBUG:colcon.colcon_core.shell:Skip shell extension 'dsv' for command environment
[1.430s] DEBUG:colcon.colcon_core.event_handler.log_command:Invoking command in '/home/shuksham/Self-Moving-Car/ros2_ws/build/my_car_description': CMAKE_PREFIX_PATH=/opt/ros/humble /usr/bin/cmake /home/shuksham/Self-Moving-Car/ros2_ws/src/my_car_description -DCMAKE_INSTALL_PREFIX=/home/shuksham/Self-Moving-Car/ros2_ws/install/my_car_description
[1.842s] DEBUG:colcon.colcon_core.event_handler.log_command:Invoked command in '/home/shuksham/Self-Moving-Car/ros2_ws/build/my_car_description' returned '0': CMAKE_PREFIX_PATH=/opt/ros/humble /usr/bin/cmake /home/shuksham/Self-Moving-Car/ros2_ws/src/my_car_description -DCMAKE_INSTALL_PREFIX=/home/shuksham/Self-Moving-Car/ros2_ws/install/my_car_description
[1.846s] DEBUG:colcon.colcon_core.event_handler.log_command:Invoking command in '/home/shuksham/Self-Moving-Car/ros2_ws/build/my_car_description': CMAKE_PREFIX_PATH=/opt/ros/humble /usr/bin/cmake --build /home/shuksham/Self-Moving-Car/ros2_ws/build/my_car_description -- -j8 -l8
[1.900s] DEBUG:colcon.colcon_core.event_handler.log_command:Invoked command in '/home/shuksham/Self-Moving-Car/ros2_ws/build/my_car_description' returned '0': CMAKE_PREFIX_PATH=/opt/ros/humble /usr/bin/cmake --build /home/shuksham/Self-Moving-Car/ros2_ws/build/my_car_description -- -j8 -l8
[1.921s] DEBUG:colcon.colcon_core.event_handler.log_command:Invoking command in '/home/shuksham/Self-Moving-Car/ros2_ws/build/my_car_description': CMAKE_PREFIX_PATH=/opt/ros/humble /usr/bin/cmake --install /home/shuksham/Self-Moving-Car/ros2_ws/build/my_car_description
[1.967s] Level 1:colcon.colcon_core.environment:create_environment_scripts_only(my_car_description)
[1.969s] DEBUG:colcon.colcon_core.event_handler.log_command:Invoked command in '/home/shuksham/Self-Moving-Car/ros2_ws/build/my_car_description' returned '0': CMAKE_PREFIX_PATH=/opt/ros/humble /usr/bin/cmake --install /home/shuksham/Self-Moving-Car/ros2_ws/build/my_car_description
[1.973s] Level 1:colcon.colcon_core.environment:checking '/home/shuksham/Self-Moving-Car/ros2_ws/install/my_car_description' for CMake module files
[1.974s] Level 1:colcon.colcon_core.environment:checking '/home/shuksham/Self-Moving-Car/ros2_ws/install/my_car_description' for CMake config files
[1.975s] Level 1:colcon.colcon_core.shell:create_environment_hook('my_car_description', 'cmake_prefix_path')
[1.976s] INFO:colcon.colcon_core.shell:Creating environment hook '/home/shuksham/Self-Moving-Car/ros2_ws/install/my_car_description/share/my_car_description/hook/cmake_prefix_path.ps1'
[1.978s] INFO:colcon.colcon_core.shell:Creating environment descriptor '/home/shuksham/Self-Moving-Car/ros2_ws/install/my_car_description/share/my_car_description/hook/cmake_prefix_path.dsv'
[1.983s] INFO:colcon.colcon_core.shell:Creating environment hook '/home/shuksham/Self-Moving-Car/ros2_ws/install/my_car_description/share/my_car_description/hook/cmake_prefix_path.sh'
[1.987s] Level 1:colcon.colcon_core.environment:checking '/home/shuksham/Self-Moving-Car/ros2_ws/install/my_car_description/bin'
[1.987s] Level 1:colcon.colcon_core.environment:checking '/home/shuksham/Self-Moving-Car/ros2_ws/install/my_car_description/lib/pkgconfig/my_car_description.pc'
[1.987s] Level 1:colcon.colcon_core.environment:checking '/home/shuksham/Self-Moving-Car/ros2_ws/install/my_car_description/lib/python3.10/site-packages'
[1.988s] Level 1:colcon.colcon_core.environment:checking '/home/shuksham/Self-Moving-Car/ros2_ws/install/my_car_description/bin'
[1.988s] INFO:colcon.colcon_core.shell:Creating package script '/home/shuksham/Self-Moving-Car/ros2_ws/install/my_car_description/share/my_car_description/package.ps1'
[1.989s] INFO:colcon.colcon_core.shell:Creating package descriptor '/home/shuksham/Self-Moving-Car/ros2_ws/install/my_car_description/share/my_car_description/package.dsv'
[1.990s] INFO:colcon.colcon_core.shell:Creating package script '/home/shuksham/Self-Moving-Car/ros2_ws/install/my_car_description/share/my_car_description/package.sh'
[1.992s] INFO:colcon.colcon_core.shell:Creating package script '/home/shuksham/Self-Moving-Car/ros2_ws/install/my_car_description/share/my_car_description/package.bash'
[1.996s] INFO:colcon.colcon_core.shell:Creating package script '/home/shuksham/Self-Moving-Car/ros2_ws/install/my_car_description/share/my_car_description/package.zsh'
[1.997s] Level 1:colcon.colcon_core.environment:create_file_with_runtime_dependencies(/home/shuksham/Self-Moving-Car/ros2_ws/install/my_car_description/share/colcon-core/packages/my_car_description)
[1.999s] Level 1:colcon.colcon_core.environment:create_environment_scripts_only(my_car_description)
[1.999s] Level 1:colcon.colcon_core.environment:checking '/home/shuksham/Self-Moving-Car/ros2_ws/install/my_car_description' for CMake module files
[2.000s] Level 1:colcon.colcon_core.environment:checking '/home/shuksham/Self-Moving-Car/ros2_ws/install/my_car_description' for CMake config files
[2.001s] Level 1:colcon.colcon_core.shell:create_environment_hook('my_car_description', 'cmake_prefix_path')
[2.001s] INFO:colcon.colcon_core.shell:Creating environment hook '/home/shuksham/Self-Moving-Car/ros2_ws/install/my_car_description/share/my_car_description/hook/cmake_prefix_path.ps1'
[2.025s] INFO:colcon.colcon_core.shell:Creating environment descriptor '/home/shuksham/Self-Moving-Car/ros2_ws/install/my_car_description/share/my_car_description/hook/cmake_prefix_path.dsv'
[2.027s] INFO:colcon.colcon_core.shell:Creating environment hook '/home/shuksham/Self-Moving-Car/ros2_ws/install/my_car_description/share/my_car_description/hook/cmake_prefix_path.sh'
[2.029s] Level 1:colcon.colcon_core.environment:checking '/home/shuksham/Self-Moving-Car/ros2_ws/install/my_car_description/bin'
[2.030s] Level 1:colcon.colcon_core.environment:checking '/home/shuksham/Self-Moving-Car/ros2_ws/install/my_car_description/lib/pkgconfig/my_car_description.pc'
[2.030s] Level 1:colcon.colcon_core.environment:checking '/home/shuksham/Self-Moving-Car/ros2_ws/install/my_car_description/lib/python3.10/site-packages'
[2.031s] Level 1:colcon.colcon_core.environment:checking '/home/shuksham/Self-Moving-Car/ros2_ws/install/my_car_description/bin'
[2.032s] INFO:colcon.colcon_core.shell:Creating package script '/home/shuksham/Self-Moving-Car/ros2_ws/install/my_car_description/share/my_car_description/package.ps1'
[2.035s] INFO:colcon.colcon_core.shell:Creating package descriptor '/home/shuksham/Self-Moving-Car/ros2_ws/install/my_car_description/share/my_car_description/package.dsv'
[2.037s] INFO:colcon.colcon_core.shell:Creating package script '/home/shuksham/Self-Moving-Car/ros2_ws/install/my_car_description/share/my_car_description/package.sh'
[2.040s] INFO:colcon.colcon_core.shell:Creating package script '/home/shuksham/Self-Moving-Car/ros2_ws/install/my_car_description/share/my_car_description/package.bash'
[2.041s] INFO:colcon.colcon_core.shell:Creating package script '/home/shuksham/Self-Moving-Car/ros2_ws/install/my_car_description/share/my_car_description/package.zsh'
[2.045s] Level 1:colcon.colcon_core.environment:create_file_with_runtime_dependencies(/home/shuksham/Self-Moving-Car/ros2_ws/install/my_car_description/share/colcon-core/packages/my_car_description)
[2.064s] DEBUG:colcon.colcon_core.event_handler.log_command:Invoking command in '/home/shuksham/Self-Moving-Car/ros2_ws/build/circular_drive_controller': PYTHONPATH=/home/shuksham/Self-Moving-Car/ros2_ws/build/circular_drive_controller/prefix_override:/usr/lib/python3/dist-packages/colcon_core/task/python/colcon_distutils_commands:/home/shuksham/Self-Moving-Car/ros2_ws/install/circular_drive_controller/lib/python3.10/site-packages:${PYTHONPATH} /usr/bin/python3 -W ignore:setup.py install is deprecated -W ignore:easy_install command is deprecated setup.py develop --uninstall --editable --build-directory /home/shuksham/Self-Moving-Car/ros2_ws/build/circular_drive_controller/build
[2.931s] DEBUG:colcon.colcon_core.event_handler.log_command:Invoked command in '/home/shuksham/Self-Moving-Car/ros2_ws/build/circular_drive_controller' returned '0': PYTHONPATH=/home/shuksham/Self-Moving-Car/ros2_ws/build/circular_drive_controller/prefix_override:/usr/lib/python3/dist-packages/colcon_core/task/python/colcon_distutils_commands:/home/shuksham/Self-Moving-Car/ros2_ws/install/circular_drive_controller/lib/python3.10/site-packages:${PYTHONPATH} /usr/bin/python3 -W ignore:setup.py install is deprecated -W ignore:easy_install command is deprecated setup.py develop --uninstall --editable --build-directory /home/shuksham/Self-Moving-Car/ros2_ws/build/circular_drive_controller/build
[2.946s] DEBUG:colcon.colcon_core.event_handler.log_command:Invoking command in '/home/shuksham/Self-Moving-Car/ros2_ws/src/circular_drive_controller': PYTHONPATH=/home/shuksham/Self-Moving-Car/ros2_ws/build/circular_drive_controller/prefix_override:/usr/lib/python3/dist-packages/colcon_core/task/python/colcon_distutils_commands:/home/shuksham/Self-Moving-Car/ros2_ws/install/circular_drive_controller/lib/python3.10/site-packages:${PYTHONPATH} /usr/bin/python3 -W ignore:setup.py install is deprecated -W ignore:easy_install command is deprecated setup.py egg_info --egg-base ../../build/circular_drive_controller build --build-base /home/shuksham/Self-Moving-Car/ros2_ws/build/circular_drive_controller/build install --record /home/shuksham/Self-Moving-Car/ros2_ws/build/circular_drive_controller/install.log --single-version-externally-managed install_data --force
[3.721s] Level 1:colcon.colcon_core.environment:checking '/home/shuksham/Self-Moving-Car/ros2_ws/install/circular_drive_controller' for CMake module files
[3.725s] DEBUG:colcon.colcon_core.event_handler.log_command:Invoked command in '/home/shuksham/Self-Moving-Car/ros2_ws/src/circular_drive_controller' returned '0': PYTHONPATH=/home/shuksham/Self-Moving-Car/ros2_ws/build/circular_drive_controller/prefix_override:/usr/lib/python3/dist-packages/colcon_core/task/python/colcon_distutils_commands:/home/shuksham/Self-Moving-Car/ros2_ws/install/circular_drive_controller/lib/python3.10/site-packages:${PYTHONPATH} /usr/bin/python3 -W ignore:setup.py install is deprecated -W ignore:easy_install command is deprecated setup.py egg_info --egg-base ../../build/circular_drive_controller build --build-base /home/shuksham/Self-Moving-Car/ros2_ws/build/circular_drive_controller/build install --record /home/shuksham/Self-Moving-Car/ros2_ws/build/circular_drive_controller/install.log --single-version-externally-managed install_data --force
[3.727s] Level 1:colcon.colcon_core.environment:checking '/home/shuksham/Self-Moving-Car/ros2_ws/install/circular_drive_controller' for CMake config files
[3.730s] Level 1:colcon.colcon_core.environment:checking '/home/shuksham/Self-Moving-Car/ros2_ws/install/circular_drive_controller/lib'
[3.731s] Level 1:colcon.colcon_core.environment:checking '/home/shuksham/Self-Moving-Car/ros2_ws/install/circular_drive_controller/bin'
[3.732s] Level 1:colcon.colcon_core.environment:checking '/home/shuksham/Self-Moving-Car/ros2_ws/install/circular_drive_controller/lib/pkgconfig/circular_drive_controller.pc'
[3.733s] Level 1:colcon.colcon_core.environment:checking '/home/shuksham/Self-Moving-Car/ros2_ws/install/circular_drive_controller/lib/python3.10/site-packages'
[3.733s] Level 1:colcon.colcon_core.shell:create_environment_hook('circular_drive_controller', 'pythonpath')
[3.734s] INFO:colcon.colcon_core.shell:Creating environment hook '/home/shuksham/Self-Moving-Car/ros2_ws/install/circular_drive_controller/share/circular_drive_controller/hook/pythonpath.ps1'
[3.738s] INFO:colcon.colcon_core.shell:Creating environment descriptor '/home/shuksham/Self-Moving-Car/ros2_ws/install/circular_drive_controller/share/circular_drive_controller/hook/pythonpath.dsv'
[3.740s] INFO:colcon.colcon_core.shell:Creating environment hook '/home/shuksham/Self-Moving-Car/ros2_ws/install/circular_drive_controller/share/circular_drive_controller/hook/pythonpath.sh'
[3.745s] Level 1:colcon.colcon_core.environment:checking '/home/shuksham/Self-Moving-Car/ros2_ws/install/circular_drive_controller/bin'
[3.745s] Level 1:colcon.colcon_core.environment:create_environment_scripts_only(circular_drive_controller)
[3.746s] INFO:colcon.colcon_core.shell:Creating package script '/home/shuksham/Self-Moving-Car/ros2_ws/install/circular_drive_controller/share/circular_drive_controller/package.ps1'
[3.749s] INFO:colcon.colcon_core.shell:Creating package descriptor '/home/shuksham/Self-Moving-Car/ros2_ws/install/circular_drive_controller/share/circular_drive_controller/package.dsv'
[3.750s] INFO:colcon.colcon_core.shell:Creating package script '/home/shuksham/Self-Moving-Car/ros2_ws/install/circular_drive_controller/share/circular_drive_controller/package.sh'
[3.752s] INFO:colcon.colcon_core.shell:Creating package script '/home/shuksham/Self-Moving-Car/ros2_ws/install/circular_drive_controller/share/circular_drive_controller/package.bash'
[3.754s] INFO:colcon.colcon_core.shell:Creating package script '/home/shuksham/Self-Moving-Car/ros2_ws/install/circular_drive_controller/share/circular_drive_controller/package.zsh'
[3.757s] Level 1:colcon.colcon_core.environment:create_file_with_runtime_dependencies(/home/shuksham/Self-Moving-Car/ros2_ws/install/circular_drive_controller/share/colcon-core/packages/circular_drive_controller)
[3.761s] DEBUG:colcon.colcon_parallel_executor.executor.parallel:closing loop
[3.762s] DEBUG:colcon.colcon_parallel_executor.executor.parallel:loop closed
[3.763s] DEBUG:colcon.colcon_parallel_executor.executor.parallel:run_until_complete finished with '0'
[3.764s] DEBUG:colcon.colcon_core.event_reactor:joining thread
[3.863s] INFO:colcon.colcon_core.plugin_system:Skipping extension 'colcon_notification.desktop_notification.notify_send': Could not find 'notify-send'
[3.864s] INFO:colcon.colcon_core.plugin_system:Skipping extension 'colcon_notification.desktop_notification.terminal_notifier': Not used on non-Darwin systems
[3.864s] INFO:colcon.colcon_core.plugin_system:Skipping extension 'colcon_notification.desktop_notification.win32': Not used on non-Windows systems
[3.865s] INFO:colcon.colcon_notification.desktop_notification:Sending desktop notification using 'notify2'
[3.865s] DEBUG:colcon.colcon_notification.desktop_notification.notify2:Failed to initialize notify2: org.freedesktop.DBus.Error.FileNotFound: Failed to connect to socket /run/user/1000/bus: No such file or directory
[3.865s] DEBUG:colcon.colcon_core.event_reactor:joined thread
[3.867s] INFO:colcon.colcon_core.shell:Creating prefix script '/home/shuksham/Self-Moving-Car/ros2_ws/install/local_setup.ps1'
[3.870s] INFO:colcon.colcon_core.shell:Creating prefix util module '/home/shuksham/Self-Moving-Car/ros2_ws/install/_local_setup_util_ps1.py'
[3.876s] INFO:colcon.colcon_core.shell:Creating prefix chain script '/home/shuksham/Self-Moving-Car/ros2_ws/install/setup.ps1'
[3.879s] INFO:colcon.colcon_core.shell:Creating prefix script '/home/shuksham/Self-Moving-Car/ros2_ws/install/local_setup.sh'
[3.880s] INFO:colcon.colcon_core.shell:Creating prefix util module '/home/shuksham/Self-Moving-Car/ros2_ws/install/_local_setup_util_sh.py'
[3.882s] INFO:colcon.colcon_core.shell:Creating prefix chain script '/home/shuksham/Self-Moving-Car/ros2_ws/install/setup.sh'
[3.885s] INFO:colcon.colcon_core.shell:Creating prefix script '/home/shuksham/Self-Moving-Car/ros2_ws/install/local_setup.bash'
[3.886s] INFO:colcon.colcon_core.shell:Creating prefix chain script '/home/shuksham/Self-Moving-Car/ros2_ws/install/setup.bash'
[3.890s] INFO:colcon.colcon_core.shell:Creating prefix script '/home/shuksham/Self-Moving-Car/ros2_ws/install/local_setup.zsh'
[3.893s] INFO:colcon.colcon_core.shell:Creating prefix chain script '/home/shuksham/Self-Moving-Car/ros2_ws/install/setup.zsh'
