[0.680s] DEBUG:colcon:Command line arguments: ['/usr/bin/colcon', 'build', '--packages-select', 'circular_drive_controller']
[0.681s] DEBUG:colcon:Parsed command line arguments: Namespace(log_base=None, log_level=None, verb_name='build', build_base='build', install_base='install', merge_install=False, symlink_install=False, test_result_base=None, continue_on_error=False, executor='parallel', parallel_workers=4, event_handlers=None, ignore_user_meta=False, metas=['./colcon.meta'], base_paths=['.'], packages_ignore=None, packages_ignore_regex=None, paths=None, packages_up_to=None, packages_up_to_regex=None, packages_above=None, packages_above_and_dependencies=None, packages_above_depth=None, packages_select_by_dep=None, packages_skip_by_dep=None, packages_skip_up_to=None, packages_select_build_failed=False, packages_skip_build_finished=False, packages_select_test_failures=False, packages_skip_test_passed=False, packages_select=['circular_drive_controller'], packages_skip=None, packages_select_regex=None, packages_skip_regex=None, packages_start=None, packages_end=None, allow_overriding=[], cmake_args=None, cmake_target=None, cmake_target_skip_unavailable=False, cmake_clean_cache=False, cmake_clean_first=False, cmake_force_configure=False, ament_cmake_args=None, catkin_cmake_args=None, catkin_skip_building_tests=False, verb_parser=<colcon_defaults.argument_parser.defaults.DefaultArgumentsDecorator object at 0x781f9f954a60>, verb_extension=<colcon_core.verb.build.BuildVerb object at 0x781f9f954550>, main=<bound method BuildVerb.main of <colcon_core.verb.build.BuildVerb object at 0x781f9f954550>>)
[1.731s] Level 1:colcon.colcon_core.package_discovery:discover_packages(colcon_meta) check parameters
[1.731s] Level 1:colcon.colcon_core.package_discovery:discover_packages(recursive) check parameters
[1.732s] Level 1:colcon.colcon_core.package_discovery:discover_packages(ignore) check parameters
[1.732s] Level 1:colcon.colcon_core.package_discovery:discover_packages(path) check parameters
[1.732s] Level 1:colcon.colcon_core.package_discovery:discover_packages(colcon_meta) discover
[1.732s] Level 1:colcon.colcon_core.package_discovery:discover_packages(recursive) discover
[1.732s] INFO:colcon.colcon_core.package_discovery:Crawling recursively for packages in '/home/kunal-singh/Desktop/Self_Moving_Car/ros2_ws'
[1.732s] Level 1:colcon.colcon_core.package_identification:_identify(.) by extensions ['ignore', 'ignore_ament_install']
[1.733s] Level 1:colcon.colcon_core.package_identification:_identify(.) by extension 'ignore'
[1.733s] Level 1:colcon.colcon_core.package_identification:_identify(.) by extension 'ignore_ament_install'
[1.733s] Level 1:colcon.colcon_core.package_identification:_identify(.) by extensions ['colcon_pkg']
[1.733s] Level 1:colcon.colcon_core.package_identification:_identify(.) by extension 'colcon_pkg'
[1.733s] Level 1:colcon.colcon_core.package_identification:_identify(.) by extensions ['colcon_meta']
[1.733s] Level 1:colcon.colcon_core.package_identification:_identify(.) by extension 'colcon_meta'
[1.733s] Level 1:colcon.colcon_core.package_identification:_identify(.) by extensions ['ros']
[1.733s] Level 1:colcon.colcon_core.package_identification:_identify(.) by extension 'ros'
[1.784s] Level 1:colcon.colcon_core.package_identification:_identify(.) by extensions ['cmake', 'python']
[1.784s] Level 1:colcon.colcon_core.package_identification:_identify(.) by extension 'cmake'
[1.785s] Level 1:colcon.colcon_core.package_identification:_identify(.) by extension 'python'
[1.785s] Level 1:colcon.colcon_core.package_identification:_identify(.) by extensions ['python_setup_py']
[1.785s] Level 1:colcon.colcon_core.package_identification:_identify(.) by extension 'python_setup_py'
[1.785s] Level 1:colcon.colcon_core.package_identification:_identify(build) by extensions ['ignore', 'ignore_ament_install']
[1.785s] Level 1:colcon.colcon_core.package_identification:_identify(build) by extension 'ignore'
[1.786s] Level 1:colcon.colcon_core.package_identification:_identify(build) ignored
[1.786s] Level 1:colcon.colcon_core.package_identification:_identify(install) by extensions ['ignore', 'ignore_ament_install']
[1.787s] Level 1:colcon.colcon_core.package_identification:_identify(install) by extension 'ignore'
[1.787s] Level 1:colcon.colcon_core.package_identification:_identify(install) ignored
[1.787s] Level 1:colcon.colcon_core.package_identification:_identify(log) by extensions ['ignore', 'ignore_ament_install']
[1.787s] Level 1:colcon.colcon_core.package_identification:_identify(log) by extension 'ignore'
[1.787s] Level 1:colcon.colcon_core.package_identification:_identify(log) ignored
[1.788s] Level 1:colcon.colcon_core.package_identification:_identify(src) by extensions ['ignore', 'ignore_ament_install']
[1.788s] Level 1:colcon.colcon_core.package_identification:_identify(src) by extension 'ignore'
[1.788s] Level 1:colcon.colcon_core.package_identification:_identify(src) by extension 'ignore_ament_install'
[1.788s] Level 1:colcon.colcon_core.package_identification:_identify(src) by extensions ['colcon_pkg']
[1.788s] Level 1:colcon.colcon_core.package_identification:_identify(src) by extension 'colcon_pkg'
[1.788s] Level 1:colcon.colcon_core.package_identification:_identify(src) by extensions ['colcon_meta']
[1.788s] Level 1:colcon.colcon_core.package_identification:_identify(src) by extension 'colcon_meta'
[1.788s] Level 1:colcon.colcon_core.package_identification:_identify(src) by extensions ['ros']
[1.788s] Level 1:colcon.colcon_core.package_identification:_identify(src) by extension 'ros'
[1.789s] Level 1:colcon.colcon_core.package_identification:_identify(src) by extensions ['cmake', 'python']
[1.789s] Level 1:colcon.colcon_core.package_identification:_identify(src) by extension 'cmake'
[1.789s] Level 1:colcon.colcon_core.package_identification:_identify(src) by extension 'python'
[1.790s] Level 1:colcon.colcon_core.package_identification:_identify(src) by extensions ['python_setup_py']
[1.791s] Level 1:colcon.colcon_core.package_identification:_identify(src) by extension 'python_setup_py'
[1.792s] Level 1:colcon.colcon_core.package_identification:_identify(src/circular_drive_controller) by extensions ['ignore', 'ignore_ament_install']
[1.794s] Level 1:colcon.colcon_core.package_identification:_identify(src/circular_drive_controller) by extension 'ignore'
[1.795s] Level 1:colcon.colcon_core.package_identification:_identify(src/circular_drive_controller) by extension 'ignore_ament_install'
[1.795s] Level 1:colcon.colcon_core.package_identification:_identify(src/circular_drive_controller) by extensions ['colcon_pkg']
[1.795s] Level 1:colcon.colcon_core.package_identification:_identify(src/circular_drive_controller) by extension 'colcon_pkg'
[1.795s] Level 1:colcon.colcon_core.package_identification:_identify(src/circular_drive_controller) by extensions ['colcon_meta']
[1.795s] Level 1:colcon.colcon_core.package_identification:_identify(src/circular_drive_controller) by extension 'colcon_meta'
[1.796s] Level 1:colcon.colcon_core.package_identification:_identify(src/circular_drive_controller) by extensions ['ros']
[1.796s] Level 1:colcon.colcon_core.package_identification:_identify(src/circular_drive_controller) by extension 'ros'
[1.807s] DEBUG:colcon.colcon_core.package_identification:Package 'src/circular_drive_controller' with type 'ros.ament_python' and name 'circular_drive_controller'
[1.808s] Level 1:colcon.colcon_core.package_identification:_identify(src/my_car_description) by extensions ['ignore', 'ignore_ament_install']
[1.808s] Level 1:colcon.colcon_core.package_identification:_identify(src/my_car_description) by extension 'ignore'
[1.808s] Level 1:colcon.colcon_core.package_identification:_identify(src/my_car_description) by extension 'ignore_ament_install'
[1.809s] Level 1:colcon.colcon_core.package_identification:_identify(src/my_car_description) by extensions ['colcon_pkg']
[1.809s] Level 1:colcon.colcon_core.package_identification:_identify(src/my_car_description) by extension 'colcon_pkg'
[1.809s] Level 1:colcon.colcon_core.package_identification:_identify(src/my_car_description) by extensions ['colcon_meta']
[1.809s] Level 1:colcon.colcon_core.package_identification:_identify(src/my_car_description) by extension 'colcon_meta'
[1.809s] Level 1:colcon.colcon_core.package_identification:_identify(src/my_car_description) by extensions ['ros']
[1.809s] Level 1:colcon.colcon_core.package_identification:_identify(src/my_car_description) by extension 'ros'
[1.811s] DEBUG:colcon.colcon_core.package_identification:Package 'src/my_car_description' with type 'ros.ament_cmake' and name 'my_car_description'
[1.811s] Level 1:colcon.colcon_core.package_discovery:discover_packages(recursive) using defaults
[1.811s] Level 1:colcon.colcon_core.package_discovery:discover_packages(ignore) discover
[1.811s] Level 1:colcon.colcon_core.package_discovery:discover_packages(ignore) using defaults
[1.811s] Level 1:colcon.colcon_core.package_discovery:discover_packages(path) discover
[1.811s] Level 1:colcon.colcon_core.package_discovery:discover_packages(path) using defaults
[1.907s] INFO:colcon.colcon_core.package_selection:Skipping not selected package 'my_car_description' in 'src/my_car_description'
[1.908s] Level 1:colcon.colcon_core.package_discovery:discover_packages(prefix_path) check parameters
[1.908s] Level 1:colcon.colcon_core.package_discovery:discover_packages(prefix_path) discover
[1.919s] DEBUG:colcon.colcon_installed_package_information.package_discovery:Found 322 installed packages in /opt/ros/humble
[1.924s] Level 1:colcon.colcon_core.package_discovery:discover_packages(prefix_path) using defaults
[2.100s] Level 5:colcon.colcon_core.verb:set package 'circular_drive_controller' build argument 'cmake_args' from command line to 'None'
[2.101s] Level 5:colcon.colcon_core.verb:set package 'circular_drive_controller' build argument 'cmake_target' from command line to 'None'
[2.101s] Level 5:colcon.colcon_core.verb:set package 'circular_drive_controller' build argument 'cmake_target_skip_unavailable' from command line to 'False'
[2.102s] Level 5:colcon.colcon_core.verb:set package 'circular_drive_controller' build argument 'cmake_clean_cache' from command line to 'False'
[2.103s] Level 5:colcon.colcon_core.verb:set package 'circular_drive_controller' build argument 'cmake_clean_first' from command line to 'False'
[2.103s] Level 5:colcon.colcon_core.verb:set package 'circular_drive_controller' build argument 'cmake_force_configure' from command line to 'False'
[2.103s] Level 5:colcon.colcon_core.verb:set package 'circular_drive_controller' build argument 'ament_cmake_args' from command line to 'None'
[2.104s] Level 5:colcon.colcon_core.verb:set package 'circular_drive_controller' build argument 'catkin_cmake_args' from command line to 'None'
[2.104s] Level 5:colcon.colcon_core.verb:set package 'circular_drive_controller' build argument 'catkin_skip_building_tests' from command line to 'False'
[2.107s] DEBUG:colcon.colcon_core.verb:Building package 'circular_drive_controller' with the following arguments: {'ament_cmake_args': None, 'build_base': '/home/kunal-singh/Desktop/Self_Moving_Car/ros2_ws/build/circular_drive_controller', 'catkin_cmake_args': None, 'catkin_skip_building_tests': False, 'cmake_args': None, 'cmake_clean_cache': False, 'cmake_clean_first': False, 'cmake_force_configure': False, 'cmake_target': None, 'cmake_target_skip_unavailable': False, 'install_base': '/home/kunal-singh/Desktop/Self_Moving_Car/ros2_ws/install/circular_drive_controller', 'merge_install': False, 'path': '/home/kunal-singh/Desktop/Self_Moving_Car/ros2_ws/src/circular_drive_controller', 'symlink_install': False, 'test_result_base': None}
[2.108s] INFO:colcon.colcon_core.executor:Executing jobs using 'parallel' executor
[2.121s] DEBUG:colcon.colcon_parallel_executor.executor.parallel:run_until_complete
[2.127s] INFO:colcon.colcon_ros.task.ament_python.build:Building ROS package in '/home/kunal-singh/Desktop/Self_Moving_Car/ros2_ws/src/circular_drive_controller' with build type 'ament_python'
[2.127s] Level 1:colcon.colcon_core.shell:create_environment_hook('circular_drive_controller', 'ament_prefix_path')
[2.151s] INFO:colcon.colcon_core.plugin_system:Skipping extension 'colcon_core.shell.bat': Not used on non-Windows systems
[2.152s] INFO:colcon.colcon_core.shell:Creating environment hook '/home/kunal-singh/Desktop/Self_Moving_Car/ros2_ws/install/circular_drive_controller/share/circular_drive_controller/hook/ament_prefix_path.ps1'
[2.155s] INFO:colcon.colcon_core.shell:Creating environment descriptor '/home/kunal-singh/Desktop/Self_Moving_Car/ros2_ws/install/circular_drive_controller/share/circular_drive_controller/hook/ament_prefix_path.dsv'
[2.157s] INFO:colcon.colcon_core.shell:Creating environment hook '/home/kunal-singh/Desktop/Self_Moving_Car/ros2_ws/install/circular_drive_controller/share/circular_drive_controller/hook/ament_prefix_path.sh'
[2.160s] INFO:colcon.colcon_core.shell:Skip shell extension 'powershell' for command environment: Not usable outside of PowerShell
[2.160s] DEBUG:colcon.colcon_core.shell:Skip shell extension 'dsv' for command environment
[3.376s] INFO:colcon.colcon_core.task.python.build:Building Python package in '/home/kunal-singh/Desktop/Self_Moving_Car/ros2_ws/src/circular_drive_controller'
[3.377s] INFO:colcon.colcon_core.shell:Skip shell extension 'powershell' for command environment: Not usable outside of PowerShell
[3.378s] DEBUG:colcon.colcon_core.shell:Skip shell extension 'dsv' for command environment
[5.385s] DEBUG:colcon.colcon_core.event_handler.log_command:Invoking command in '/home/kunal-singh/Desktop/Self_Moving_Car/ros2_ws/src/circular_drive_controller': PYTHONPATH=/home/kunal-singh/Desktop/Self_Moving_Car/ros2_ws/build/circular_drive_controller/prefix_override:/usr/lib/python3/dist-packages/colcon_core/task/python/colcon_distutils_commands:/home/kunal-singh/Desktop/Self_Moving_Car/ros2_ws/install/circular_drive_controller/lib/python3.10/site-packages:${PYTHONPATH} /usr/bin/python3 -W ignore:setup.py install is deprecated -W ignore:easy_install command is deprecated setup.py egg_info --egg-base ../../build/circular_drive_controller build --build-base /home/kunal-singh/Desktop/Self_Moving_Car/ros2_ws/build/circular_drive_controller/build install --record /home/kunal-singh/Desktop/Self_Moving_Car/ros2_ws/build/circular_drive_controller/install.log --single-version-externally-managed install_data
[7.333s] DEBUG:colcon.colcon_core.event_handler.log_command:Invoked command in '/home/kunal-singh/Desktop/Self_Moving_Car/ros2_ws/src/circular_drive_controller' returned '0': PYTHONPATH=/home/kunal-singh/Desktop/Self_Moving_Car/ros2_ws/build/circular_drive_controller/prefix_override:/usr/lib/python3/dist-packages/colcon_core/task/python/colcon_distutils_commands:/home/kunal-singh/Desktop/Self_Moving_Car/ros2_ws/install/circular_drive_controller/lib/python3.10/site-packages:${PYTHONPATH} /usr/bin/python3 -W ignore:setup.py install is deprecated -W ignore:easy_install command is deprecated setup.py egg_info --egg-base ../../build/circular_drive_controller build --build-base /home/kunal-singh/Desktop/Self_Moving_Car/ros2_ws/build/circular_drive_controller/build install --record /home/kunal-singh/Desktop/Self_Moving_Car/ros2_ws/build/circular_drive_controller/install.log --single-version-externally-managed install_data
[7.339s] Level 1:colcon.colcon_core.environment:checking '/home/kunal-singh/Desktop/Self_Moving_Car/ros2_ws/install/circular_drive_controller' for CMake module files
[7.343s] Level 1:colcon.colcon_core.environment:checking '/home/kunal-singh/Desktop/Self_Moving_Car/ros2_ws/install/circular_drive_controller' for CMake config files
[7.349s] Level 1:colcon.colcon_core.environment:checking '/home/kunal-singh/Desktop/Self_Moving_Car/ros2_ws/install/circular_drive_controller/lib'
[7.351s] Level 1:colcon.colcon_core.environment:checking '/home/kunal-singh/Desktop/Self_Moving_Car/ros2_ws/install/circular_drive_controller/bin'
[7.351s] Level 1:colcon.colcon_core.environment:checking '/home/kunal-singh/Desktop/Self_Moving_Car/ros2_ws/install/circular_drive_controller/lib/pkgconfig/circular_drive_controller.pc'
[7.352s] Level 1:colcon.colcon_core.environment:checking '/home/kunal-singh/Desktop/Self_Moving_Car/ros2_ws/install/circular_drive_controller/lib/python3.10/site-packages'
[7.352s] Level 1:colcon.colcon_core.shell:create_environment_hook('circular_drive_controller', 'pythonpath')
[7.353s] INFO:colcon.colcon_core.shell:Creating environment hook '/home/kunal-singh/Desktop/Self_Moving_Car/ros2_ws/install/circular_drive_controller/share/circular_drive_controller/hook/pythonpath.ps1'
[7.354s] INFO:colcon.colcon_core.shell:Creating environment descriptor '/home/kunal-singh/Desktop/Self_Moving_Car/ros2_ws/install/circular_drive_controller/share/circular_drive_controller/hook/pythonpath.dsv'
[7.355s] INFO:colcon.colcon_core.shell:Creating environment hook '/home/kunal-singh/Desktop/Self_Moving_Car/ros2_ws/install/circular_drive_controller/share/circular_drive_controller/hook/pythonpath.sh'
[7.357s] Level 1:colcon.colcon_core.environment:checking '/home/kunal-singh/Desktop/Self_Moving_Car/ros2_ws/install/circular_drive_controller/bin'
[7.358s] Level 1:colcon.colcon_core.environment:create_environment_scripts_only(circular_drive_controller)
[7.358s] INFO:colcon.colcon_core.shell:Creating package script '/home/kunal-singh/Desktop/Self_Moving_Car/ros2_ws/install/circular_drive_controller/share/circular_drive_controller/package.ps1'
[7.361s] INFO:colcon.colcon_core.shell:Creating package descriptor '/home/kunal-singh/Desktop/Self_Moving_Car/ros2_ws/install/circular_drive_controller/share/circular_drive_controller/package.dsv'
[7.363s] INFO:colcon.colcon_core.shell:Creating package script '/home/kunal-singh/Desktop/Self_Moving_Car/ros2_ws/install/circular_drive_controller/share/circular_drive_controller/package.sh'
[7.366s] INFO:colcon.colcon_core.shell:Creating package script '/home/kunal-singh/Desktop/Self_Moving_Car/ros2_ws/install/circular_drive_controller/share/circular_drive_controller/package.bash'
[7.371s] INFO:colcon.colcon_core.shell:Creating package script '/home/kunal-singh/Desktop/Self_Moving_Car/ros2_ws/install/circular_drive_controller/share/circular_drive_controller/package.zsh'
[7.376s] Level 1:colcon.colcon_core.environment:create_file_with_runtime_dependencies(/home/kunal-singh/Desktop/Self_Moving_Car/ros2_ws/install/circular_drive_controller/share/colcon-core/packages/circular_drive_controller)
[7.379s] DEBUG:colcon.colcon_parallel_executor.executor.parallel:closing loop
[7.380s] DEBUG:colcon.colcon_parallel_executor.executor.parallel:loop closed
[7.380s] DEBUG:colcon.colcon_parallel_executor.executor.parallel:run_until_complete finished with '0'
[7.380s] DEBUG:colcon.colcon_core.event_reactor:joining thread
[7.393s] INFO:colcon.colcon_core.plugin_system:Skipping extension 'colcon_notification.desktop_notification.terminal_notifier': Not used on non-Darwin systems
[7.394s] INFO:colcon.colcon_core.plugin_system:Skipping extension 'colcon_notification.desktop_notification.win32': Not used on non-Windows systems
[7.394s] INFO:colcon.colcon_notification.desktop_notification:Sending desktop notification using 'notify2'
[7.442s] DEBUG:colcon.colcon_core.event_reactor:joined thread
[7.443s] INFO:colcon.colcon_core.shell:Creating prefix script '/home/kunal-singh/Desktop/Self_Moving_Car/ros2_ws/install/local_setup.ps1'
[7.445s] INFO:colcon.colcon_core.shell:Creating prefix util module '/home/kunal-singh/Desktop/Self_Moving_Car/ros2_ws/install/_local_setup_util_ps1.py'
[7.448s] INFO:colcon.colcon_core.shell:Creating prefix chain script '/home/kunal-singh/Desktop/Self_Moving_Car/ros2_ws/install/setup.ps1'
[7.451s] INFO:colcon.colcon_core.shell:Creating prefix script '/home/kunal-singh/Desktop/Self_Moving_Car/ros2_ws/install/local_setup.sh'
[7.453s] INFO:colcon.colcon_core.shell:Creating prefix util module '/home/kunal-singh/Desktop/Self_Moving_Car/ros2_ws/install/_local_setup_util_sh.py'
[7.458s] INFO:colcon.colcon_core.shell:Creating prefix chain script '/home/kunal-singh/Desktop/Self_Moving_Car/ros2_ws/install/setup.sh'
[7.465s] INFO:colcon.colcon_core.shell:Creating prefix script '/home/kunal-singh/Desktop/Self_Moving_Car/ros2_ws/install/local_setup.bash'
[7.466s] INFO:colcon.colcon_core.shell:Creating prefix chain script '/home/kunal-singh/Desktop/Self_Moving_Car/ros2_ws/install/setup.bash'
[7.469s] INFO:colcon.colcon_core.shell:Creating prefix script '/home/kunal-singh/Desktop/Self_Moving_Car/ros2_ws/install/local_setup.zsh'
[7.470s] INFO:colcon.colcon_core.shell:Creating prefix chain script '/home/kunal-singh/Desktop/Self_Moving_Car/ros2_ws/install/setup.zsh'
