[0.394s] DEBUG:colcon:Command line arguments: ['/usr/bin/colcon', 'build', '--symlink-install']
[0.395s] DEBUG:colcon:Parsed command line arguments: Namespace(log_base=None, log_level=None, verb_name='build', build_base='build', install_base='install', merge_install=False, symlink_install=True, test_result_base=None, continue_on_error=False, executor='parallel', parallel_workers=4, event_handlers=None, ignore_user_meta=False, metas=['./colcon.meta'], base_paths=['.'], packages_ignore=None, packages_ignore_regex=None, paths=None, packages_up_to=None, packages_up_to_regex=None, packages_above=None, packages_above_and_dependencies=None, packages_above_depth=None, packages_select_by_dep=None, packages_skip_by_dep=None, packages_skip_up_to=None, packages_select_build_failed=False, packages_skip_build_finished=False, packages_select_test_failures=False, packages_skip_test_passed=False, packages_select=None, packages_skip=None, packages_select_regex=None, packages_skip_regex=None, packages_start=None, packages_end=None, allow_overriding=[], cmake_args=None, cmake_target=None, cmake_target_skip_unavailable=False, cmake_clean_cache=False, cmake_clean_first=False, cmake_force_configure=False, ament_cmake_args=None, catkin_cmake_args=None, catkin_skip_building_tests=False, verb_parser=<colcon_defaults.argument_parser.defaults.DefaultArgumentsDecorator object at 0x7420200248e0>, verb_extension=<colcon_core.verb.build.BuildVerb object at 0x7420200243a0>, main=<bound method BuildVerb.main of <colcon_core.verb.build.BuildVerb object at 0x7420200243a0>>)
[4.591s] Level 1:colcon.colcon_core.package_discovery:discover_packages(colcon_meta) check parameters
[4.591s] Level 1:colcon.colcon_core.package_discovery:discover_packages(recursive) check parameters
[4.591s] Level 1:colcon.colcon_core.package_discovery:discover_packages(ignore) check parameters
[4.591s] Level 1:colcon.colcon_core.package_discovery:discover_packages(path) check parameters
[4.591s] Level 1:colcon.colcon_core.package_discovery:discover_packages(colcon_meta) discover
[4.592s] Level 1:colcon.colcon_core.package_discovery:discover_packages(recursive) discover
[4.592s] INFO:colcon.colcon_core.package_discovery:Crawling recursively for packages in '/home/kunal-singh/Desktop/Self_Moving_Car/ros2_ws'
[4.592s] Level 1:colcon.colcon_core.package_identification:_identify(.) by extensions ['ignore', 'ignore_ament_install']
[4.592s] Level 1:colcon.colcon_core.package_identification:_identify(.) by extension 'ignore'
[4.592s] Level 1:colcon.colcon_core.package_identification:_identify(.) by extension 'ignore_ament_install'
[4.592s] Level 1:colcon.colcon_core.package_identification:_identify(.) by extensions ['colcon_pkg']
[4.592s] Level 1:colcon.colcon_core.package_identification:_identify(.) by extension 'colcon_pkg'
[4.593s] Level 1:colcon.colcon_core.package_identification:_identify(.) by extensions ['colcon_meta']
[4.593s] Level 1:colcon.colcon_core.package_identification:_identify(.) by extension 'colcon_meta'
[4.593s] Level 1:colcon.colcon_core.package_identification:_identify(.) by extensions ['ros']
[4.593s] Level 1:colcon.colcon_core.package_identification:_identify(.) by extension 'ros'
[4.649s] Level 1:colcon.colcon_core.package_identification:_identify(.) by extensions ['cmake', 'python']
[4.649s] Level 1:colcon.colcon_core.package_identification:_identify(.) by extension 'cmake'
[4.649s] Level 1:colcon.colcon_core.package_identification:_identify(.) by extension 'python'
[4.649s] Level 1:colcon.colcon_core.package_identification:_identify(.) by extensions ['python_setup_py']
[4.649s] Level 1:colcon.colcon_core.package_identification:_identify(.) by extension 'python_setup_py'
[4.649s] Level 1:colcon.colcon_core.package_identification:_identify(build) by extensions ['ignore', 'ignore_ament_install']
[4.650s] Level 1:colcon.colcon_core.package_identification:_identify(build) by extension 'ignore'
[4.650s] Level 1:colcon.colcon_core.package_identification:_identify(build) ignored
[4.650s] Level 1:colcon.colcon_core.package_identification:_identify(install) by extensions ['ignore', 'ignore_ament_install']
[4.650s] Level 1:colcon.colcon_core.package_identification:_identify(install) by extension 'ignore'
[4.650s] Level 1:colcon.colcon_core.package_identification:_identify(install) ignored
[4.650s] Level 1:colcon.colcon_core.package_identification:_identify(log) by extensions ['ignore', 'ignore_ament_install']
[4.650s] Level 1:colcon.colcon_core.package_identification:_identify(log) by extension 'ignore'
[4.650s] Level 1:colcon.colcon_core.package_identification:_identify(log) ignored
[4.667s] Level 1:colcon.colcon_core.package_identification:_identify(src) by extensions ['ignore', 'ignore_ament_install']
[4.668s] Level 1:colcon.colcon_core.package_identification:_identify(src) by extension 'ignore'
[4.668s] Level 1:colcon.colcon_core.package_identification:_identify(src) by extension 'ignore_ament_install'
[4.668s] Level 1:colcon.colcon_core.package_identification:_identify(src) by extensions ['colcon_pkg']
[4.668s] Level 1:colcon.colcon_core.package_identification:_identify(src) by extension 'colcon_pkg'
[4.668s] Level 1:colcon.colcon_core.package_identification:_identify(src) by extensions ['colcon_meta']
[4.668s] Level 1:colcon.colcon_core.package_identification:_identify(src) by extension 'colcon_meta'
[4.668s] Level 1:colcon.colcon_core.package_identification:_identify(src) by extensions ['ros']
[4.668s] Level 1:colcon.colcon_core.package_identification:_identify(src) by extension 'ros'
[4.669s] Level 1:colcon.colcon_core.package_identification:_identify(src) by extensions ['cmake', 'python']
[4.669s] Level 1:colcon.colcon_core.package_identification:_identify(src) by extension 'cmake'
[4.669s] Level 1:colcon.colcon_core.package_identification:_identify(src) by extension 'python'
[4.669s] Level 1:colcon.colcon_core.package_identification:_identify(src) by extensions ['python_setup_py']
[4.669s] Level 1:colcon.colcon_core.package_identification:_identify(src) by extension 'python_setup_py'
[4.689s] Level 1:colcon.colcon_core.package_identification:_identify(src/my_car_description) by extensions ['ignore', 'ignore_ament_install']
[4.689s] Level 1:colcon.colcon_core.package_identification:_identify(src/my_car_description) by extension 'ignore'
[4.689s] Level 1:colcon.colcon_core.package_identification:_identify(src/my_car_description) by extension 'ignore_ament_install'
[4.690s] Level 1:colcon.colcon_core.package_identification:_identify(src/my_car_description) by extensions ['colcon_pkg']
[4.690s] Level 1:colcon.colcon_core.package_identification:_identify(src/my_car_description) by extension 'colcon_pkg'
[4.690s] Level 1:colcon.colcon_core.package_identification:_identify(src/my_car_description) by extensions ['colcon_meta']
[4.690s] Level 1:colcon.colcon_core.package_identification:_identify(src/my_car_description) by extension 'colcon_meta'
[4.690s] Level 1:colcon.colcon_core.package_identification:_identify(src/my_car_description) by extensions ['ros']
[4.690s] Level 1:colcon.colcon_core.package_identification:_identify(src/my_car_description) by extension 'ros'
[4.749s] DEBUG:colcon.colcon_core.package_identification:Package 'src/my_car_description' with type 'ros.ament_cmake' and name 'my_car_description'
[4.749s] Level 1:colcon.colcon_core.package_discovery:discover_packages(recursive) using defaults
[4.749s] Level 1:colcon.colcon_core.package_discovery:discover_packages(ignore) discover
[4.749s] Level 1:colcon.colcon_core.package_discovery:discover_packages(ignore) using defaults
[4.749s] Level 1:colcon.colcon_core.package_discovery:discover_packages(path) discover
[4.749s] Level 1:colcon.colcon_core.package_discovery:discover_packages(path) using defaults
[5.028s] Level 1:colcon.colcon_core.package_discovery:discover_packages(prefix_path) check parameters
[5.028s] Level 1:colcon.colcon_core.package_discovery:discover_packages(prefix_path) discover
[5.053s] DEBUG:colcon.colcon_installed_package_information.package_discovery:Found 1 installed packages in /home/kunal-singh/Desktop/Self_Moving_Car/ros2_ws/install
[5.056s] DEBUG:colcon.colcon_installed_package_information.package_discovery:Found 331 installed packages in /opt/ros/humble
[5.060s] Level 1:colcon.colcon_core.package_discovery:discover_packages(prefix_path) using defaults
[5.172s] Level 5:colcon.colcon_core.verb:set package 'my_car_description' build argument 'cmake_args' from command line to 'None'
[5.172s] Level 5:colcon.colcon_core.verb:set package 'my_car_description' build argument 'cmake_target' from command line to 'None'
[5.172s] Level 5:colcon.colcon_core.verb:set package 'my_car_description' build argument 'cmake_target_skip_unavailable' from command line to 'False'
[5.172s] Level 5:colcon.colcon_core.verb:set package 'my_car_description' build argument 'cmake_clean_cache' from command line to 'False'
[5.172s] Level 5:colcon.colcon_core.verb:set package 'my_car_description' build argument 'cmake_clean_first' from command line to 'False'
[5.172s] Level 5:colcon.colcon_core.verb:set package 'my_car_description' build argument 'cmake_force_configure' from command line to 'False'
[5.172s] Level 5:colcon.colcon_core.verb:set package 'my_car_description' build argument 'ament_cmake_args' from command line to 'None'
[5.172s] Level 5:colcon.colcon_core.verb:set package 'my_car_description' build argument 'catkin_cmake_args' from command line to 'None'
[5.172s] Level 5:colcon.colcon_core.verb:set package 'my_car_description' build argument 'catkin_skip_building_tests' from command line to 'False'
[5.172s] DEBUG:colcon.colcon_core.verb:Building package 'my_car_description' with the following arguments: {'ament_cmake_args': None, 'build_base': '/home/kunal-singh/Desktop/Self_Moving_Car/ros2_ws/build/my_car_description', 'catkin_cmake_args': None, 'catkin_skip_building_tests': False, 'cmake_args': None, 'cmake_clean_cache': False, 'cmake_clean_first': False, 'cmake_force_configure': False, 'cmake_target': None, 'cmake_target_skip_unavailable': False, 'install_base': '/home/kunal-singh/Desktop/Self_Moving_Car/ros2_ws/install/my_car_description', 'merge_install': False, 'path': '/home/kunal-singh/Desktop/Self_Moving_Car/ros2_ws/src/my_car_description', 'symlink_install': True, 'test_result_base': None}
[5.172s] INFO:colcon.colcon_core.executor:Executing jobs using 'parallel' executor
[5.173s] DEBUG:colcon.colcon_parallel_executor.executor.parallel:run_until_complete
[5.173s] INFO:colcon.colcon_ros.task.ament_cmake.build:Building ROS package in '/home/kunal-singh/Desktop/Self_Moving_Car/ros2_ws/src/my_car_description' with build type 'ament_cmake'
[5.173s] INFO:colcon.colcon_cmake.task.cmake.build:Building CMake package in '/home/kunal-singh/Desktop/Self_Moving_Car/ros2_ws/src/my_car_description'
[5.201s] INFO:colcon.colcon_core.plugin_system:Skipping extension 'colcon_core.shell.bat': Not used on non-Windows systems
[5.201s] INFO:colcon.colcon_core.shell:Skip shell extension 'powershell' for command environment: Not usable outside of PowerShell
[5.201s] DEBUG:colcon.colcon_core.shell:Skip shell extension 'dsv' for command environment
[5.297s] DEBUG:colcon.colcon_core.event_handler.log_command:Invoking command in '/home/kunal-singh/Desktop/Self_Moving_Car/ros2_ws/build/my_car_description': CMAKE_PREFIX_PATH=${CMAKE_PREFIX_PATH}:/opt/ros/humble /usr/bin/cmake --build /home/kunal-singh/Desktop/Self_Moving_Car/ros2_ws/build/my_car_description -- -j4 -l4
[5.838s] DEBUG:colcon.colcon_core.event_handler.log_command:Invoked command in '/home/kunal-singh/Desktop/Self_Moving_Car/ros2_ws/build/my_car_description' returned '0': CMAKE_PREFIX_PATH=${CMAKE_PREFIX_PATH}:/opt/ros/humble /usr/bin/cmake --build /home/kunal-singh/Desktop/Self_Moving_Car/ros2_ws/build/my_car_description -- -j4 -l4
[5.867s] DEBUG:colcon.colcon_core.event_handler.log_command:Invoking command in '/home/kunal-singh/Desktop/Self_Moving_Car/ros2_ws/build/my_car_description': CMAKE_PREFIX_PATH=${CMAKE_PREFIX_PATH}:/opt/ros/humble /usr/bin/cmake --install /home/kunal-singh/Desktop/Self_Moving_Car/ros2_ws/build/my_car_description
[5.922s] Level 1:colcon.colcon_core.environment:create_environment_scripts_only(my_car_description)
[5.923s] DEBUG:colcon.colcon_core.event_handler.log_command:Invoked command in '/home/kunal-singh/Desktop/Self_Moving_Car/ros2_ws/build/my_car_description' returned '0': CMAKE_PREFIX_PATH=${CMAKE_PREFIX_PATH}:/opt/ros/humble /usr/bin/cmake --install /home/kunal-singh/Desktop/Self_Moving_Car/ros2_ws/build/my_car_description
[5.948s] Level 1:colcon.colcon_core.environment:checking '/home/kunal-singh/Desktop/Self_Moving_Car/ros2_ws/install/my_car_description' for CMake module files
[5.949s] Level 1:colcon.colcon_core.environment:checking '/home/kunal-singh/Desktop/Self_Moving_Car/ros2_ws/install/my_car_description' for CMake config files
[5.950s] Level 1:colcon.colcon_core.shell:create_environment_hook('my_car_description', 'cmake_prefix_path')
[5.950s] INFO:colcon.colcon_core.shell:Creating environment hook '/home/kunal-singh/Desktop/Self_Moving_Car/ros2_ws/install/my_car_description/share/my_car_description/hook/cmake_prefix_path.ps1'
[5.952s] INFO:colcon.colcon_core.shell:Creating environment descriptor '/home/kunal-singh/Desktop/Self_Moving_Car/ros2_ws/install/my_car_description/share/my_car_description/hook/cmake_prefix_path.dsv'
[5.953s] INFO:colcon.colcon_core.shell:Creating environment hook '/home/kunal-singh/Desktop/Self_Moving_Car/ros2_ws/install/my_car_description/share/my_car_description/hook/cmake_prefix_path.sh'
[5.955s] Level 1:colcon.colcon_core.environment:checking '/home/kunal-singh/Desktop/Self_Moving_Car/ros2_ws/install/my_car_description/bin'
[5.955s] Level 1:colcon.colcon_core.environment:checking '/home/kunal-singh/Desktop/Self_Moving_Car/ros2_ws/install/my_car_description/lib/pkgconfig/my_car_description.pc'
[5.955s] Level 1:colcon.colcon_core.environment:checking '/home/kunal-singh/Desktop/Self_Moving_Car/ros2_ws/install/my_car_description/lib/python3.10/site-packages'
[5.956s] Level 1:colcon.colcon_core.environment:checking '/home/kunal-singh/Desktop/Self_Moving_Car/ros2_ws/install/my_car_description/bin'
[5.957s] INFO:colcon.colcon_core.shell:Creating package script '/home/kunal-singh/Desktop/Self_Moving_Car/ros2_ws/install/my_car_description/share/my_car_description/package.ps1'
[5.958s] INFO:colcon.colcon_core.shell:Creating package descriptor '/home/kunal-singh/Desktop/Self_Moving_Car/ros2_ws/install/my_car_description/share/my_car_description/package.dsv'
[5.959s] INFO:colcon.colcon_core.shell:Creating package script '/home/kunal-singh/Desktop/Self_Moving_Car/ros2_ws/install/my_car_description/share/my_car_description/package.sh'
[5.960s] INFO:colcon.colcon_core.shell:Creating package script '/home/kunal-singh/Desktop/Self_Moving_Car/ros2_ws/install/my_car_description/share/my_car_description/package.bash'
[6.017s] INFO:colcon.colcon_core.shell:Creating package script '/home/kunal-singh/Desktop/Self_Moving_Car/ros2_ws/install/my_car_description/share/my_car_description/package.zsh'
[6.019s] Level 1:colcon.colcon_core.environment:create_file_with_runtime_dependencies(/home/kunal-singh/Desktop/Self_Moving_Car/ros2_ws/install/my_car_description/share/colcon-core/packages/my_car_description)
[6.020s] Level 1:colcon.colcon_core.environment:create_environment_scripts_only(my_car_description)
[6.021s] Level 1:colcon.colcon_core.environment:checking '/home/kunal-singh/Desktop/Self_Moving_Car/ros2_ws/install/my_car_description' for CMake module files
[6.022s] Level 1:colcon.colcon_core.environment:checking '/home/kunal-singh/Desktop/Self_Moving_Car/ros2_ws/install/my_car_description' for CMake config files
[6.022s] Level 1:colcon.colcon_core.shell:create_environment_hook('my_car_description', 'cmake_prefix_path')
[6.023s] INFO:colcon.colcon_core.shell:Creating environment hook '/home/kunal-singh/Desktop/Self_Moving_Car/ros2_ws/install/my_car_description/share/my_car_description/hook/cmake_prefix_path.ps1'
[6.023s] INFO:colcon.colcon_core.shell:Creating environment descriptor '/home/kunal-singh/Desktop/Self_Moving_Car/ros2_ws/install/my_car_description/share/my_car_description/hook/cmake_prefix_path.dsv'
[6.024s] INFO:colcon.colcon_core.shell:Creating environment hook '/home/kunal-singh/Desktop/Self_Moving_Car/ros2_ws/install/my_car_description/share/my_car_description/hook/cmake_prefix_path.sh'
[6.025s] Level 1:colcon.colcon_core.environment:checking '/home/kunal-singh/Desktop/Self_Moving_Car/ros2_ws/install/my_car_description/bin'
[6.025s] Level 1:colcon.colcon_core.environment:checking '/home/kunal-singh/Desktop/Self_Moving_Car/ros2_ws/install/my_car_description/lib/pkgconfig/my_car_description.pc'
[6.026s] Level 1:colcon.colcon_core.environment:checking '/home/kunal-singh/Desktop/Self_Moving_Car/ros2_ws/install/my_car_description/lib/python3.10/site-packages'
[6.026s] Level 1:colcon.colcon_core.environment:checking '/home/kunal-singh/Desktop/Self_Moving_Car/ros2_ws/install/my_car_description/bin'
[6.027s] INFO:colcon.colcon_core.shell:Creating package script '/home/kunal-singh/Desktop/Self_Moving_Car/ros2_ws/install/my_car_description/share/my_car_description/package.ps1'
[6.028s] INFO:colcon.colcon_core.shell:Creating package descriptor '/home/kunal-singh/Desktop/Self_Moving_Car/ros2_ws/install/my_car_description/share/my_car_description/package.dsv'
[6.029s] INFO:colcon.colcon_core.shell:Creating package script '/home/kunal-singh/Desktop/Self_Moving_Car/ros2_ws/install/my_car_description/share/my_car_description/package.sh'
[6.029s] INFO:colcon.colcon_core.shell:Creating package script '/home/kunal-singh/Desktop/Self_Moving_Car/ros2_ws/install/my_car_description/share/my_car_description/package.bash'
[6.030s] INFO:colcon.colcon_core.shell:Creating package script '/home/kunal-singh/Desktop/Self_Moving_Car/ros2_ws/install/my_car_description/share/my_car_description/package.zsh'
[6.031s] Level 1:colcon.colcon_core.environment:create_file_with_runtime_dependencies(/home/kunal-singh/Desktop/Self_Moving_Car/ros2_ws/install/my_car_description/share/colcon-core/packages/my_car_description)
[6.031s] DEBUG:colcon.colcon_parallel_executor.executor.parallel:closing loop
[6.032s] DEBUG:colcon.colcon_parallel_executor.executor.parallel:loop closed
[6.032s] DEBUG:colcon.colcon_parallel_executor.executor.parallel:run_until_complete finished with '0'
[6.032s] DEBUG:colcon.colcon_core.event_reactor:joining thread
[6.116s] INFO:colcon.colcon_core.plugin_system:Skipping extension 'colcon_notification.desktop_notification.terminal_notifier': Not used on non-Darwin systems
[6.117s] INFO:colcon.colcon_core.plugin_system:Skipping extension 'colcon_notification.desktop_notification.win32': Not used on non-Windows systems
[6.117s] INFO:colcon.colcon_notification.desktop_notification:Sending desktop notification using 'notify2'
[6.146s] DEBUG:colcon.colcon_core.event_reactor:joined thread
[6.146s] INFO:colcon.colcon_core.shell:Creating prefix script '/home/kunal-singh/Desktop/Self_Moving_Car/ros2_ws/install/local_setup.ps1'
[6.147s] INFO:colcon.colcon_core.shell:Creating prefix util module '/home/kunal-singh/Desktop/Self_Moving_Car/ros2_ws/install/_local_setup_util_ps1.py'
[6.149s] INFO:colcon.colcon_core.shell:Creating prefix chain script '/home/kunal-singh/Desktop/Self_Moving_Car/ros2_ws/install/setup.ps1'
[6.150s] INFO:colcon.colcon_core.shell:Creating prefix script '/home/kunal-singh/Desktop/Self_Moving_Car/ros2_ws/install/local_setup.sh'
[6.152s] INFO:colcon.colcon_core.shell:Creating prefix util module '/home/kunal-singh/Desktop/Self_Moving_Car/ros2_ws/install/_local_setup_util_sh.py'
[6.152s] INFO:colcon.colcon_core.shell:Creating prefix chain script '/home/kunal-singh/Desktop/Self_Moving_Car/ros2_ws/install/setup.sh'
[6.154s] INFO:colcon.colcon_core.shell:Creating prefix script '/home/kunal-singh/Desktop/Self_Moving_Car/ros2_ws/install/local_setup.bash'
[6.155s] INFO:colcon.colcon_core.shell:Creating prefix chain script '/home/kunal-singh/Desktop/Self_Moving_Car/ros2_ws/install/setup.bash'
[6.156s] INFO:colcon.colcon_core.shell:Creating prefix script '/home/kunal-singh/Desktop/Self_Moving_Car/ros2_ws/install/local_setup.zsh'
[6.157s] INFO:colcon.colcon_core.shell:Creating prefix chain script '/home/kunal-singh/Desktop/Self_Moving_Car/ros2_ws/install/setup.zsh'
