[0.715s] Invoking command in '/home/kunal-singh/Desktop/Self_Moving_Car/ros2_ws/build/circular_drive_controller': PYTHONPATH=/home/kunal-singh/Desktop/Self_Moving_Car/ros2_ws/build/circular_drive_controller/prefix_override:/usr/lib/python3/dist-packages/colcon_core/task/python/colcon_distutils_commands:/home/kunal-singh/Desktop/Self_Moving_Car/ros2_ws/install/circular_drive_controller/lib/python3.10/site-packages:${PYTHONPATH} /usr/bin/python3 -W ignore:setup.py install is deprecated -W ignore:easy_install command is deprecated setup.py develop --editable --build-directory /home/kunal-singh/Desktop/Self_Moving_Car/ros2_ws/build/circular_drive_controller/build --no-deps symlink_data --force
[1.072s] running develop
[1.228s] running egg_info
[1.229s] writing circular_drive_controller.egg-info/PKG-INFO
[1.229s] writing dependency_links to circular_drive_controller.egg-info/dependency_links.txt
[1.229s] writing entry points to circular_drive_controller.egg-info/entry_points.txt
[1.229s] writing requirements to circular_drive_controller.egg-info/requires.txt
[1.229s] writing top-level names to circular_drive_controller.egg-info/top_level.txt
[1.232s] reading manifest file 'circular_drive_controller.egg-info/SOURCES.txt'
[1.234s] writing manifest file 'circular_drive_controller.egg-info/SOURCES.txt'
[1.235s] running build_ext
[1.236s] Creating /home/kunal-singh/Desktop/Self_Moving_Car/ros2_ws/install/circular_drive_controller/lib/python3.10/site-packages/circular-drive-controller.egg-link (link to .)
[1.237s] Installing control_node script to /home/kunal-singh/Desktop/Self_Moving_Car/ros2_ws/install/circular_drive_controller/lib/circular_drive_controller
[1.237s] Installing mission_node script to /home/kunal-singh/Desktop/Self_Moving_Car/ros2_ws/install/circular_drive_controller/lib/circular_drive_controller
[1.237s] 
[1.237s] Installed /home/kunal-singh/Desktop/Self_Moving_Car/ros2_ws/build/circular_drive_controller
[1.237s] running symlink_data
[1.237s] symbolically linking /home/kunal-singh/Desktop/Self_Moving_Car/ros2_ws/build/circular_drive_controller/resource/circular_drive_controller -> /home/kunal-singh/Desktop/Self_Moving_Car/ros2_ws/install/circular_drive_controller/share/ament_index/resource_index/packages
[1.237s] symbolically linking /home/kunal-singh/Desktop/Self_Moving_Car/ros2_ws/build/circular_drive_controller/package.xml -> /home/kunal-singh/Desktop/Self_Moving_Car/ros2_ws/install/circular_drive_controller/share/circular_drive_controller
[1.266s] Invoked command in '/home/kunal-singh/Desktop/Self_Moving_Car/ros2_ws/build/circular_drive_controller' returned '0': PYTHONPATH=/home/kunal-singh/Desktop/Self_Moving_Car/ros2_ws/build/circular_drive_controller/prefix_override:/usr/lib/python3/dist-packages/colcon_core/task/python/colcon_distutils_commands:/home/kunal-singh/Desktop/Self_Moving_Car/ros2_ws/install/circular_drive_controller/lib/python3.10/site-packages:${PYTHONPATH} /usr/bin/python3 -W ignore:setup.py install is deprecated -W ignore:easy_install command is deprecated setup.py develop --editable --build-directory /home/kunal-singh/Desktop/Self_Moving_Car/ros2_ws/build/circular_drive_controller/build --no-deps symlink_data --force
