[0.174s] DEBUG:colcon:Command line arguments: ['/usr/bin/colcon', 'build']
[0.174s] DEBUG:colcon:Parsed command line arguments: Namespace(log_base=None, log_level=None, verb_name='build', build_base='build', install_base='install', merge_install=False, symlink_install=False, test_result_base=None, continue_on_error=False, executor='parallel', parallel_workers=8, event_handlers=None, ignore_user_meta=False, metas=['./colcon.meta'], base_paths=['.'], packages_ignore=None, packages_ignore_regex=None, paths=None, packages_up_to=None, packages_up_to_regex=None, packages_above=None, packages_above_and_dependencies=None, packages_above_depth=None, packages_select_by_dep=None, packages_skip_by_dep=None, packages_skip_up_to=None, packages_select_build_failed=False, packages_skip_build_finished=False, packages_select_test_failures=False, packages_skip_test_passed=False, packages_select=None, packages_skip=None, packages_select_regex=None, packages_skip_regex=None, packages_start=None, packages_end=None, allow_overriding=[], cmake_args=None, cmake_target=None, cmake_target_skip_unavailable=False, cmake_clean_cache=False, cmake_clean_first=False, cmake_force_configure=False, ament_cmake_args=None, catkin_cmake_args=None, catkin_skip_building_tests=False, verb_parser=<colcon_defaults.argument_parser.defaults.DefaultArgumentsDecorator object at 0x70607d0bf700>, verb_extension=<colcon_core.verb.build.BuildVerb object at 0x70607d2c4e50>, main=<bound method BuildVerb.main of <colcon_core.verb.build.BuildVerb object at 0x70607d2c4e50>>)
[0.288s] Level 1:colcon.colcon_core.package_discovery:discover_packages(colcon_meta) check parameters
[0.288s] Level 1:colcon.colcon_core.package_discovery:discover_packages(recursive) check parameters
[0.288s] Level 1:colcon.colcon_core.package_discovery:discover_packages(ignore) check parameters
[0.288s] Level 1:colcon.colcon_core.package_discovery:discover_packages(path) check parameters
[0.288s] Level 1:colcon.colcon_core.package_discovery:discover_packages(colcon_meta) discover
[0.288s] Level 1:colcon.colcon_core.package_discovery:discover_packages(recursive) discover
[0.288s] INFO:colcon.colcon_core.package_discovery:Crawling recursively for packages in '/home/shuksham/Self-Moving-Car/ros2_ws'
[0.288s] Level 1:colcon.colcon_core.package_identification:_identify(.) by extensions ['ignore', 'ignore_ament_install']
[0.289s] Level 1:colcon.colcon_core.package_identification:_identify(.) by extension 'ignore'
[0.289s] Level 1:colcon.colcon_core.package_identification:_identify(.) by extension 'ignore_ament_install'
[0.289s] Level 1:colcon.colcon_core.package_identification:_identify(.) by extensions ['colcon_pkg']
[0.289s] Level 1:colcon.colcon_core.package_identification:_identify(.) by extension 'colcon_pkg'
[0.289s] Level 1:colcon.colcon_core.package_identification:_identify(.) by extensions ['colcon_meta']
[0.289s] Level 1:colcon.colcon_core.package_identification:_identify(.) by extension 'colcon_meta'
[0.289s] Level 1:colcon.colcon_core.package_identification:_identify(.) by extensions ['ros']
[0.289s] Level 1:colcon.colcon_core.package_identification:_identify(.) by extension 'ros'
[0.301s] Level 1:colcon.colcon_core.package_identification:_identify(.) by extensions ['cmake', 'python']
[0.301s] Level 1:colcon.colcon_core.package_identification:_identify(.) by extension 'cmake'
[0.301s] Level 1:colcon.colcon_core.package_identification:_identify(.) by extension 'python'
[0.301s] Level 1:colcon.colcon_core.package_identification:_identify(.) by extensions ['python_setup_py']
[0.301s] Level 1:colcon.colcon_core.package_identification:_identify(.) by extension 'python_setup_py'
[0.301s] Level 1:colcon.colcon_core.package_identification:_identify(build) by extensions ['ignore', 'ignore_ament_install']
[0.301s] Level 1:colcon.colcon_core.package_identification:_identify(build) by extension 'ignore'
[0.301s] Level 1:colcon.colcon_core.package_identification:_identify(build) ignored
[0.302s] Level 1:colcon.colcon_core.package_identification:_identify(install) by extensions ['ignore', 'ignore_ament_install']
[0.302s] Level 1:colcon.colcon_core.package_identification:_identify(install) by extension 'ignore'
[0.302s] Level 1:colcon.colcon_core.package_identification:_identify(install) ignored
[0.302s] Level 1:colcon.colcon_core.package_identification:_identify(log) by extensions ['ignore', 'ignore_ament_install']
[0.302s] Level 1:colcon.colcon_core.package_identification:_identify(log) by extension 'ignore'
[0.302s] Level 1:colcon.colcon_core.package_identification:_identify(log) ignored
[0.302s] Level 1:colcon.colcon_core.package_identification:_identify(src) by extensions ['ignore', 'ignore_ament_install']
[0.302s] Level 1:colcon.colcon_core.package_identification:_identify(src) by extension 'ignore'
[0.302s] Level 1:colcon.colcon_core.package_identification:_identify(src) by extension 'ignore_ament_install'
[0.302s] Level 1:colcon.colcon_core.package_identification:_identify(src) by extensions ['colcon_pkg']
[0.302s] Level 1:colcon.colcon_core.package_identification:_identify(src) by extension 'colcon_pkg'
[0.302s] Level 1:colcon.colcon_core.package_identification:_identify(src) by extensions ['colcon_meta']
[0.302s] Level 1:colcon.colcon_core.package_identification:_identify(src) by extension 'colcon_meta'
[0.302s] Level 1:colcon.colcon_core.package_identification:_identify(src) by extensions ['ros']
[0.302s] Level 1:colcon.colcon_core.package_identification:_identify(src) by extension 'ros'
[0.302s] Level 1:colcon.colcon_core.package_identification:_identify(src) by extensions ['cmake', 'python']
[0.302s] Level 1:colcon.colcon_core.package_identification:_identify(src) by extension 'cmake'
[0.302s] Level 1:colcon.colcon_core.package_identification:_identify(src) by extension 'python'
[0.302s] Level 1:colcon.colcon_core.package_identification:_identify(src) by extensions ['python_setup_py']
[0.302s] Level 1:colcon.colcon_core.package_identification:_identify(src) by extension 'python_setup_py'
[0.302s] Level 1:colcon.colcon_core.package_identification:_identify(src/circular_drive_controller) by extensions ['ignore', 'ignore_ament_install']
[0.303s] Level 1:colcon.colcon_core.package_identification:_identify(src/circular_drive_controller) by extension 'ignore'
[0.303s] Level 1:colcon.colcon_core.package_identification:_identify(src/circular_drive_controller) by extension 'ignore_ament_install'
[0.303s] Level 1:colcon.colcon_core.package_identification:_identify(src/circular_drive_controller) by extensions ['colcon_pkg']
[0.303s] Level 1:colcon.colcon_core.package_identification:_identify(src/circular_drive_controller) by extension 'colcon_pkg'
[0.303s] Level 1:colcon.colcon_core.package_identification:_identify(src/circular_drive_controller) by extensions ['colcon_meta']
[0.303s] Level 1:colcon.colcon_core.package_identification:_identify(src/circular_drive_controller) by extension 'colcon_meta'
[0.303s] Level 1:colcon.colcon_core.package_identification:_identify(src/circular_drive_controller) by extensions ['ros']
[0.303s] Level 1:colcon.colcon_core.package_identification:_identify(src/circular_drive_controller) by extension 'ros'
[0.306s] DEBUG:colcon.colcon_core.package_identification:Package 'src/circular_drive_controller' with type 'ros.ament_python' and name 'circular_drive_controller'
[0.306s] Level 1:colcon.colcon_core.package_identification:_identify(src/my_car_description) by extensions ['ignore', 'ignore_ament_install']
[0.306s] Level 1:colcon.colcon_core.package_identification:_identify(src/my_car_description) by extension 'ignore'
[0.306s] Level 1:colcon.colcon_core.package_identification:_identify(src/my_car_description) by extension 'ignore_ament_install'
[0.306s] Level 1:colcon.colcon_core.package_identification:_identify(src/my_car_description) by extensions ['colcon_pkg']
[0.306s] Level 1:colcon.colcon_core.package_identification:_identify(src/my_car_description) by extension 'colcon_pkg'
[0.306s] Level 1:colcon.colcon_core.package_identification:_identify(src/my_car_description) by extensions ['colcon_meta']
[0.306s] Level 1:colcon.colcon_core.package_identification:_identify(src/my_car_description) by extension 'colcon_meta'
[0.306s] Level 1:colcon.colcon_core.package_identification:_identify(src/my_car_description) by extensions ['ros']
[0.307s] Level 1:colcon.colcon_core.package_identification:_identify(src/my_car_description) by extension 'ros'
[0.307s] DEBUG:colcon.colcon_core.package_identification:Package 'src/my_car_description' with type 'ros.ament_cmake' and name 'my_car_description'
[0.307s] Level 1:colcon.colcon_core.package_discovery:discover_packages(recursive) using defaults
[0.307s] Level 1:colcon.colcon_core.package_discovery:discover_packages(ignore) discover
[0.307s] Level 1:colcon.colcon_core.package_discovery:discover_packages(ignore) using defaults
[0.307s] Level 1:colcon.colcon_core.package_discovery:discover_packages(path) discover
[0.307s] Level 1:colcon.colcon_core.package_discovery:discover_packages(path) using defaults
[0.326s] Level 1:colcon.colcon_core.package_discovery:discover_packages(prefix_path) check parameters
[0.326s] Level 1:colcon.colcon_core.package_discovery:discover_packages(prefix_path) discover
[0.328s] DEBUG:colcon.colcon_installed_package_information.package_discovery:Found 329 installed packages in /opt/ros/humble
[0.337s] Level 1:colcon.colcon_core.package_discovery:discover_packages(prefix_path) using defaults
[0.367s] Level 5:colcon.colcon_core.verb:set package 'circular_drive_controller' build argument 'cmake_args' from command line to 'None'
[0.367s] Level 5:colcon.colcon_core.verb:set package 'circular_drive_controller' build argument 'cmake_target' from command line to 'None'
[0.367s] Level 5:colcon.colcon_core.verb:set package 'circular_drive_controller' build argument 'cmake_target_skip_unavailable' from command line to 'False'
[0.367s] Level 5:colcon.colcon_core.verb:set package 'circular_drive_controller' build argument 'cmake_clean_cache' from command line to 'False'
[0.367s] Level 5:colcon.colcon_core.verb:set package 'circular_drive_controller' build argument 'cmake_clean_first' from command line to 'False'
[0.367s] Level 5:colcon.colcon_core.verb:set package 'circular_drive_controller' build argument 'cmake_force_configure' from command line to 'False'
[0.367s] Level 5:colcon.colcon_core.verb:set package 'circular_drive_controller' build argument 'ament_cmake_args' from command line to 'None'
[0.367s] Level 5:colcon.colcon_core.verb:set package 'circular_drive_controller' build argument 'catkin_cmake_args' from command line to 'None'
[0.367s] Level 5:colcon.colcon_core.verb:set package 'circular_drive_controller' build argument 'catkin_skip_building_tests' from command line to 'False'
[0.367s] DEBUG:colcon.colcon_core.verb:Building package 'circular_drive_controller' with the following arguments: {'ament_cmake_args': None, 'build_base': '/home/shuksham/Self-Moving-Car/ros2_ws/build/circular_drive_controller', 'catkin_cmake_args': None, 'catkin_skip_building_tests': False, 'cmake_args': None, 'cmake_clean_cache': False, 'cmake_clean_first': False, 'cmake_force_configure': False, 'cmake_target': None, 'cmake_target_skip_unavailable': False, 'install_base': '/home/shuksham/Self-Moving-Car/ros2_ws/install/circular_drive_controller', 'merge_install': False, 'path': '/home/shuksham/Self-Moving-Car/ros2_ws/src/circular_drive_controller', 'symlink_install': False, 'test_result_base': None}
[0.368s] Level 5:colcon.colcon_core.verb:set package 'my_car_description' build argument 'cmake_args' from command line to 'None'
[0.368s] Level 5:colcon.colcon_core.verb:set package 'my_car_description' build argument 'cmake_target' from command line to 'None'
[0.368s] Level 5:colcon.colcon_core.verb:set package 'my_car_description' build argument 'cmake_target_skip_unavailable' from command line to 'False'
[0.368s] Level 5:colcon.colcon_core.verb:set package 'my_car_description' build argument 'cmake_clean_cache' from command line to 'False'
[0.368s] Level 5:colcon.colcon_core.verb:set package 'my_car_description' build argument 'cmake_clean_first' from command line to 'False'
[0.368s] Level 5:colcon.colcon_core.verb:set package 'my_car_description' build argument 'cmake_force_configure' from command line to 'False'
[0.368s] Level 5:colcon.colcon_core.verb:set package 'my_car_description' build argument 'ament_cmake_args' from command line to 'None'
[0.368s] Level 5:colcon.colcon_core.verb:set package 'my_car_description' build argument 'catkin_cmake_args' from command line to 'None'
[0.368s] Level 5:colcon.colcon_core.verb:set package 'my_car_description' build argument 'catkin_skip_building_tests' from command line to 'False'
[0.368s] DEBUG:colcon.colcon_core.verb:Building package 'my_car_description' with the following arguments: {'ament_cmake_args': None, 'build_base': '/home/shuksham/Self-Moving-Car/ros2_ws/build/my_car_description', 'catkin_cmake_args': None, 'catkin_skip_building_tests': False, 'cmake_args': None, 'cmake_clean_cache': False, 'cmake_clean_first': False, 'cmake_force_configure': False, 'cmake_target': None, 'cmake_target_skip_unavailable': False, 'install_base': '/home/shuksham/Self-Moving-Car/ros2_ws/install/my_car_description', 'merge_install': False, 'path': '/home/shuksham/Self-Moving-Car/ros2_ws/src/my_car_description', 'symlink_install': False, 'test_result_base': None}
[0.368s] INFO:colcon.colcon_core.executor:Executing jobs using 'parallel' executor
[0.369s] DEBUG:colcon.colcon_parallel_executor.executor.parallel:run_until_complete
[0.369s] INFO:colcon.colcon_ros.task.ament_python.build:Building ROS package in '/home/shuksham/Self-Moving-Car/ros2_ws/src/circular_drive_controller' with build type 'ament_python'
[0.370s] Level 1:colcon.colcon_core.shell:create_environment_hook('circular_drive_controller', 'ament_prefix_path')
[0.372s] INFO:colcon.colcon_core.plugin_system:Skipping extension 'colcon_core.shell.bat': Not used on non-Windows systems
[0.372s] INFO:colcon.colcon_core.shell:Creating environment hook '/home/shuksham/Self-Moving-Car/ros2_ws/install/circular_drive_controller/share/circular_drive_controller/hook/ament_prefix_path.ps1'
[0.373s] INFO:colcon.colcon_core.shell:Creating environment descriptor '/home/shuksham/Self-Moving-Car/ros2_ws/install/circular_drive_controller/share/circular_drive_controller/hook/ament_prefix_path.dsv'
[0.375s] INFO:colcon.colcon_core.shell:Creating environment hook '/home/shuksham/Self-Moving-Car/ros2_ws/install/circular_drive_controller/share/circular_drive_controller/hook/ament_prefix_path.sh'
[0.375s] INFO:colcon.colcon_core.shell:Skip shell extension 'powershell' for command environment: Not usable outside of PowerShell
[0.376s] DEBUG:colcon.colcon_core.shell:Skip shell extension 'dsv' for command environment
[0.378s] INFO:colcon.colcon_ros.task.ament_cmake.build:Building ROS package in '/home/shuksham/Self-Moving-Car/ros2_ws/src/my_car_description' with build type 'ament_cmake'
[0.378s] INFO:colcon.colcon_cmake.task.cmake.build:Building CMake package in '/home/shuksham/Self-Moving-Car/ros2_ws/src/my_car_description'
[0.378s] INFO:colcon.colcon_core.shell:Skip shell extension 'powershell' for command environment: Not usable outside of PowerShell
[0.378s] DEBUG:colcon.colcon_core.shell:Skip shell extension 'dsv' for command environment
[1.001s] INFO:colcon.colcon_core.task.python.build:Building Python package in '/home/shuksham/Self-Moving-Car/ros2_ws/src/circular_drive_controller'
[1.002s] INFO:colcon.colcon_core.shell:Skip shell extension 'powershell' for command environment: Not usable outside of PowerShell
[1.002s] DEBUG:colcon.colcon_core.shell:Skip shell extension 'dsv' for command environment
[1.017s] DEBUG:colcon.colcon_core.event_handler.log_command:Invoking command in '/home/shuksham/Self-Moving-Car/ros2_ws/build/my_car_description': CMAKE_PREFIX_PATH=/opt/ros/humble /usr/bin/cmake --build /home/shuksham/Self-Moving-Car/ros2_ws/build/my_car_description -- -j8 -l8
[1.066s] DEBUG:colcon.colcon_core.event_handler.log_command:Invoked command in '/home/shuksham/Self-Moving-Car/ros2_ws/build/my_car_description' returned '0': CMAKE_PREFIX_PATH=/opt/ros/humble /usr/bin/cmake --build /home/shuksham/Self-Moving-Car/ros2_ws/build/my_car_description -- -j8 -l8
[1.078s] DEBUG:colcon.colcon_core.event_handler.log_command:Invoking command in '/home/shuksham/Self-Moving-Car/ros2_ws/build/my_car_description': CMAKE_PREFIX_PATH=/opt/ros/humble /usr/bin/cmake --install /home/shuksham/Self-Moving-Car/ros2_ws/build/my_car_description
[1.108s] Level 1:colcon.colcon_core.environment:create_environment_scripts_only(my_car_description)
[1.109s] DEBUG:colcon.colcon_core.event_handler.log_command:Invoked command in '/home/shuksham/Self-Moving-Car/ros2_ws/build/my_car_description' returned '0': CMAKE_PREFIX_PATH=/opt/ros/humble /usr/bin/cmake --install /home/shuksham/Self-Moving-Car/ros2_ws/build/my_car_description
[1.111s] Level 1:colcon.colcon_core.environment:checking '/home/shuksham/Self-Moving-Car/ros2_ws/install/my_car_description' for CMake module files
[1.112s] Level 1:colcon.colcon_core.environment:checking '/home/shuksham/Self-Moving-Car/ros2_ws/install/my_car_description' for CMake config files
[1.113s] Level 1:colcon.colcon_core.shell:create_environment_hook('my_car_description', 'cmake_prefix_path')
[1.113s] INFO:colcon.colcon_core.shell:Creating environment hook '/home/shuksham/Self-Moving-Car/ros2_ws/install/my_car_description/share/my_car_description/hook/cmake_prefix_path.ps1'
[1.114s] INFO:colcon.colcon_core.shell:Creating environment descriptor '/home/shuksham/Self-Moving-Car/ros2_ws/install/my_car_description/share/my_car_description/hook/cmake_prefix_path.dsv'
[1.114s] INFO:colcon.colcon_core.shell:Creating environment hook '/home/shuksham/Self-Moving-Car/ros2_ws/install/my_car_description/share/my_car_description/hook/cmake_prefix_path.sh'
[1.116s] Level 1:colcon.colcon_core.environment:checking '/home/shuksham/Self-Moving-Car/ros2_ws/install/my_car_description/bin'
[1.117s] Level 1:colcon.colcon_core.environment:checking '/home/shuksham/Self-Moving-Car/ros2_ws/install/my_car_description/lib/pkgconfig/my_car_description.pc'
[1.117s] Level 1:colcon.colcon_core.environment:checking '/home/shuksham/Self-Moving-Car/ros2_ws/install/my_car_description/lib/python3.10/site-packages'
[1.118s] Level 1:colcon.colcon_core.environment:checking '/home/shuksham/Self-Moving-Car/ros2_ws/install/my_car_description/bin'
[1.118s] INFO:colcon.colcon_core.shell:Creating package script '/home/shuksham/Self-Moving-Car/ros2_ws/install/my_car_description/share/my_car_description/package.ps1'
[1.120s] INFO:colcon.colcon_core.shell:Creating package descriptor '/home/shuksham/Self-Moving-Car/ros2_ws/install/my_car_description/share/my_car_description/package.dsv'
[1.121s] INFO:colcon.colcon_core.shell:Creating package script '/home/shuksham/Self-Moving-Car/ros2_ws/install/my_car_description/share/my_car_description/package.sh'
[1.122s] INFO:colcon.colcon_core.shell:Creating package script '/home/shuksham/Self-Moving-Car/ros2_ws/install/my_car_description/share/my_car_description/package.bash'
[1.123s] INFO:colcon.colcon_core.shell:Creating package script '/home/shuksham/Self-Moving-Car/ros2_ws/install/my_car_description/share/my_car_description/package.zsh'
[1.124s] Level 1:colcon.colcon_core.environment:create_file_with_runtime_dependencies(/home/shuksham/Self-Moving-Car/ros2_ws/install/my_car_description/share/colcon-core/packages/my_car_description)
[1.125s] Level 1:colcon.colcon_core.environment:create_environment_scripts_only(my_car_description)
[1.126s] Level 1:colcon.colcon_core.environment:checking '/home/shuksham/Self-Moving-Car/ros2_ws/install/my_car_description' for CMake module files
[1.126s] Level 1:colcon.colcon_core.environment:checking '/home/shuksham/Self-Moving-Car/ros2_ws/install/my_car_description' for CMake config files
[1.127s] Level 1:colcon.colcon_core.shell:create_environment_hook('my_car_description', 'cmake_prefix_path')
[1.127s] INFO:colcon.colcon_core.shell:Creating environment hook '/home/shuksham/Self-Moving-Car/ros2_ws/install/my_car_description/share/my_car_description/hook/cmake_prefix_path.ps1'
[1.128s] INFO:colcon.colcon_core.shell:Creating environment descriptor '/home/shuksham/Self-Moving-Car/ros2_ws/install/my_car_description/share/my_car_description/hook/cmake_prefix_path.dsv'
[1.129s] INFO:colcon.colcon_core.shell:Creating environment hook '/home/shuksham/Self-Moving-Car/ros2_ws/install/my_car_description/share/my_car_description/hook/cmake_prefix_path.sh'
[1.131s] Level 1:colcon.colcon_core.environment:checking '/home/shuksham/Self-Moving-Car/ros2_ws/install/my_car_description/bin'
[1.131s] Level 1:colcon.colcon_core.environment:checking '/home/shuksham/Self-Moving-Car/ros2_ws/install/my_car_description/lib/pkgconfig/my_car_description.pc'
[1.131s] Level 1:colcon.colcon_core.environment:checking '/home/shuksham/Self-Moving-Car/ros2_ws/install/my_car_description/lib/python3.10/site-packages'
[1.132s] Level 1:colcon.colcon_core.environment:checking '/home/shuksham/Self-Moving-Car/ros2_ws/install/my_car_description/bin'
[1.133s] INFO:colcon.colcon_core.shell:Creating package script '/home/shuksham/Self-Moving-Car/ros2_ws/install/my_car_description/share/my_car_description/package.ps1'
[1.134s] INFO:colcon.colcon_core.shell:Creating package descriptor '/home/shuksham/Self-Moving-Car/ros2_ws/install/my_car_description/share/my_car_description/package.dsv'
[1.134s] INFO:colcon.colcon_core.shell:Creating package script '/home/shuksham/Self-Moving-Car/ros2_ws/install/my_car_description/share/my_car_description/package.sh'
[1.135s] INFO:colcon.colcon_core.shell:Creating package script '/home/shuksham/Self-Moving-Car/ros2_ws/install/my_car_description/share/my_car_description/package.bash'
[1.136s] INFO:colcon.colcon_core.shell:Creating package script '/home/shuksham/Self-Moving-Car/ros2_ws/install/my_car_description/share/my_car_description/package.zsh'
[1.137s] Level 1:colcon.colcon_core.environment:create_file_with_runtime_dependencies(/home/shuksham/Self-Moving-Car/ros2_ws/install/my_car_description/share/colcon-core/packages/my_car_description)
[1.419s] DEBUG:colcon.colcon_core.event_handler.log_command:Invoking command in '/home/shuksham/Self-Moving-Car/ros2_ws/src/circular_drive_controller': PYTHONPATH=/home/shuksham/Self-Moving-Car/ros2_ws/build/circular_drive_controller/prefix_override:/usr/lib/python3/dist-packages/colcon_core/task/python/colcon_distutils_commands:/home/shuksham/Self-Moving-Car/ros2_ws/install/circular_drive_controller/lib/python3.10/site-packages:${PYTHONPATH} /usr/bin/python3 -W ignore:setup.py install is deprecated -W ignore:easy_install command is deprecated setup.py egg_info --egg-base ../../build/circular_drive_controller build --build-base /home/shuksham/Self-Moving-Car/ros2_ws/build/circular_drive_controller/build install --record /home/shuksham/Self-Moving-Car/ros2_ws/build/circular_drive_controller/install.log --single-version-externally-managed install_data
[1.638s] Level 1:colcon.colcon_core.environment:checking '/home/shuksham/Self-Moving-Car/ros2_ws/install/circular_drive_controller' for CMake module files
[1.639s] DEBUG:colcon.colcon_core.event_handler.log_command:Invoked command in '/home/shuksham/Self-Moving-Car/ros2_ws/src/circular_drive_controller' returned '0': PYTHONPATH=/home/shuksham/Self-Moving-Car/ros2_ws/build/circular_drive_controller/prefix_override:/usr/lib/python3/dist-packages/colcon_core/task/python/colcon_distutils_commands:/home/shuksham/Self-Moving-Car/ros2_ws/install/circular_drive_controller/lib/python3.10/site-packages:${PYTHONPATH} /usr/bin/python3 -W ignore:setup.py install is deprecated -W ignore:easy_install command is deprecated setup.py egg_info --egg-base ../../build/circular_drive_controller build --build-base /home/shuksham/Self-Moving-Car/ros2_ws/build/circular_drive_controller/build install --record /home/shuksham/Self-Moving-Car/ros2_ws/build/circular_drive_controller/install.log --single-version-externally-managed install_data
[1.639s] Level 1:colcon.colcon_core.environment:checking '/home/shuksham/Self-Moving-Car/ros2_ws/install/circular_drive_controller' for CMake config files
[1.640s] Level 1:colcon.colcon_core.environment:checking '/home/shuksham/Self-Moving-Car/ros2_ws/install/circular_drive_controller/lib'
[1.640s] Level 1:colcon.colcon_core.environment:checking '/home/shuksham/Self-Moving-Car/ros2_ws/install/circular_drive_controller/bin'
[1.640s] Level 1:colcon.colcon_core.environment:checking '/home/shuksham/Self-Moving-Car/ros2_ws/install/circular_drive_controller/lib/pkgconfig/circular_drive_controller.pc'
[1.640s] Level 1:colcon.colcon_core.environment:checking '/home/shuksham/Self-Moving-Car/ros2_ws/install/circular_drive_controller/lib/python3.10/site-packages'
[1.641s] Level 1:colcon.colcon_core.shell:create_environment_hook('circular_drive_controller', 'pythonpath')
[1.641s] INFO:colcon.colcon_core.shell:Creating environment hook '/home/shuksham/Self-Moving-Car/ros2_ws/install/circular_drive_controller/share/circular_drive_controller/hook/pythonpath.ps1'
[1.642s] INFO:colcon.colcon_core.shell:Creating environment descriptor '/home/shuksham/Self-Moving-Car/ros2_ws/install/circular_drive_controller/share/circular_drive_controller/hook/pythonpath.dsv'
[1.642s] INFO:colcon.colcon_core.shell:Creating environment hook '/home/shuksham/Self-Moving-Car/ros2_ws/install/circular_drive_controller/share/circular_drive_controller/hook/pythonpath.sh'
[1.643s] Level 1:colcon.colcon_core.environment:checking '/home/shuksham/Self-Moving-Car/ros2_ws/install/circular_drive_controller/bin'
[1.643s] Level 1:colcon.colcon_core.environment:create_environment_scripts_only(circular_drive_controller)
[1.643s] INFO:colcon.colcon_core.shell:Creating package script '/home/shuksham/Self-Moving-Car/ros2_ws/install/circular_drive_controller/share/circular_drive_controller/package.ps1'
[1.644s] INFO:colcon.colcon_core.shell:Creating package descriptor '/home/shuksham/Self-Moving-Car/ros2_ws/install/circular_drive_controller/share/circular_drive_controller/package.dsv'
[1.645s] INFO:colcon.colcon_core.shell:Creating package script '/home/shuksham/Self-Moving-Car/ros2_ws/install/circular_drive_controller/share/circular_drive_controller/package.sh'
[1.645s] INFO:colcon.colcon_core.shell:Creating package script '/home/shuksham/Self-Moving-Car/ros2_ws/install/circular_drive_controller/share/circular_drive_controller/package.bash'
[1.645s] INFO:colcon.colcon_core.shell:Creating package script '/home/shuksham/Self-Moving-Car/ros2_ws/install/circular_drive_controller/share/circular_drive_controller/package.zsh'
[1.646s] Level 1:colcon.colcon_core.environment:create_file_with_runtime_dependencies(/home/shuksham/Self-Moving-Car/ros2_ws/install/circular_drive_controller/share/colcon-core/packages/circular_drive_controller)
[1.646s] DEBUG:colcon.colcon_parallel_executor.executor.parallel:closing loop
[1.647s] DEBUG:colcon.colcon_parallel_executor.executor.parallel:loop closed
[1.647s] DEBUG:colcon.colcon_parallel_executor.executor.parallel:run_until_complete finished with '0'
[1.647s] DEBUG:colcon.colcon_core.event_reactor:joining thread
[1.696s] INFO:colcon.colcon_core.plugin_system:Skipping extension 'colcon_notification.desktop_notification.notify_send': Could not find 'notify-send'
[1.696s] INFO:colcon.colcon_core.plugin_system:Skipping extension 'colcon_notification.desktop_notification.terminal_notifier': Not used on non-Darwin systems
[1.696s] INFO:colcon.colcon_core.plugin_system:Skipping extension 'colcon_notification.desktop_notification.win32': Not used on non-Windows systems
[1.696s] INFO:colcon.colcon_notification.desktop_notification:Sending desktop notification using 'notify2'
[1.696s] DEBUG:colcon.colcon_notification.desktop_notification.notify2:Failed to initialize notify2: org.freedesktop.DBus.Error.FileNotFound: Failed to connect to socket /run/user/1000/bus: No such file or directory
[1.697s] DEBUG:colcon.colcon_core.event_reactor:joined thread
[1.697s] INFO:colcon.colcon_core.shell:Creating prefix script '/home/shuksham/Self-Moving-Car/ros2_ws/install/local_setup.ps1'
[1.700s] INFO:colcon.colcon_core.shell:Creating prefix util module '/home/shuksham/Self-Moving-Car/ros2_ws/install/_local_setup_util_ps1.py'
[1.703s] INFO:colcon.colcon_core.shell:Creating prefix chain script '/home/shuksham/Self-Moving-Car/ros2_ws/install/setup.ps1'
[1.704s] INFO:colcon.colcon_core.shell:Creating prefix script '/home/shuksham/Self-Moving-Car/ros2_ws/install/local_setup.sh'
[1.705s] INFO:colcon.colcon_core.shell:Creating prefix util module '/home/shuksham/Self-Moving-Car/ros2_ws/install/_local_setup_util_sh.py'
[1.706s] INFO:colcon.colcon_core.shell:Creating prefix chain script '/home/shuksham/Self-Moving-Car/ros2_ws/install/setup.sh'
[1.707s] INFO:colcon.colcon_core.shell:Creating prefix script '/home/shuksham/Self-Moving-Car/ros2_ws/install/local_setup.bash'
[1.708s] INFO:colcon.colcon_core.shell:Creating prefix chain script '/home/shuksham/Self-Moving-Car/ros2_ws/install/setup.bash'
[1.711s] INFO:colcon.colcon_core.shell:Creating prefix script '/home/shuksham/Self-Moving-Car/ros2_ws/install/local_setup.zsh'
[1.713s] INFO:colcon.colcon_core.shell:Creating prefix chain script '/home/shuksham/Self-Moving-Car/ros2_ws/install/setup.zsh'
