[0.010s] Invoking command in '/home/kunal-singh/Desktop/Self_Moving_Car/ros2_ws/build/my_car_description': CMAKE_PREFIX_PATH=${CMAKE_PREFIX_PATH}:/opt/ros/humble /usr/bin/cmake /home/kunal-singh/Desktop/Self_Moving_Car/ros2_ws/src/my_car_description -DAMENT_CMAKE_SYMLINK_INSTALL=1 -DCMAKE_INSTALL_PREFIX=/home/kunal-singh/Desktop/Self_Moving_Car/ros2_ws/install/my_car_description
[0.024s] -- Found ament_cmake: 1.3.12 (/opt/ros/humble/share/ament_cmake/cmake)
[0.140s] -- Override CMake install command with custom implementation using symlinks instead of copying resources
[0.231s] -- Configuring done
[0.234s] -- Generating done
[0.236s] -- Build files have been written to: /home/kunal-singh/Desktop/Self_Moving_Car/ros2_ws/build/my_car_description
[0.238s] Invoked command in '/home/kunal-singh/Desktop/Self_Moving_Car/ros2_ws/build/my_car_description' returned '0': CMAKE_PREFIX_PATH=${CMAKE_PREFIX_PATH}:/opt/ros/humble /usr/bin/cmake /home/kunal-singh/Desktop/Self_Moving_Car/ros2_ws/src/my_car_description -DAMENT_CMAKE_SYMLINK_INSTALL=1 -DCMAKE_INSTALL_PREFIX=/home/kunal-singh/Desktop/Self_Moving_Car/ros2_ws/install/my_car_description
[0.240s] Invoking command in '/home/kunal-singh/Desktop/Self_Moving_Car/ros2_ws/build/my_car_description': CMAKE_PREFIX_PATH=${CMAKE_PREFIX_PATH}:/opt/ros/humble /usr/bin/cmake --build /home/kunal-singh/Desktop/Self_Moving_Car/ros2_ws/build/my_car_description -- -j4 -l4
[0.271s] Invoked command in '/home/kunal-singh/Desktop/Self_Moving_Car/ros2_ws/build/my_car_description' returned '0': CMAKE_PREFIX_PATH=${CMAKE_PREFIX_PATH}:/opt/ros/humble /usr/bin/cmake --build /home/kunal-singh/Desktop/Self_Moving_Car/ros2_ws/build/my_car_description -- -j4 -l4
[0.281s] Invoking command in '/home/kunal-singh/Desktop/Self_Moving_Car/ros2_ws/build/my_car_description': CMAKE_PREFIX_PATH=${CMAKE_PREFIX_PATH}:/opt/ros/humble /usr/bin/cmake --install /home/kunal-singh/Desktop/Self_Moving_Car/ros2_ws/build/my_car_description
[0.287s] -- Install configuration: ""
[0.287s] -- Execute custom install script
[0.288s] -- Up-to-date symlink: /home/kunal-singh/Desktop/Self_Moving_Car/ros2_ws/install/my_car_description/share/my_car_description/launch/display.launch.py
[0.288s] -- Symlinking: /home/kunal-singh/Desktop/Self_Moving_Car/ros2_ws/install/my_car_description/share/my_car_description/launch/gazebo.launch.py
[0.295s] -- Up-to-date symlink: /home/kunal-singh/Desktop/Self_Moving_Car/ros2_ws/install/my_car_description/share/my_car_description/urdf/my_car.urdf
[0.296s] -- Up-to-date symlink: /home/kunal-singh/Desktop/Self_Moving_Car/ros2_ws/install/my_car_description/share/my_car_description/urdf/my_car.urdf.xacro
[0.296s] -- Up-to-date symlink: /home/kunal-singh/Desktop/Self_Moving_Car/ros2_ws/install/my_car_description/share/ament_index/resource_index/package_run_dependencies/my_car_description
[0.296s] -- Up-to-date symlink: /home/kunal-singh/Desktop/Self_Moving_Car/ros2_ws/install/my_car_description/share/ament_index/resource_index/parent_prefix_path/my_car_description
[0.296s] -- Up-to-date symlink: /home/kunal-singh/Desktop/Self_Moving_Car/ros2_ws/install/my_car_description/share/my_car_description/environment/ament_prefix_path.sh
[0.296s] -- Up-to-date symlink: /home/kunal-singh/Desktop/Self_Moving_Car/ros2_ws/install/my_car_description/share/my_car_description/environment/ament_prefix_path.dsv
[0.297s] -- Up-to-date symlink: /home/kunal-singh/Desktop/Self_Moving_Car/ros2_ws/install/my_car_description/share/my_car_description/environment/path.sh
[0.297s] -- Up-to-date symlink: /home/kunal-singh/Desktop/Self_Moving_Car/ros2_ws/install/my_car_description/share/my_car_description/environment/path.dsv
[0.297s] -- Up-to-date symlink: /home/kunal-singh/Desktop/Self_Moving_Car/ros2_ws/install/my_car_description/share/my_car_description/local_setup.bash
[0.297s] -- Up-to-date symlink: /home/kunal-singh/Desktop/Self_Moving_Car/ros2_ws/install/my_car_description/share/my_car_description/local_setup.sh
[0.297s] -- Up-to-date symlink: /home/kunal-singh/Desktop/Self_Moving_Car/ros2_ws/install/my_car_description/share/my_car_description/local_setup.zsh
[0.298s] -- Up-to-date symlink: /home/kunal-singh/Desktop/Self_Moving_Car/ros2_ws/install/my_car_description/share/my_car_description/local_setup.dsv
[0.298s] -- Symlinking: /home/kunal-singh/Desktop/Self_Moving_Car/ros2_ws/install/my_car_description/share/my_car_description/package.dsv
[0.306s] -- Up-to-date symlink: /home/kunal-singh/Desktop/Self_Moving_Car/ros2_ws/install/my_car_description/share/ament_index/resource_index/packages/my_car_description
[0.307s] -- Up-to-date symlink: /home/kunal-singh/Desktop/Self_Moving_Car/ros2_ws/install/my_car_description/share/my_car_description/cmake/my_car_descriptionConfig.cmake
[0.307s] -- Up-to-date symlink: /home/kunal-singh/Desktop/Self_Moving_Car/ros2_ws/install/my_car_description/share/my_car_description/cmake/my_car_descriptionConfig-version.cmake
[0.307s] -- Up-to-date symlink: /home/kunal-singh/Desktop/Self_Moving_Car/ros2_ws/install/my_car_description/share/my_car_description/package.xml
[0.310s] Invoked command in '/home/kunal-singh/Desktop/Self_Moving_Car/ros2_ws/build/my_car_description' returned '0': CMAKE_PREFIX_PATH=${CMAKE_PREFIX_PATH}:/opt/ros/humble /usr/bin/cmake --install /home/kunal-singh/Desktop/Self_Moving_Car/ros2_ws/build/my_car_description
