[0.854s] Invoking command in '/home/shuksham/Self-Moving-Car/ros2_ws/src/circular_drive_controller': PYTHONPATH=/home/shuksham/Self-Moving-Car/ros2_ws/build/circular_drive_controller/prefix_override:/usr/lib/python3/dist-packages/colcon_core/task/python/colcon_distutils_commands:/home/shuksham/Self-Moving-Car/ros2_ws/install/circular_drive_controller/lib/python3.10/site-packages:${PYTHONPATH} /usr/bin/python3 -W ignore:setup.py install is deprecated -W ignore:easy_install command is deprecated setup.py egg_info --egg-base ../../build/circular_drive_controller build --build-base /home/shuksham/Self-Moving-Car/ros2_ws/build/circular_drive_controller/build install --record /home/shuksham/Self-Moving-Car/ros2_ws/build/circular_drive_controller/install.log --single-version-externally-managed install_data
[1.003s] running egg_info
[1.003s] writing ../../build/circular_drive_controller/circular_drive_controller.egg-info/PKG-INFO
[1.004s] writing dependency_links to ../../build/circular_drive_controller/circular_drive_controller.egg-info/dependency_links.txt
[1.004s] writing entry points to ../../build/circular_drive_controller/circular_drive_controller.egg-info/entry_points.txt
[1.004s] writing requirements to ../../build/circular_drive_controller/circular_drive_controller.egg-info/requires.txt
[1.004s] writing top-level names to ../../build/circular_drive_controller/circular_drive_controller.egg-info/top_level.txt
[1.006s] reading manifest file '../../build/circular_drive_controller/circular_drive_controller.egg-info/SOURCES.txt'
[1.006s] writing manifest file '../../build/circular_drive_controller/circular_drive_controller.egg-info/SOURCES.txt'
[1.007s] running build
[1.007s] running build_py
[1.007s] copying circular_drive_controller/mission_node.py -> /home/shuksham/Self-Moving-Car/ros2_ws/build/circular_drive_controller/build/lib/circular_drive_controller
[1.008s] running install
[1.008s] running install_lib
[1.009s] copying /home/shuksham/Self-Moving-Car/ros2_ws/build/circular_drive_controller/build/lib/circular_drive_controller/mission_node.py -> /home/shuksham/Self-Moving-Car/ros2_ws/install/circular_drive_controller/lib/python3.10/site-packages/circular_drive_controller
[1.009s] byte-compiling /home/shuksham/Self-Moving-Car/ros2_ws/install/circular_drive_controller/lib/python3.10/site-packages/circular_drive_controller/mission_node.py to mission_node.cpython-310.pyc
[1.011s] running install_data
[1.011s] running install_egg_info
[1.014s] removing '/home/shuksham/Self-Moving-Car/ros2_ws/install/circular_drive_controller/lib/python3.10/site-packages/circular_drive_controller-0.0.0-py3.10.egg-info' (and everything under it)
[1.014s] Copying ../../build/circular_drive_controller/circular_drive_controller.egg-info to /home/shuksham/Self-Moving-Car/ros2_ws/install/circular_drive_controller/lib/python3.10/site-packages/circular_drive_controller-0.0.0-py3.10.egg-info
[1.015s] running install_scripts
[1.031s] Installing control_node script to /home/shuksham/Self-Moving-Car/ros2_ws/install/circular_drive_controller/lib/circular_drive_controller
[1.032s] Installing mission_node script to /home/shuksham/Self-Moving-Car/ros2_ws/install/circular_drive_controller/lib/circular_drive_controller
[1.032s] writing list of installed files to '/home/shuksham/Self-Moving-Car/ros2_ws/build/circular_drive_controller/install.log'
[1.051s] Invoked command in '/home/shuksham/Self-Moving-Car/ros2_ws/src/circular_drive_controller' returned '0': PYTHONPATH=/home/shuksham/Self-Moving-Car/ros2_ws/build/circular_drive_controller/prefix_override:/usr/lib/python3/dist-packages/colcon_core/task/python/colcon_distutils_commands:/home/shuksham/Self-Moving-Car/ros2_ws/install/circular_drive_controller/lib/python3.10/site-packages:${PYTHONPATH} /usr/bin/python3 -W ignore:setup.py install is deprecated -W ignore:easy_install command is deprecated setup.py egg_info --egg-base ../../build/circular_drive_controller build --build-base /home/shuksham/Self-Moving-Car/ros2_ws/build/circular_drive_controller/build install --record /home/shuksham/Self-Moving-Car/ros2_ws/build/circular_drive_controller/install.log --single-version-externally-managed install_data
