running egg_info
creating ../../build/circular_drive_controller/circular_drive_controller.egg-info
writing ../../build/circular_drive_controller/circular_drive_controller.egg-info/PKG-INFO
writing dependency_links to ../../build/circular_drive_controller/circular_drive_controller.egg-info/dependency_links.txt
writing entry points to ../../build/circular_drive_controller/circular_drive_controller.egg-info/entry_points.txt
writing requirements to ../../build/circular_drive_controller/circular_drive_controller.egg-info/requires.txt
writing top-level names to ../../build/circular_drive_controller/circular_drive_controller.egg-info/top_level.txt
writing manifest file '../../build/circular_drive_controller/circular_drive_controller.egg-info/SOURCES.txt'
reading manifest file '../../build/circular_drive_controller/circular_drive_controller.egg-info/SOURCES.txt'
writing manifest file '../../build/circular_drive_controller/circular_drive_controller.egg-info/SOURCES.txt'
running build
running build_py
creating /home/kunal-singh/Desktop/Self_Moving_Car/ros2_ws/build/circular_drive_controller/build
creating /home/kunal-singh/Desktop/Self_Moving_Car/ros2_ws/build/circular_drive_controller/build/lib
creating /home/kunal-singh/Desktop/Self_Moving_Car/ros2_ws/build/circular_drive_controller/build/lib/circular_drive_controller
copying circular_drive_controller/test_ekf_logic.py -> /home/kunal-singh/Desktop/Self_Moving_Car/ros2_ws/build/circular_drive_controller/build/lib/circular_drive_controller
copying circular_drive_controller/__init__.py -> /home/kunal-singh/Desktop/Self_Moving_Car/ros2_ws/build/circular_drive_controller/build/lib/circular_drive_controller
copying circular_drive_controller/mission_node.py -> /home/kunal-singh/Desktop/Self_Moving_Car/ros2_ws/build/circular_drive_controller/build/lib/circular_drive_controller
copying circular_drive_controller/control_node.py -> /home/kunal-singh/Desktop/Self_Moving_Car/ros2_ws/build/circular_drive_controller/build/lib/circular_drive_controller
running install
running install_lib
creating /home/kunal-singh/Desktop/Self_Moving_Car/ros2_ws/install/circular_drive_controller/lib/python3.10/site-packages/circular_drive_controller
copying /home/kunal-singh/Desktop/Self_Moving_Car/ros2_ws/build/circular_drive_controller/build/lib/circular_drive_controller/test_ekf_logic.py -> /home/kunal-singh/Desktop/Self_Moving_Car/ros2_ws/install/circular_drive_controller/lib/python3.10/site-packages/circular_drive_controller
copying /home/kunal-singh/Desktop/Self_Moving_Car/ros2_ws/build/circular_drive_controller/build/lib/circular_drive_controller/__init__.py -> /home/kunal-singh/Desktop/Self_Moving_Car/ros2_ws/install/circular_drive_controller/lib/python3.10/site-packages/circular_drive_controller
copying /home/kunal-singh/Desktop/Self_Moving_Car/ros2_ws/build/circular_drive_controller/build/lib/circular_drive_controller/mission_node.py -> /home/kunal-singh/Desktop/Self_Moving_Car/ros2_ws/install/circular_drive_controller/lib/python3.10/site-packages/circular_drive_controller
copying /home/kunal-singh/Desktop/Self_Moving_Car/ros2_ws/build/circular_drive_controller/build/lib/circular_drive_controller/control_node.py -> /home/kunal-singh/Desktop/Self_Moving_Car/ros2_ws/install/circular_drive_controller/lib/python3.10/site-packages/circular_drive_controller
byte-compiling /home/kunal-singh/Desktop/Self_Moving_Car/ros2_ws/install/circular_drive_controller/lib/python3.10/site-packages/circular_drive_controller/test_ekf_logic.py to test_ekf_logic.cpython-310.pyc
byte-compiling /home/kunal-singh/Desktop/Self_Moving_Car/ros2_ws/install/circular_drive_controller/lib/python3.10/site-packages/circular_drive_controller/__init__.py to __init__.cpython-310.pyc
byte-compiling /home/kunal-singh/Desktop/Self_Moving_Car/ros2_ws/install/circular_drive_controller/lib/python3.10/site-packages/circular_drive_controller/mission_node.py to mission_node.cpython-310.pyc
byte-compiling /home/kunal-singh/Desktop/Self_Moving_Car/ros2_ws/install/circular_drive_controller/lib/python3.10/site-packages/circular_drive_controller/control_node.py to control_node.cpython-310.pyc
running install_data
creating /home/kunal-singh/Desktop/Self_Moving_Car/ros2_ws/install/circular_drive_controller/share/ament_index
creating /home/kunal-singh/Desktop/Self_Moving_Car/ros2_ws/install/circular_drive_controller/share/ament_index/resource_index
creating /home/kunal-singh/Desktop/Self_Moving_Car/ros2_ws/install/circular_drive_controller/share/ament_index/resource_index/packages
copying resource/circular_drive_controller -> /home/kunal-singh/Desktop/Self_Moving_Car/ros2_ws/install/circular_drive_controller/share/ament_index/resource_index/packages
copying package.xml -> /home/kunal-singh/Desktop/Self_Moving_Car/ros2_ws/install/circular_drive_controller/share/circular_drive_controller
running install_egg_info
Copying ../../build/circular_drive_controller/circular_drive_controller.egg-info to /home/kunal-singh/Desktop/Self_Moving_Car/ros2_ws/install/circular_drive_controller/lib/python3.10/site-packages/circular_drive_controller-0.0.0-py3.10.egg-info
running install_scripts
Installing control_node script to /home/kunal-singh/Desktop/Self_Moving_Car/ros2_ws/install/circular_drive_controller/lib/circular_drive_controller
Installing mission_node script to /home/kunal-singh/Desktop/Self_Moving_Car/ros2_ws/install/circular_drive_controller/lib/circular_drive_controller
writing list of installed files to '/home/kunal-singh/Desktop/Self_Moving_Car/ros2_ws/build/circular_drive_controller/install.log'
