[0.609s] Invoking command in '/home/kunal-singh/Desktop/Self_Moving_Car/ros2_ws/build/circular_drive_controller': PYTHONPATH=/home/kunal-singh/Desktop/Self_Moving_Car/ros2_ws/build/circular_drive_controller/prefix_override:/usr/lib/python3/dist-packages/colcon_core/task/python/colcon_distutils_commands:/home/kunal-singh/Desktop/Self_Moving_Car/ros2_ws/install/circular_drive_controller/lib/python3.10/site-packages:${PYTHONPATH} /usr/bin/python3 -W ignore:setup.py install is deprecated -W ignore:easy_install command is deprecated setup.py develop --uninstall --editable --build-directory /home/kunal-singh/Desktop/Self_Moving_Car/ros2_ws/build/circular_drive_controller/build
[0.836s] running develop
[0.983s] Removing /home/kunal-singh/Desktop/Self_Moving_Car/ros2_ws/install/circular_drive_controller/lib/python3.10/site-packages/circular-drive-controller.egg-link (link to .)
[1.009s] Invoked command in '/home/kunal-singh/Desktop/Self_Moving_Car/ros2_ws/build/circular_drive_controller' returned '0': PYTHONPATH=/home/kunal-singh/Desktop/Self_Moving_Car/ros2_ws/build/circular_drive_controller/prefix_override:/usr/lib/python3/dist-packages/colcon_core/task/python/colcon_distutils_commands:/home/kunal-singh/Desktop/Self_Moving_Car/ros2_ws/install/circular_drive_controller/lib/python3.10/site-packages:${PYTHONPATH} /usr/bin/python3 -W ignore:setup.py install is deprecated -W ignore:easy_install command is deprecated setup.py develop --uninstall --editable --build-directory /home/kunal-singh/Desktop/Self_Moving_Car/ros2_ws/build/circular_drive_controller/build
[1.010s] Invoking command in '/home/kunal-singh/Desktop/Self_Moving_Car/ros2_ws/src/circular_drive_controller': PYTHONPATH=/home/kunal-singh/Desktop/Self_Moving_Car/ros2_ws/build/circular_drive_controller/prefix_override:/usr/lib/python3/dist-packages/colcon_core/task/python/colcon_distutils_commands:/home/kunal-singh/Desktop/Self_Moving_Car/ros2_ws/install/circular_drive_controller/lib/python3.10/site-packages:${PYTHONPATH} /usr/bin/python3 -W ignore:setup.py install is deprecated -W ignore:easy_install command is deprecated setup.py egg_info --egg-base ../../build/circular_drive_controller build --build-base /home/kunal-singh/Desktop/Self_Moving_Car/ros2_ws/build/circular_drive_controller/build install --record /home/kunal-singh/Desktop/Self_Moving_Car/ros2_ws/build/circular_drive_controller/install.log --single-version-externally-managed install_data --force
[1.213s] running egg_info
[1.214s] writing ../../build/circular_drive_controller/circular_drive_controller.egg-info/PKG-INFO
[1.214s] writing dependency_links to ../../build/circular_drive_controller/circular_drive_controller.egg-info/dependency_links.txt
[1.214s] writing entry points to ../../build/circular_drive_controller/circular_drive_controller.egg-info/entry_points.txt
[1.214s] writing requirements to ../../build/circular_drive_controller/circular_drive_controller.egg-info/requires.txt
[1.214s] writing top-level names to ../../build/circular_drive_controller/circular_drive_controller.egg-info/top_level.txt
[1.217s] reading manifest file '../../build/circular_drive_controller/circular_drive_controller.egg-info/SOURCES.txt'
[1.218s] writing manifest file '../../build/circular_drive_controller/circular_drive_controller.egg-info/SOURCES.txt'
[1.218s] running build
[1.218s] running build_py
[1.218s] copying circular_drive_controller/test_ekf_logic.py -> /home/kunal-singh/Desktop/Self_Moving_Car/ros2_ws/build/circular_drive_controller/build/lib/circular_drive_controller
[1.219s] copying circular_drive_controller/mission_node.py -> /home/kunal-singh/Desktop/Self_Moving_Car/ros2_ws/build/circular_drive_controller/build/lib/circular_drive_controller
[1.219s] copying circular_drive_controller/control_node.py -> /home/kunal-singh/Desktop/Self_Moving_Car/ros2_ws/build/circular_drive_controller/build/lib/circular_drive_controller
[1.219s] running install
[1.220s] running install_lib
[1.221s] copying /home/kunal-singh/Desktop/Self_Moving_Car/ros2_ws/build/circular_drive_controller/build/lib/circular_drive_controller/test_ekf_logic.py -> /home/kunal-singh/Desktop/Self_Moving_Car/ros2_ws/install/circular_drive_controller/lib/python3.10/site-packages/circular_drive_controller
[1.221s] copying /home/kunal-singh/Desktop/Self_Moving_Car/ros2_ws/build/circular_drive_controller/build/lib/circular_drive_controller/__init__.py -> /home/kunal-singh/Desktop/Self_Moving_Car/ros2_ws/install/circular_drive_controller/lib/python3.10/site-packages/circular_drive_controller
[1.221s] copying /home/kunal-singh/Desktop/Self_Moving_Car/ros2_ws/build/circular_drive_controller/build/lib/circular_drive_controller/mission_node.py -> /home/kunal-singh/Desktop/Self_Moving_Car/ros2_ws/install/circular_drive_controller/lib/python3.10/site-packages/circular_drive_controller
[1.221s] copying /home/kunal-singh/Desktop/Self_Moving_Car/ros2_ws/build/circular_drive_controller/build/lib/circular_drive_controller/control_node.py -> /home/kunal-singh/Desktop/Self_Moving_Car/ros2_ws/install/circular_drive_controller/lib/python3.10/site-packages/circular_drive_controller
[1.222s] byte-compiling /home/kunal-singh/Desktop/Self_Moving_Car/ros2_ws/install/circular_drive_controller/lib/python3.10/site-packages/circular_drive_controller/test_ekf_logic.py to test_ekf_logic.cpython-310.pyc
[1.229s] byte-compiling /home/kunal-singh/Desktop/Self_Moving_Car/ros2_ws/install/circular_drive_controller/lib/python3.10/site-packages/circular_drive_controller/__init__.py to __init__.cpython-310.pyc
[1.229s] byte-compiling /home/kunal-singh/Desktop/Self_Moving_Car/ros2_ws/install/circular_drive_controller/lib/python3.10/site-packages/circular_drive_controller/mission_node.py to mission_node.cpython-310.pyc
[1.230s] byte-compiling /home/kunal-singh/Desktop/Self_Moving_Car/ros2_ws/install/circular_drive_controller/lib/python3.10/site-packages/circular_drive_controller/mock_robot.py to mock_robot.cpython-310.pyc
[1.230s] byte-compiling /home/kunal-singh/Desktop/Self_Moving_Car/ros2_ws/install/circular_drive_controller/lib/python3.10/site-packages/circular_drive_controller/control_node.py to control_node.cpython-310.pyc
[1.233s] running install_data
[1.233s] copying resource/circular_drive_controller -> /home/kunal-singh/Desktop/Self_Moving_Car/ros2_ws/install/circular_drive_controller/share/ament_index/resource_index/packages
[1.233s] copying package.xml -> /home/kunal-singh/Desktop/Self_Moving_Car/ros2_ws/install/circular_drive_controller/share/circular_drive_controller
[1.233s] running install_egg_info
[1.237s] Copying ../../build/circular_drive_controller/circular_drive_controller.egg-info to /home/kunal-singh/Desktop/Self_Moving_Car/ros2_ws/install/circular_drive_controller/lib/python3.10/site-packages/circular_drive_controller-0.0.0-py3.10.egg-info
[1.237s] running install_scripts
[1.257s] Installing control_node script to /home/kunal-singh/Desktop/Self_Moving_Car/ros2_ws/install/circular_drive_controller/lib/circular_drive_controller
[1.257s] Installing mission_node script to /home/kunal-singh/Desktop/Self_Moving_Car/ros2_ws/install/circular_drive_controller/lib/circular_drive_controller
[1.257s] writing list of installed files to '/home/kunal-singh/Desktop/Self_Moving_Car/ros2_ws/build/circular_drive_controller/install.log'
[1.283s] Invoked command in '/home/kunal-singh/Desktop/Self_Moving_Car/ros2_ws/src/circular_drive_controller' returned '0': PYTHONPATH=/home/kunal-singh/Desktop/Self_Moving_Car/ros2_ws/build/circular_drive_controller/prefix_override:/usr/lib/python3/dist-packages/colcon_core/task/python/colcon_distutils_commands:/home/kunal-singh/Desktop/Self_Moving_Car/ros2_ws/install/circular_drive_controller/lib/python3.10/site-packages:${PYTHONPATH} /usr/bin/python3 -W ignore:setup.py install is deprecated -W ignore:easy_install command is deprecated setup.py egg_info --egg-base ../../build/circular_drive_controller build --build-base /home/kunal-singh/Desktop/Self_Moving_Car/ros2_ws/build/circular_drive_controller/build install --record /home/kunal-singh/Desktop/Self_Moving_Car/ros2_ws/build/circular_drive_controller/install.log --single-version-externally-managed install_data --force
