running egg_info
writing ../../build/circular_drive_controller/circular_drive_controller.egg-info/PKG-INFO
writing dependency_links to ../../build/circular_drive_controller/circular_drive_controller.egg-info/dependency_links.txt
writing entry points to ../../build/circular_drive_controller/circular_drive_controller.egg-info/entry_points.txt
writing requirements to ../../build/circular_drive_controller/circular_drive_controller.egg-info/requires.txt
writing top-level names to ../../build/circular_drive_controller/circular_drive_controller.egg-info/top_level.txt
reading manifest file '../../build/circular_drive_controller/circular_drive_controller.egg-info/SOURCES.txt'
writing manifest file '../../build/circular_drive_controller/circular_drive_controller.egg-info/SOURCES.txt'
running build
running build_py
running install
running install_lib
running install_data
running install_egg_info
removing '/home/shuksham/Self-Moving-Car/ros2_ws/install/circular_drive_controller/lib/python3.10/site-packages/circular_drive_controller-0.0.0-py3.10.egg-info' (and everything under it)
Copying ../../build/circular_drive_controller/circular_drive_controller.egg-info to /home/shuksham/Self-Moving-Car/ros2_ws/install/circular_drive_controller/lib/python3.10/site-packages/circular_drive_controller-0.0.0-py3.10.egg-info
running install_scripts
Installing control_node script to /home/shuksham/Self-Moving-Car/ros2_ws/install/circular_drive_controller/lib/circular_drive_controller
Installing mission_node script to /home/shuksham/Self-Moving-Car/ros2_ws/install/circular_drive_controller/lib/circular_drive_controller
writing list of installed files to '/home/shuksham/Self-Moving-Car/ros2_ws/build/circular_drive_controller/install.log'
