[0.264s] Invoking command in '/home/kunal-singh/Desktop/Self_Moving_Car/ros2_ws/build/my_car_description': CMAKE_PREFIX_PATH=/opt/ros/humble /usr/bin/cmake /home/kunal-singh/Desktop/Self_Moving_Car/ros2_ws/src/my_car_description -DCMAKE_INSTALL_PREFIX=/home/kunal-singh/Desktop/Self_Moving_Car/ros2_ws/install/my_car_description
[1.224s] -- The C compiler identification is GNU 11.4.0
[1.957s] -- The CXX compiler identification is GNU 11.4.0
[1.966s] -- Detecting C compiler ABI info
[2.160s] -- Detecting C compiler ABI info - done
[2.169s] -- Check for working C compiler: /usr/bin/cc - skipped
[2.169s] -- Detecting C compile features
[2.196s] -- Detecting C compile features - done
[2.204s] -- Detecting CXX compiler ABI info
[2.369s] -- Detecting CXX compiler ABI info - done
[2.376s] -- Check for working CXX compiler: /usr/bin/c++ - skipped
[2.376s] -- Detecting CXX compile features
[2.376s] -- Detecting CXX compile features - done
[2.457s] -- Found ament_cmake: 1.3.12 (/opt/ros/humble/share/ament_cmake/cmake)
[2.692s] -- Found Python3: /usr/bin/python3 (found version "3.10.12") found components: Interpreter 
[2.943s] -- Found ament_lint_auto: 0.12.14 (/opt/ros/humble/share/ament_lint_auto/cmake)
[3.125s] -- Added test 'flake8' to check Python code syntax and style conventions
[3.126s] -- Added test 'lint_cmake' to check CMake code style
[3.127s] -- Added test 'pep257' to check Python code against some of the docstring style conventions in PEP 257
[3.129s] -- Added test 'xmllint' to check XML markup files
[3.131s] -- Configuring done
[3.134s] -- Generating done
[3.135s] -- Build files have been written to: /home/kunal-singh/Desktop/Self_Moving_Car/ros2_ws/build/my_car_description
[3.139s] Invoked command in '/home/kunal-singh/Desktop/Self_Moving_Car/ros2_ws/build/my_car_description' returned '0': CMAKE_PREFIX_PATH=/opt/ros/humble /usr/bin/cmake /home/kunal-singh/Desktop/Self_Moving_Car/ros2_ws/src/my_car_description -DCMAKE_INSTALL_PREFIX=/home/kunal-singh/Desktop/Self_Moving_Car/ros2_ws/install/my_car_description
[3.141s] Invoking command in '/home/kunal-singh/Desktop/Self_Moving_Car/ros2_ws/build/my_car_description': CMAKE_PREFIX_PATH=/opt/ros/humble /usr/bin/cmake --build /home/kunal-singh/Desktop/Self_Moving_Car/ros2_ws/build/my_car_description -- -j4 -l4
[3.173s] Invoked command in '/home/kunal-singh/Desktop/Self_Moving_Car/ros2_ws/build/my_car_description' returned '0': CMAKE_PREFIX_PATH=/opt/ros/humble /usr/bin/cmake --build /home/kunal-singh/Desktop/Self_Moving_Car/ros2_ws/build/my_car_description -- -j4 -l4
[3.181s] Invoking command in '/home/kunal-singh/Desktop/Self_Moving_Car/ros2_ws/build/my_car_description': CMAKE_PREFIX_PATH=/opt/ros/humble /usr/bin/cmake --install /home/kunal-singh/Desktop/Self_Moving_Car/ros2_ws/build/my_car_description
[3.187s] -- Install configuration: ""
[3.187s] -- Installing: /home/kunal-singh/Desktop/Self_Moving_Car/ros2_ws/install/my_car_description/share/my_car_description/launch
[3.188s] -- Installing: /home/kunal-singh/Desktop/Self_Moving_Car/ros2_ws/install/my_car_description/share/my_car_description/launch/gazebo_launch.py
[3.188s] -- Installing: /home/kunal-singh/Desktop/Self_Moving_Car/ros2_ws/install/my_car_description/share/my_car_description/urdf
[3.188s] -- Installing: /home/kunal-singh/Desktop/Self_Moving_Car/ros2_ws/install/my_car_description/share/my_car_description/urdf/my_car.urdf.xacro
[3.216s] -- Installing: /home/kunal-singh/Desktop/Self_Moving_Car/ros2_ws/install/my_car_description/share/my_car_description/urdf/my_car.urdf
[3.217s] -- Installing: /home/kunal-singh/Desktop/Self_Moving_Car/ros2_ws/install/my_car_description/share/ament_index/resource_index/package_run_dependencies/my_car_description
[3.217s] -- Installing: /home/kunal-singh/Desktop/Self_Moving_Car/ros2_ws/install/my_car_description/share/ament_index/resource_index/parent_prefix_path/my_car_description
[3.217s] -- Installing: /home/kunal-singh/Desktop/Self_Moving_Car/ros2_ws/install/my_car_description/share/my_car_description/environment/ament_prefix_path.sh
[3.218s] -- Installing: /home/kunal-singh/Desktop/Self_Moving_Car/ros2_ws/install/my_car_description/share/my_car_description/environment/ament_prefix_path.dsv
[3.218s] -- Installing: /home/kunal-singh/Desktop/Self_Moving_Car/ros2_ws/install/my_car_description/share/my_car_description/environment/path.sh
[3.218s] -- Installing: /home/kunal-singh/Desktop/Self_Moving_Car/ros2_ws/install/my_car_description/share/my_car_description/environment/path.dsv
[3.218s] -- Installing: /home/kunal-singh/Desktop/Self_Moving_Car/ros2_ws/install/my_car_description/share/my_car_description/local_setup.bash
[3.219s] -- Installing: /home/kunal-singh/Desktop/Self_Moving_Car/ros2_ws/install/my_car_description/share/my_car_description/local_setup.sh
[3.219s] -- Installing: /home/kunal-singh/Desktop/Self_Moving_Car/ros2_ws/install/my_car_description/share/my_car_description/local_setup.zsh
[3.219s] -- Installing: /home/kunal-singh/Desktop/Self_Moving_Car/ros2_ws/install/my_car_description/share/my_car_description/local_setup.dsv
[3.219s] -- Installing: /home/kunal-singh/Desktop/Self_Moving_Car/ros2_ws/install/my_car_description/share/my_car_description/package.dsv
[3.220s] -- Installing: /home/kunal-singh/Desktop/Self_Moving_Car/ros2_ws/install/my_car_description/share/ament_index/resource_index/packages/my_car_description
[3.220s] -- Installing: /home/kunal-singh/Desktop/Self_Moving_Car/ros2_ws/install/my_car_description/share/my_car_description/cmake/my_car_descriptionConfig.cmake
[3.220s] -- Installing: /home/kunal-singh/Desktop/Self_Moving_Car/ros2_ws/install/my_car_description/share/my_car_description/cmake/my_car_descriptionConfig-version.cmake
[3.220s] -- Installing: /home/kunal-singh/Desktop/Self_Moving_Car/ros2_ws/install/my_car_description/share/my_car_description/package.xml
[3.223s] Invoked command in '/home/kunal-singh/Desktop/Self_Moving_Car/ros2_ws/build/my_car_description' returned '0': CMAKE_PREFIX_PATH=/opt/ros/humble /usr/bin/cmake --install /home/kunal-singh/Desktop/Self_Moving_Car/ros2_ws/build/my_car_description
