[0.739s] Invoking command in '/home/kunal-singh/Desktop/Self_Moving_Car/ros2_ws/src/circular_drive_controller': PYTHONPATH=/home/kunal-singh/Desktop/Self_Moving_Car/ros2_ws/build/circular_drive_controller/prefix_override:/usr/lib/python3/dist-packages/colcon_core/task/python/colcon_distutils_commands:/home/kunal-singh/Desktop/Self_Moving_Car/ros2_ws/install/circular_drive_controller/lib/python3.10/site-packages:${PYTHONPATH} /usr/bin/python3 -W ignore:setup.py install is deprecated -W ignore:easy_install command is deprecated setup.py egg_info --egg-base ../../build/circular_drive_controller build --build-base /home/kunal-singh/Desktop/Self_Moving_Car/ros2_ws/build/circular_drive_controller/build install --record /home/kunal-singh/Desktop/Self_Moving_Car/ros2_ws/build/circular_drive_controller/install.log --single-version-externally-managed install_data
[1.039s] running egg_info
[1.040s] writing ../../build/circular_drive_controller/circular_drive_controller.egg-info/PKG-INFO
[1.041s] writing dependency_links to ../../build/circular_drive_controller/circular_drive_controller.egg-info/dependency_links.txt
[1.041s] writing entry points to ../../build/circular_drive_controller/circular_drive_controller.egg-info/entry_points.txt
[1.041s] writing requirements to ../../build/circular_drive_controller/circular_drive_controller.egg-info/requires.txt
[1.041s] writing top-level names to ../../build/circular_drive_controller/circular_drive_controller.egg-info/top_level.txt
[1.044s] reading manifest file '../../build/circular_drive_controller/circular_drive_controller.egg-info/SOURCES.txt'
[1.045s] writing manifest file '../../build/circular_drive_controller/circular_drive_controller.egg-info/SOURCES.txt'
[1.045s] running build
[1.045s] running build_py
[1.045s] copying circular_drive_controller/mission_node.py -> /home/kunal-singh/Desktop/Self_Moving_Car/ros2_ws/build/circular_drive_controller/build/lib/circular_drive_controller
[1.045s] copying circular_drive_controller/control_node.py -> /home/kunal-singh/Desktop/Self_Moving_Car/ros2_ws/build/circular_drive_controller/build/lib/circular_drive_controller
[1.046s] running install
[1.046s] running install_lib
[1.047s] copying /home/kunal-singh/Desktop/Self_Moving_Car/ros2_ws/build/circular_drive_controller/build/lib/circular_drive_controller/mission_node.py -> /home/kunal-singh/Desktop/Self_Moving_Car/ros2_ws/install/circular_drive_controller/lib/python3.10/site-packages/circular_drive_controller
[1.048s] copying /home/kunal-singh/Desktop/Self_Moving_Car/ros2_ws/build/circular_drive_controller/build/lib/circular_drive_controller/control_node.py -> /home/kunal-singh/Desktop/Self_Moving_Car/ros2_ws/install/circular_drive_controller/lib/python3.10/site-packages/circular_drive_controller
[1.049s] byte-compiling /home/kunal-singh/Desktop/Self_Moving_Car/ros2_ws/install/circular_drive_controller/lib/python3.10/site-packages/circular_drive_controller/mission_node.py to mission_node.cpython-310.pyc
[1.052s] byte-compiling /home/kunal-singh/Desktop/Self_Moving_Car/ros2_ws/install/circular_drive_controller/lib/python3.10/site-packages/circular_drive_controller/control_node.py to control_node.cpython-310.pyc
[1.054s] running install_data
[1.055s] running install_egg_info
[1.061s] removing '/home/kunal-singh/Desktop/Self_Moving_Car/ros2_ws/install/circular_drive_controller/lib/python3.10/site-packages/circular_drive_controller-0.0.0-py3.10.egg-info' (and everything under it)
[1.061s] Copying ../../build/circular_drive_controller/circular_drive_controller.egg-info to /home/kunal-singh/Desktop/Self_Moving_Car/ros2_ws/install/circular_drive_controller/lib/python3.10/site-packages/circular_drive_controller-0.0.0-py3.10.egg-info
[1.063s] running install_scripts
[1.088s] Installing control_node script to /home/kunal-singh/Desktop/Self_Moving_Car/ros2_ws/install/circular_drive_controller/lib/circular_drive_controller
[1.088s] Installing mission_node script to /home/kunal-singh/Desktop/Self_Moving_Car/ros2_ws/install/circular_drive_controller/lib/circular_drive_controller
[1.089s] writing list of installed files to '/home/kunal-singh/Desktop/Self_Moving_Car/ros2_ws/build/circular_drive_controller/install.log'
[1.119s] Invoked command in '/home/kunal-singh/Desktop/Self_Moving_Car/ros2_ws/src/circular_drive_controller' returned '0': PYTHONPATH=/home/kunal-singh/Desktop/Self_Moving_Car/ros2_ws/build/circular_drive_controller/prefix_override:/usr/lib/python3/dist-packages/colcon_core/task/python/colcon_distutils_commands:/home/kunal-singh/Desktop/Self_Moving_Car/ros2_ws/install/circular_drive_controller/lib/python3.10/site-packages:${PYTHONPATH} /usr/bin/python3 -W ignore:setup.py install is deprecated -W ignore:easy_install command is deprecated setup.py egg_info --egg-base ../../build/circular_drive_controller build --build-base /home/kunal-singh/Desktop/Self_Moving_Car/ros2_ws/build/circular_drive_controller/build install --record /home/kunal-singh/Desktop/Self_Moving_Car/ros2_ws/build/circular_drive_controller/install.log --single-version-externally-managed install_data
