[2.372s] Invoking command in '/home/kunal-singh/Desktop/Self_Moving_Car/ros2_ws/src/circular_drive_controller': PYTHONPATH=/home/kunal-singh/Desktop/Self_Moving_Car/ros2_ws/build/circular_drive_controller/prefix_override:/usr/lib/python3/dist-packages/colcon_core/task/python/colcon_distutils_commands:/home/kunal-singh/Desktop/Self_Moving_Car/ros2_ws/install/circular_drive_controller/lib/python3.10/site-packages:${PYTHONPATH} /usr/bin/python3 -W ignore:setup.py install is deprecated -W ignore:easy_install command is deprecated setup.py egg_info --egg-base ../../build/circular_drive_controller build --build-base /home/kunal-singh/Desktop/Self_Moving_Car/ros2_ws/build/circular_drive_controller/build install --record /home/kunal-singh/Desktop/Self_Moving_Car/ros2_ws/build/circular_drive_controller/install.log --single-version-externally-managed install_data
[2.618s] running egg_info
[2.619s] writing ../../build/circular_drive_controller/circular_drive_controller.egg-info/PKG-INFO
[2.619s] writing dependency_links to ../../build/circular_drive_controller/circular_drive_controller.egg-info/dependency_links.txt
[2.619s] writing entry points to ../../build/circular_drive_controller/circular_drive_controller.egg-info/entry_points.txt
[2.619s] writing requirements to ../../build/circular_drive_controller/circular_drive_controller.egg-info/requires.txt
[2.620s] writing top-level names to ../../build/circular_drive_controller/circular_drive_controller.egg-info/top_level.txt
[2.624s] reading manifest file '../../build/circular_drive_controller/circular_drive_controller.egg-info/SOURCES.txt'
[2.625s] writing manifest file '../../build/circular_drive_controller/circular_drive_controller.egg-info/SOURCES.txt'
[2.626s] running build
[2.626s] running build_py
[2.626s] copying circular_drive_controller/test_ekf_logic.py -> /home/kunal-singh/Desktop/Self_Moving_Car/ros2_ws/build/circular_drive_controller/build/lib/circular_drive_controller
[2.626s] copying circular_drive_controller/__init__.py -> /home/kunal-singh/Desktop/Self_Moving_Car/ros2_ws/build/circular_drive_controller/build/lib/circular_drive_controller
[2.626s] copying circular_drive_controller/mission_node.py -> /home/kunal-singh/Desktop/Self_Moving_Car/ros2_ws/build/circular_drive_controller/build/lib/circular_drive_controller
[2.626s] copying circular_drive_controller/control_node.py -> /home/kunal-singh/Desktop/Self_Moving_Car/ros2_ws/build/circular_drive_controller/build/lib/circular_drive_controller
[2.627s] running install
[2.627s] running install_lib
[2.628s] running install_data
[2.629s] running install_egg_info
[2.632s] removing '/home/kunal-singh/Desktop/Self_Moving_Car/ros2_ws/install/circular_drive_controller/lib/python3.10/site-packages/circular_drive_controller-0.0.0-py3.10.egg-info' (and everything under it)
[2.632s] Copying ../../build/circular_drive_controller/circular_drive_controller.egg-info to /home/kunal-singh/Desktop/Self_Moving_Car/ros2_ws/install/circular_drive_controller/lib/python3.10/site-packages/circular_drive_controller-0.0.0-py3.10.egg-info
[2.634s] running install_scripts
[2.662s] Installing control_node script to /home/kunal-singh/Desktop/Self_Moving_Car/ros2_ws/install/circular_drive_controller/lib/circular_drive_controller
[2.664s] Installing mission_node script to /home/kunal-singh/Desktop/Self_Moving_Car/ros2_ws/install/circular_drive_controller/lib/circular_drive_controller
[2.664s] writing list of installed files to '/home/kunal-singh/Desktop/Self_Moving_Car/ros2_ws/build/circular_drive_controller/install.log'
[2.700s] Invoked command in '/home/kunal-singh/Desktop/Self_Moving_Car/ros2_ws/src/circular_drive_controller' returned '0': PYTHONPATH=/home/kunal-singh/Desktop/Self_Moving_Car/ros2_ws/build/circular_drive_controller/prefix_override:/usr/lib/python3/dist-packages/colcon_core/task/python/colcon_distutils_commands:/home/kunal-singh/Desktop/Self_Moving_Car/ros2_ws/install/circular_drive_controller/lib/python3.10/site-packages:${PYTHONPATH} /usr/bin/python3 -W ignore:setup.py install is deprecated -W ignore:easy_install command is deprecated setup.py egg_info --egg-base ../../build/circular_drive_controller build --build-base /home/kunal-singh/Desktop/Self_Moving_Car/ros2_ws/build/circular_drive_controller/build install --record /home/kunal-singh/Desktop/Self_Moving_Car/ros2_ws/build/circular_drive_controller/install.log --single-version-externally-managed install_data
