running develop
running egg_info
creating circular_drive_controller.egg-info
writing circular_drive_controller.egg-info/PKG-INFO
writing dependency_links to circular_drive_controller.egg-info/dependency_links.txt
writing entry points to circular_drive_controller.egg-info/entry_points.txt
writing requirements to circular_drive_controller.egg-info/requires.txt
writing top-level names to circular_drive_controller.egg-info/top_level.txt
writing manifest file 'circular_drive_controller.egg-info/SOURCES.txt'
reading manifest file 'circular_drive_controller.egg-info/SOURCES.txt'
writing manifest file 'circular_drive_controller.egg-info/SOURCES.txt'
running build_ext
Creating /home/kunal-singh/Desktop/Self_Moving_Car/install/circular_drive_controller/lib/python3.10/site-packages/circular-drive-controller.egg-link (link to .)
Installing control_node script to /home/kunal-singh/Desktop/Self_Moving_Car/install/circular_drive_controller/lib/circular_drive_controller
Installing mission_node script to /home/kunal-singh/Desktop/Self_Moving_Car/install/circular_drive_controller/lib/circular_drive_controller

Installed /home/kunal-singh/Desktop/Self_Moving_Car/build/circular_drive_controller
running symlink_data
creating /home/kunal-singh/Desktop/Self_Moving_Car/install/circular_drive_controller/share/ament_index
creating /home/kunal-singh/Desktop/Self_Moving_Car/install/circular_drive_controller/share/ament_index/resource_index
creating /home/kunal-singh/Desktop/Self_Moving_Car/install/circular_drive_controller/share/ament_index/resource_index/packages
symbolically linking /home/kunal-singh/Desktop/Self_Moving_Car/build/circular_drive_controller/resource/circular_drive_controller -> /home/kunal-singh/Desktop/Self_Moving_Car/install/circular_drive_controller/share/ament_index/resource_index/packages
symbolically linking /home/kunal-singh/Desktop/Self_Moving_Car/build/circular_drive_controller/package.xml -> /home/kunal-singh/Desktop/Self_Moving_Car/install/circular_drive_controller/share/circular_drive_controller
