[2.530s] Invoking command in '/home/kunal-singh/Desktop/Self_Moving_Car/build/circular_drive_controller': PYTHONPATH=/home/kunal-singh/Desktop/Self_Moving_Car/build/circular_drive_controller/prefix_override:/usr/lib/python3/dist-packages/colcon_core/task/python/colcon_distutils_commands:/home/kunal-singh/Desktop/Self_Moving_Car/install/circular_drive_controller/lib/python3.10/site-packages:${PYTHONPATH} /usr/bin/python3 -W ignore:setup.py install is deprecated -W ignore:easy_install command is deprecated setup.py develop --editable --build-directory /home/kunal-singh/Desktop/Self_Moving_Car/build/circular_drive_controller/build --no-deps symlink_data
[2.788s] running develop
[2.932s] running egg_info
[2.932s] creating circular_drive_controller.egg-info
[2.932s] writing circular_drive_controller.egg-info/PKG-INFO
[2.932s] writing dependency_links to circular_drive_controller.egg-info/dependency_links.txt
[2.933s] writing entry points to circular_drive_controller.egg-info/entry_points.txt
[2.933s] writing requirements to circular_drive_controller.egg-info/requires.txt
[2.933s] writing top-level names to circular_drive_controller.egg-info/top_level.txt
[2.933s] writing manifest file 'circular_drive_controller.egg-info/SOURCES.txt'
[2.934s] reading manifest file 'circular_drive_controller.egg-info/SOURCES.txt'
[2.935s] writing manifest file 'circular_drive_controller.egg-info/SOURCES.txt'
[2.936s] running build_ext
[2.936s] Creating /home/kunal-singh/Desktop/Self_Moving_Car/install/circular_drive_controller/lib/python3.10/site-packages/circular-drive-controller.egg-link (link to .)
[2.937s] Installing control_node script to /home/kunal-singh/Desktop/Self_Moving_Car/install/circular_drive_controller/lib/circular_drive_controller
[2.937s] Installing mission_node script to /home/kunal-singh/Desktop/Self_Moving_Car/install/circular_drive_controller/lib/circular_drive_controller
[2.937s] 
[2.937s] Installed /home/kunal-singh/Desktop/Self_Moving_Car/build/circular_drive_controller
[2.938s] running symlink_data
[2.938s] creating /home/kunal-singh/Desktop/Self_Moving_Car/install/circular_drive_controller/share/ament_index
[2.938s] creating /home/kunal-singh/Desktop/Self_Moving_Car/install/circular_drive_controller/share/ament_index/resource_index
[2.938s] creating /home/kunal-singh/Desktop/Self_Moving_Car/install/circular_drive_controller/share/ament_index/resource_index/packages
[2.938s] symbolically linking /home/kunal-singh/Desktop/Self_Moving_Car/build/circular_drive_controller/resource/circular_drive_controller -> /home/kunal-singh/Desktop/Self_Moving_Car/install/circular_drive_controller/share/ament_index/resource_index/packages
[2.938s] symbolically linking /home/kunal-singh/Desktop/Self_Moving_Car/build/circular_drive_controller/package.xml -> /home/kunal-singh/Desktop/Self_Moving_Car/install/circular_drive_controller/share/circular_drive_controller
[2.969s] Invoked command in '/home/kunal-singh/Desktop/Self_Moving_Car/build/circular_drive_controller' returned '0': PYTHONPATH=/home/kunal-singh/Desktop/Self_Moving_Car/build/circular_drive_controller/prefix_override:/usr/lib/python3/dist-packages/colcon_core/task/python/colcon_distutils_commands:/home/kunal-singh/Desktop/Self_Moving_Car/install/circular_drive_controller/lib/python3.10/site-packages:${PYTHONPATH} /usr/bin/python3 -W ignore:setup.py install is deprecated -W ignore:easy_install command is deprecated setup.py develop --editable --build-directory /home/kunal-singh/Desktop/Self_Moving_Car/build/circular_drive_controller/build --no-deps symlink_data
