[0.474s] DEBUG:colcon:Command line arguments: ['/usr/bin/colcon', 'build']
[0.474s] DEBUG:colcon:Parsed command line arguments: Namespace(log_base=None, log_level=None, verb_name='build', build_base='build', install_base='install', merge_install=False, symlink_install=False, test_result_base=None, continue_on_error=False, executor='parallel', parallel_workers=8, event_handlers=None, ignore_user_meta=False, metas=['./colcon.meta'], base_paths=['.'], packages_ignore=None, packages_ignore_regex=None, paths=None, packages_up_to=None, packages_up_to_regex=None, packages_above=None, packages_above_and_dependencies=None, packages_above_depth=None, packages_select_by_dep=None, packages_skip_by_dep=None, packages_skip_up_to=None, packages_select_build_failed=False, packages_skip_build_finished=False, packages_select_test_failures=False, packages_skip_test_passed=False, packages_select=None, packages_skip=None, packages_select_regex=None, packages_skip_regex=None, packages_start=None, packages_end=None, allow_overriding=[], cmake_args=None, cmake_target=None, cmake_target_skip_unavailable=False, cmake_clean_cache=False, cmake_clean_first=False, cmake_force_configure=False, ament_cmake_args=None, catkin_cmake_args=None, catkin_skip_building_tests=False, verb_parser=<colcon_defaults.argument_parser.defaults.DefaultArgumentsDecorator object at 0x7a5ae141b5e0>, verb_extension=<colcon_core.verb.build.BuildVerb object at 0x7a5ae15c8d30>, main=<bound method BuildVerb.main of <colcon_core.verb.build.BuildVerb object at 0x7a5ae15c8d30>>)
[0.949s] Level 1:colcon.colcon_core.package_discovery:discover_packages(colcon_meta) check parameters
[0.950s] Level 1:colcon.colcon_core.package_discovery:discover_packages(recursive) check parameters
[0.950s] Level 1:colcon.colcon_core.package_discovery:discover_packages(ignore) check parameters
[0.950s] Level 1:colcon.colcon_core.package_discovery:discover_packages(path) check parameters
[0.950s] Level 1:colcon.colcon_core.package_discovery:discover_packages(colcon_meta) discover
[0.951s] Level 1:colcon.colcon_core.package_discovery:discover_packages(recursive) discover
[0.951s] INFO:colcon.colcon_core.package_discovery:Crawling recursively for packages in '/home/shuksham/Self-Moving-Car/ros2_ws'
[0.951s] Level 1:colcon.colcon_core.package_identification:_identify(.) by extensions ['ignore', 'ignore_ament_install']
[0.951s] Level 1:colcon.colcon_core.package_identification:_identify(.) by extension 'ignore'
[0.952s] Level 1:colcon.colcon_core.package_identification:_identify(.) by extension 'ignore_ament_install'
[0.952s] Level 1:colcon.colcon_core.package_identification:_identify(.) by extensions ['colcon_pkg']
[0.952s] Level 1:colcon.colcon_core.package_identification:_identify(.) by extension 'colcon_pkg'
[0.952s] Level 1:colcon.colcon_core.package_identification:_identify(.) by extensions ['colcon_meta']
[0.952s] Level 1:colcon.colcon_core.package_identification:_identify(.) by extension 'colcon_meta'
[0.953s] Level 1:colcon.colcon_core.package_identification:_identify(.) by extensions ['ros']
[0.954s] Level 1:colcon.colcon_core.package_identification:_identify(.) by extension 'ros'
[1.002s] Level 1:colcon.colcon_core.package_identification:_identify(.) by extensions ['cmake', 'python']
[1.002s] Level 1:colcon.colcon_core.package_identification:_identify(.) by extension 'cmake'
[1.002s] Level 1:colcon.colcon_core.package_identification:_identify(.) by extension 'python'
[1.002s] Level 1:colcon.colcon_core.package_identification:_identify(.) by extensions ['python_setup_py']
[1.003s] Level 1:colcon.colcon_core.package_identification:_identify(.) by extension 'python_setup_py'
[1.003s] Level 1:colcon.colcon_core.package_identification:_identify(build) by extensions ['ignore', 'ignore_ament_install']
[1.003s] Level 1:colcon.colcon_core.package_identification:_identify(build) by extension 'ignore'
[1.003s] Level 1:colcon.colcon_core.package_identification:_identify(build) ignored
[1.004s] Level 1:colcon.colcon_core.package_identification:_identify(install) by extensions ['ignore', 'ignore_ament_install']
[1.004s] Level 1:colcon.colcon_core.package_identification:_identify(install) by extension 'ignore'
[1.004s] Level 1:colcon.colcon_core.package_identification:_identify(install) ignored
[1.004s] Level 1:colcon.colcon_core.package_identification:_identify(log) by extensions ['ignore', 'ignore_ament_install']
[1.005s] Level 1:colcon.colcon_core.package_identification:_identify(log) by extension 'ignore'
[1.005s] Level 1:colcon.colcon_core.package_identification:_identify(log) ignored
[1.005s] Level 1:colcon.colcon_core.package_identification:_identify(src) by extensions ['ignore', 'ignore_ament_install']
[1.005s] Level 1:colcon.colcon_core.package_identification:_identify(src) by extension 'ignore'
[1.005s] Level 1:colcon.colcon_core.package_identification:_identify(src) by extension 'ignore_ament_install'
[1.005s] Level 1:colcon.colcon_core.package_identification:_identify(src) by extensions ['colcon_pkg']
[1.007s] Level 1:colcon.colcon_core.package_identification:_identify(src) by extension 'colcon_pkg'
[1.007s] Level 1:colcon.colcon_core.package_identification:_identify(src) by extensions ['colcon_meta']
[1.008s] Level 1:colcon.colcon_core.package_identification:_identify(src) by extension 'colcon_meta'
[1.008s] Level 1:colcon.colcon_core.package_identification:_identify(src) by extensions ['ros']
[1.008s] Level 1:colcon.colcon_core.package_identification:_identify(src) by extension 'ros'
[1.009s] Level 1:colcon.colcon_core.package_identification:_identify(src) by extensions ['cmake', 'python']
[1.009s] Level 1:colcon.colcon_core.package_identification:_identify(src) by extension 'cmake'
[1.009s] Level 1:colcon.colcon_core.package_identification:_identify(src) by extension 'python'
[1.010s] Level 1:colcon.colcon_core.package_identification:_identify(src) by extensions ['python_setup_py']
[1.010s] Level 1:colcon.colcon_core.package_identification:_identify(src) by extension 'python_setup_py'
[1.010s] Level 1:colcon.colcon_core.package_identification:_identify(src/circular_drive_controller) by extensions ['ignore', 'ignore_ament_install']
[1.011s] Level 1:colcon.colcon_core.package_identification:_identify(src/circular_drive_controller) by extension 'ignore'
[1.011s] Level 1:colcon.colcon_core.package_identification:_identify(src/circular_drive_controller) by extension 'ignore_ament_install'
[1.011s] Level 1:colcon.colcon_core.package_identification:_identify(src/circular_drive_controller) by extensions ['colcon_pkg']
[1.011s] Level 1:colcon.colcon_core.package_identification:_identify(src/circular_drive_controller) by extension 'colcon_pkg'
[1.011s] Level 1:colcon.colcon_core.package_identification:_identify(src/circular_drive_controller) by extensions ['colcon_meta']
[1.011s] Level 1:colcon.colcon_core.package_identification:_identify(src/circular_drive_controller) by extension 'colcon_meta'
[1.011s] Level 1:colcon.colcon_core.package_identification:_identify(src/circular_drive_controller) by extensions ['ros']
[1.014s] Level 1:colcon.colcon_core.package_identification:_identify(src/circular_drive_controller) by extension 'ros'
[1.022s] DEBUG:colcon.colcon_core.package_identification:Package 'src/circular_drive_controller' with type 'ros.ament_python' and name 'circular_drive_controller'
[1.023s] Level 1:colcon.colcon_core.package_identification:_identify(src/my_car_description) by extensions ['ignore', 'ignore_ament_install']
[1.023s] Level 1:colcon.colcon_core.package_identification:_identify(src/my_car_description) by extension 'ignore'
[1.023s] Level 1:colcon.colcon_core.package_identification:_identify(src/my_car_description) by extension 'ignore_ament_install'
[1.023s] Level 1:colcon.colcon_core.package_identification:_identify(src/my_car_description) by extensions ['colcon_pkg']
[1.023s] Level 1:colcon.colcon_core.package_identification:_identify(src/my_car_description) by extension 'colcon_pkg'
[1.023s] Level 1:colcon.colcon_core.package_identification:_identify(src/my_car_description) by extensions ['colcon_meta']
[1.023s] Level 1:colcon.colcon_core.package_identification:_identify(src/my_car_description) by extension 'colcon_meta'
[1.023s] Level 1:colcon.colcon_core.package_identification:_identify(src/my_car_description) by extensions ['ros']
[1.023s] Level 1:colcon.colcon_core.package_identification:_identify(src/my_car_description) by extension 'ros'
[1.024s] DEBUG:colcon.colcon_core.package_identification:Package 'src/my_car_description' with type 'ros.ament_cmake' and name 'my_car_description'
[1.025s] Level 1:colcon.colcon_core.package_discovery:discover_packages(recursive) using defaults
[1.025s] Level 1:colcon.colcon_core.package_discovery:discover_packages(ignore) discover
[1.025s] Level 1:colcon.colcon_core.package_discovery:discover_packages(ignore) using defaults
[1.025s] Level 1:colcon.colcon_core.package_discovery:discover_packages(path) discover
[1.025s] Level 1:colcon.colcon_core.package_discovery:discover_packages(path) using defaults
[1.071s] Level 1:colcon.colcon_core.package_discovery:discover_packages(prefix_path) check parameters
[1.072s] Level 1:colcon.colcon_core.package_discovery:discover_packages(prefix_path) discover
[1.075s] DEBUG:colcon.colcon_installed_package_information.package_discovery:Found 2 installed packages in /home/shuksham/Self-Moving-Car/ros2_ws/install
[1.078s] DEBUG:colcon.colcon_installed_package_information.package_discovery:Found 321 installed packages in /opt/ros/humble
[1.130s] Level 1:colcon.colcon_core.package_discovery:discover_packages(prefix_path) using defaults
[1.209s] Level 5:colcon.colcon_core.verb:set package 'circular_drive_controller' build argument 'cmake_args' from command line to 'None'
[1.209s] Level 5:colcon.colcon_core.verb:set package 'circular_drive_controller' build argument 'cmake_target' from command line to 'None'
[1.210s] Level 5:colcon.colcon_core.verb:set package 'circular_drive_controller' build argument 'cmake_target_skip_unavailable' from command line to 'False'
[1.210s] Level 5:colcon.colcon_core.verb:set package 'circular_drive_controller' build argument 'cmake_clean_cache' from command line to 'False'
[1.210s] Level 5:colcon.colcon_core.verb:set package 'circular_drive_controller' build argument 'cmake_clean_first' from command line to 'False'
[1.210s] Level 5:colcon.colcon_core.verb:set package 'circular_drive_controller' build argument 'cmake_force_configure' from command line to 'False'
[1.210s] Level 5:colcon.colcon_core.verb:set package 'circular_drive_controller' build argument 'ament_cmake_args' from command line to 'None'
[1.210s] Level 5:colcon.colcon_core.verb:set package 'circular_drive_controller' build argument 'catkin_cmake_args' from command line to 'None'
[1.210s] Level 5:colcon.colcon_core.verb:set package 'circular_drive_controller' build argument 'catkin_skip_building_tests' from command line to 'False'
[1.210s] DEBUG:colcon.colcon_core.verb:Building package 'circular_drive_controller' with the following arguments: {'ament_cmake_args': None, 'build_base': '/home/shuksham/Self-Moving-Car/ros2_ws/build/circular_drive_controller', 'catkin_cmake_args': None, 'catkin_skip_building_tests': False, 'cmake_args': None, 'cmake_clean_cache': False, 'cmake_clean_first': False, 'cmake_force_configure': False, 'cmake_target': None, 'cmake_target_skip_unavailable': False, 'install_base': '/home/shuksham/Self-Moving-Car/ros2_ws/install/circular_drive_controller', 'merge_install': False, 'path': '/home/shuksham/Self-Moving-Car/ros2_ws/src/circular_drive_controller', 'symlink_install': False, 'test_result_base': None}
[1.211s] Level 5:colcon.colcon_core.verb:set package 'my_car_description' build argument 'cmake_args' from command line to 'None'
[1.211s] Level 5:colcon.colcon_core.verb:set package 'my_car_description' build argument 'cmake_target' from command line to 'None'
[1.211s] Level 5:colcon.colcon_core.verb:set package 'my_car_description' build argument 'cmake_target_skip_unavailable' from command line to 'False'
[1.211s] Level 5:colcon.colcon_core.verb:set package 'my_car_description' build argument 'cmake_clean_cache' from command line to 'False'
[1.211s] Level 5:colcon.colcon_core.verb:set package 'my_car_description' build argument 'cmake_clean_first' from command line to 'False'
[1.211s] Level 5:colcon.colcon_core.verb:set package 'my_car_description' build argument 'cmake_force_configure' from command line to 'False'
[1.211s] Level 5:colcon.colcon_core.verb:set package 'my_car_description' build argument 'ament_cmake_args' from command line to 'None'
[1.211s] Level 5:colcon.colcon_core.verb:set package 'my_car_description' build argument 'catkin_cmake_args' from command line to 'None'
[1.211s] Level 5:colcon.colcon_core.verb:set package 'my_car_description' build argument 'catkin_skip_building_tests' from command line to 'False'
[1.211s] DEBUG:colcon.colcon_core.verb:Building package 'my_car_description' with the following arguments: {'ament_cmake_args': None, 'build_base': '/home/shuksham/Self-Moving-Car/ros2_ws/build/my_car_description', 'catkin_cmake_args': None, 'catkin_skip_building_tests': False, 'cmake_args': None, 'cmake_clean_cache': False, 'cmake_clean_first': False, 'cmake_force_configure': False, 'cmake_target': None, 'cmake_target_skip_unavailable': False, 'install_base': '/home/shuksham/Self-Moving-Car/ros2_ws/install/my_car_description', 'merge_install': False, 'path': '/home/shuksham/Self-Moving-Car/ros2_ws/src/my_car_description', 'symlink_install': False, 'test_result_base': None}
[1.212s] INFO:colcon.colcon_core.executor:Executing jobs using 'parallel' executor
[1.214s] DEBUG:colcon.colcon_parallel_executor.executor.parallel:run_until_complete
[1.214s] INFO:colcon.colcon_ros.task.ament_python.build:Building ROS package in '/home/shuksham/Self-Moving-Car/ros2_ws/src/circular_drive_controller' with build type 'ament_python'
[1.215s] Level 1:colcon.colcon_core.shell:create_environment_hook('circular_drive_controller', 'ament_prefix_path')
[1.222s] INFO:colcon.colcon_core.plugin_system:Skipping extension 'colcon_core.shell.bat': Not used on non-Windows systems
[1.222s] INFO:colcon.colcon_core.shell:Creating environment hook '/home/shuksham/Self-Moving-Car/ros2_ws/install/circular_drive_controller/share/circular_drive_controller/hook/ament_prefix_path.ps1'
[1.226s] INFO:colcon.colcon_core.shell:Creating environment descriptor '/home/shuksham/Self-Moving-Car/ros2_ws/install/circular_drive_controller/share/circular_drive_controller/hook/ament_prefix_path.dsv'
[1.228s] INFO:colcon.colcon_core.shell:Creating environment hook '/home/shuksham/Self-Moving-Car/ros2_ws/install/circular_drive_controller/share/circular_drive_controller/hook/ament_prefix_path.sh'
[1.230s] INFO:colcon.colcon_core.shell:Skip shell extension 'powershell' for command environment: Not usable outside of PowerShell
[1.230s] DEBUG:colcon.colcon_core.shell:Skip shell extension 'dsv' for command environment
[1.234s] INFO:colcon.colcon_ros.task.ament_cmake.build:Building ROS package in '/home/shuksham/Self-Moving-Car/ros2_ws/src/my_car_description' with build type 'ament_cmake'
[1.235s] INFO:colcon.colcon_cmake.task.cmake.build:Building CMake package in '/home/shuksham/Self-Moving-Car/ros2_ws/src/my_car_description'
[1.236s] INFO:colcon.colcon_core.shell:Skip shell extension 'powershell' for command environment: Not usable outside of PowerShell
[1.236s] DEBUG:colcon.colcon_core.shell:Skip shell extension 'dsv' for command environment
[2.007s] INFO:colcon.colcon_core.task.python.build:Building Python package in '/home/shuksham/Self-Moving-Car/ros2_ws/src/circular_drive_controller'
[2.008s] INFO:colcon.colcon_core.shell:Skip shell extension 'powershell' for command environment: Not usable outside of PowerShell
[2.008s] DEBUG:colcon.colcon_core.shell:Skip shell extension 'dsv' for command environment
[2.052s] DEBUG:colcon.colcon_core.event_handler.log_command:Invoking command in '/home/shuksham/Self-Moving-Car/ros2_ws/build/my_car_description': CMAKE_PREFIX_PATH=${CMAKE_PREFIX_PATH}:/home/shuksham/Self-Moving-Car/ros2_ws/install/circular_drive_controller:/opt/ros/humble /usr/bin/cmake --build /home/shuksham/Self-Moving-Car/ros2_ws/build/my_car_description -- -j8 -l8
[2.161s] DEBUG:colcon.colcon_core.event_handler.log_command:Invoked command in '/home/shuksham/Self-Moving-Car/ros2_ws/build/my_car_description' returned '0': CMAKE_PREFIX_PATH=${CMAKE_PREFIX_PATH}:/home/shuksham/Self-Moving-Car/ros2_ws/install/circular_drive_controller:/opt/ros/humble /usr/bin/cmake --build /home/shuksham/Self-Moving-Car/ros2_ws/build/my_car_description -- -j8 -l8
[2.180s] DEBUG:colcon.colcon_core.event_handler.log_command:Invoking command in '/home/shuksham/Self-Moving-Car/ros2_ws/build/my_car_description': CMAKE_PREFIX_PATH=${CMAKE_PREFIX_PATH}:/home/shuksham/Self-Moving-Car/ros2_ws/install/circular_drive_controller:/opt/ros/humble /usr/bin/cmake --install /home/shuksham/Self-Moving-Car/ros2_ws/build/my_car_description
[2.233s] Level 1:colcon.colcon_core.environment:create_environment_scripts_only(my_car_description)
[2.235s] DEBUG:colcon.colcon_core.event_handler.log_command:Invoked command in '/home/shuksham/Self-Moving-Car/ros2_ws/build/my_car_description' returned '0': CMAKE_PREFIX_PATH=${CMAKE_PREFIX_PATH}:/home/shuksham/Self-Moving-Car/ros2_ws/install/circular_drive_controller:/opt/ros/humble /usr/bin/cmake --install /home/shuksham/Self-Moving-Car/ros2_ws/build/my_car_description
[2.237s] Level 1:colcon.colcon_core.environment:checking '/home/shuksham/Self-Moving-Car/ros2_ws/install/my_car_description' for CMake module files
[2.238s] Level 1:colcon.colcon_core.environment:checking '/home/shuksham/Self-Moving-Car/ros2_ws/install/my_car_description' for CMake config files
[2.238s] Level 1:colcon.colcon_core.shell:create_environment_hook('my_car_description', 'cmake_prefix_path')
[2.239s] INFO:colcon.colcon_core.shell:Creating environment hook '/home/shuksham/Self-Moving-Car/ros2_ws/install/my_car_description/share/my_car_description/hook/cmake_prefix_path.ps1'
[2.240s] INFO:colcon.colcon_core.shell:Creating environment descriptor '/home/shuksham/Self-Moving-Car/ros2_ws/install/my_car_description/share/my_car_description/hook/cmake_prefix_path.dsv'
[2.240s] INFO:colcon.colcon_core.shell:Creating environment hook '/home/shuksham/Self-Moving-Car/ros2_ws/install/my_car_description/share/my_car_description/hook/cmake_prefix_path.sh'
[2.243s] Level 1:colcon.colcon_core.environment:checking '/home/shuksham/Self-Moving-Car/ros2_ws/install/my_car_description/bin'
[2.244s] Level 1:colcon.colcon_core.environment:checking '/home/shuksham/Self-Moving-Car/ros2_ws/install/my_car_description/lib/pkgconfig/my_car_description.pc'
[2.244s] Level 1:colcon.colcon_core.environment:checking '/home/shuksham/Self-Moving-Car/ros2_ws/install/my_car_description/lib/python3.10/site-packages'
[2.245s] Level 1:colcon.colcon_core.environment:checking '/home/shuksham/Self-Moving-Car/ros2_ws/install/my_car_description/bin'
[2.246s] INFO:colcon.colcon_core.shell:Creating package script '/home/shuksham/Self-Moving-Car/ros2_ws/install/my_car_description/share/my_car_description/package.ps1'
[2.249s] INFO:colcon.colcon_core.shell:Creating package descriptor '/home/shuksham/Self-Moving-Car/ros2_ws/install/my_car_description/share/my_car_description/package.dsv'
[2.251s] INFO:colcon.colcon_core.shell:Creating package script '/home/shuksham/Self-Moving-Car/ros2_ws/install/my_car_description/share/my_car_description/package.sh'
[2.254s] INFO:colcon.colcon_core.shell:Creating package script '/home/shuksham/Self-Moving-Car/ros2_ws/install/my_car_description/share/my_car_description/package.bash'
[2.255s] INFO:colcon.colcon_core.shell:Creating package script '/home/shuksham/Self-Moving-Car/ros2_ws/install/my_car_description/share/my_car_description/package.zsh'
[2.256s] Level 1:colcon.colcon_core.environment:create_file_with_runtime_dependencies(/home/shuksham/Self-Moving-Car/ros2_ws/install/my_car_description/share/colcon-core/packages/my_car_description)
[2.257s] Level 1:colcon.colcon_core.environment:create_environment_scripts_only(my_car_description)
[2.257s] Level 1:colcon.colcon_core.environment:checking '/home/shuksham/Self-Moving-Car/ros2_ws/install/my_car_description' for CMake module files
[2.257s] Level 1:colcon.colcon_core.environment:checking '/home/shuksham/Self-Moving-Car/ros2_ws/install/my_car_description' for CMake config files
[2.257s] Level 1:colcon.colcon_core.shell:create_environment_hook('my_car_description', 'cmake_prefix_path')
[2.258s] INFO:colcon.colcon_core.shell:Creating environment hook '/home/shuksham/Self-Moving-Car/ros2_ws/install/my_car_description/share/my_car_description/hook/cmake_prefix_path.ps1'
[2.259s] INFO:colcon.colcon_core.shell:Creating environment descriptor '/home/shuksham/Self-Moving-Car/ros2_ws/install/my_car_description/share/my_car_description/hook/cmake_prefix_path.dsv'
[2.260s] INFO:colcon.colcon_core.shell:Creating environment hook '/home/shuksham/Self-Moving-Car/ros2_ws/install/my_car_description/share/my_car_description/hook/cmake_prefix_path.sh'
[2.261s] Level 1:colcon.colcon_core.environment:checking '/home/shuksham/Self-Moving-Car/ros2_ws/install/my_car_description/bin'
[2.261s] Level 1:colcon.colcon_core.environment:checking '/home/shuksham/Self-Moving-Car/ros2_ws/install/my_car_description/lib/pkgconfig/my_car_description.pc'
[2.262s] Level 1:colcon.colcon_core.environment:checking '/home/shuksham/Self-Moving-Car/ros2_ws/install/my_car_description/lib/python3.10/site-packages'
[2.263s] Level 1:colcon.colcon_core.environment:checking '/home/shuksham/Self-Moving-Car/ros2_ws/install/my_car_description/bin'
[2.267s] INFO:colcon.colcon_core.shell:Creating package script '/home/shuksham/Self-Moving-Car/ros2_ws/install/my_car_description/share/my_car_description/package.ps1'
[2.272s] INFO:colcon.colcon_core.shell:Creating package descriptor '/home/shuksham/Self-Moving-Car/ros2_ws/install/my_car_description/share/my_car_description/package.dsv'
[2.273s] INFO:colcon.colcon_core.shell:Creating package script '/home/shuksham/Self-Moving-Car/ros2_ws/install/my_car_description/share/my_car_description/package.sh'
[2.274s] INFO:colcon.colcon_core.shell:Creating package script '/home/shuksham/Self-Moving-Car/ros2_ws/install/my_car_description/share/my_car_description/package.bash'
[2.275s] INFO:colcon.colcon_core.shell:Creating package script '/home/shuksham/Self-Moving-Car/ros2_ws/install/my_car_description/share/my_car_description/package.zsh'
[2.277s] Level 1:colcon.colcon_core.environment:create_file_with_runtime_dependencies(/home/shuksham/Self-Moving-Car/ros2_ws/install/my_car_description/share/colcon-core/packages/my_car_description)
[2.971s] DEBUG:colcon.colcon_core.event_handler.log_command:Invoking command in '/home/shuksham/Self-Moving-Car/ros2_ws/src/circular_drive_controller': PYTHONPATH=/home/shuksham/Self-Moving-Car/ros2_ws/build/circular_drive_controller/prefix_override:/usr/lib/python3/dist-packages/colcon_core/task/python/colcon_distutils_commands:/home/shuksham/Self-Moving-Car/ros2_ws/install/circular_drive_controller/lib/python3.10/site-packages:${PYTHONPATH} /usr/bin/python3 -W ignore:setup.py install is deprecated -W ignore:easy_install command is deprecated setup.py egg_info --egg-base ../../build/circular_drive_controller build --build-base /home/shuksham/Self-Moving-Car/ros2_ws/build/circular_drive_controller/build install --record /home/shuksham/Self-Moving-Car/ros2_ws/build/circular_drive_controller/install.log --single-version-externally-managed install_data
[3.760s] Level 1:colcon.colcon_core.environment:checking '/home/shuksham/Self-Moving-Car/ros2_ws/install/circular_drive_controller' for CMake module files
[3.763s] DEBUG:colcon.colcon_core.event_handler.log_command:Invoked command in '/home/shuksham/Self-Moving-Car/ros2_ws/src/circular_drive_controller' returned '0': PYTHONPATH=/home/shuksham/Self-Moving-Car/ros2_ws/build/circular_drive_controller/prefix_override:/usr/lib/python3/dist-packages/colcon_core/task/python/colcon_distutils_commands:/home/shuksham/Self-Moving-Car/ros2_ws/install/circular_drive_controller/lib/python3.10/site-packages:${PYTHONPATH} /usr/bin/python3 -W ignore:setup.py install is deprecated -W ignore:easy_install command is deprecated setup.py egg_info --egg-base ../../build/circular_drive_controller build --build-base /home/shuksham/Self-Moving-Car/ros2_ws/build/circular_drive_controller/build install --record /home/shuksham/Self-Moving-Car/ros2_ws/build/circular_drive_controller/install.log --single-version-externally-managed install_data
[3.765s] Level 1:colcon.colcon_core.environment:checking '/home/shuksham/Self-Moving-Car/ros2_ws/install/circular_drive_controller' for CMake config files
[3.766s] Level 1:colcon.colcon_core.environment:checking '/home/shuksham/Self-Moving-Car/ros2_ws/install/circular_drive_controller/lib'
[3.768s] Level 1:colcon.colcon_core.environment:checking '/home/shuksham/Self-Moving-Car/ros2_ws/install/circular_drive_controller/bin'
[3.768s] Level 1:colcon.colcon_core.environment:checking '/home/shuksham/Self-Moving-Car/ros2_ws/install/circular_drive_controller/lib/pkgconfig/circular_drive_controller.pc'
[3.769s] Level 1:colcon.colcon_core.environment:checking '/home/shuksham/Self-Moving-Car/ros2_ws/install/circular_drive_controller/lib/python3.10/site-packages'
[3.769s] Level 1:colcon.colcon_core.shell:create_environment_hook('circular_drive_controller', 'pythonpath')
[3.770s] INFO:colcon.colcon_core.shell:Creating environment hook '/home/shuksham/Self-Moving-Car/ros2_ws/install/circular_drive_controller/share/circular_drive_controller/hook/pythonpath.ps1'
[3.773s] INFO:colcon.colcon_core.shell:Creating environment descriptor '/home/shuksham/Self-Moving-Car/ros2_ws/install/circular_drive_controller/share/circular_drive_controller/hook/pythonpath.dsv'
[3.775s] INFO:colcon.colcon_core.shell:Creating environment hook '/home/shuksham/Self-Moving-Car/ros2_ws/install/circular_drive_controller/share/circular_drive_controller/hook/pythonpath.sh'
[3.778s] Level 1:colcon.colcon_core.environment:checking '/home/shuksham/Self-Moving-Car/ros2_ws/install/circular_drive_controller/bin'
[3.778s] Level 1:colcon.colcon_core.environment:create_environment_scripts_only(circular_drive_controller)
[3.779s] INFO:colcon.colcon_core.shell:Creating package script '/home/shuksham/Self-Moving-Car/ros2_ws/install/circular_drive_controller/share/circular_drive_controller/package.ps1'
[3.780s] INFO:colcon.colcon_core.shell:Creating package descriptor '/home/shuksham/Self-Moving-Car/ros2_ws/install/circular_drive_controller/share/circular_drive_controller/package.dsv'
[3.781s] INFO:colcon.colcon_core.shell:Creating package script '/home/shuksham/Self-Moving-Car/ros2_ws/install/circular_drive_controller/share/circular_drive_controller/package.sh'
[3.783s] INFO:colcon.colcon_core.shell:Creating package script '/home/shuksham/Self-Moving-Car/ros2_ws/install/circular_drive_controller/share/circular_drive_controller/package.bash'
[3.785s] INFO:colcon.colcon_core.shell:Creating package script '/home/shuksham/Self-Moving-Car/ros2_ws/install/circular_drive_controller/share/circular_drive_controller/package.zsh'
[3.787s] Level 1:colcon.colcon_core.environment:create_file_with_runtime_dependencies(/home/shuksham/Self-Moving-Car/ros2_ws/install/circular_drive_controller/share/colcon-core/packages/circular_drive_controller)
[3.787s] DEBUG:colcon.colcon_parallel_executor.executor.parallel:closing loop
[3.788s] DEBUG:colcon.colcon_parallel_executor.executor.parallel:loop closed
[3.789s] DEBUG:colcon.colcon_parallel_executor.executor.parallel:run_until_complete finished with '0'
[3.790s] DEBUG:colcon.colcon_core.event_reactor:joining thread
[3.915s] INFO:colcon.colcon_core.plugin_system:Skipping extension 'colcon_notification.desktop_notification.notify_send': Could not find 'notify-send'
[3.915s] INFO:colcon.colcon_core.plugin_system:Skipping extension 'colcon_notification.desktop_notification.terminal_notifier': Not used on non-Darwin systems
[3.915s] INFO:colcon.colcon_core.plugin_system:Skipping extension 'colcon_notification.desktop_notification.win32': Not used on non-Windows systems
[3.915s] INFO:colcon.colcon_notification.desktop_notification:Sending desktop notification using 'notify2'
[3.915s] DEBUG:colcon.colcon_notification.desktop_notification.notify2:Failed to initialize notify2: org.freedesktop.DBus.Error.FileNotFound: Failed to connect to socket /run/user/1000/bus: No such file or directory
[3.915s] DEBUG:colcon.colcon_core.event_reactor:joined thread
[3.916s] INFO:colcon.colcon_core.shell:Creating prefix script '/home/shuksham/Self-Moving-Car/ros2_ws/install/local_setup.ps1'
[3.917s] INFO:colcon.colcon_core.shell:Creating prefix util module '/home/shuksham/Self-Moving-Car/ros2_ws/install/_local_setup_util_ps1.py'
[3.919s] INFO:colcon.colcon_core.shell:Creating prefix chain script '/home/shuksham/Self-Moving-Car/ros2_ws/install/setup.ps1'
[3.921s] INFO:colcon.colcon_core.shell:Creating prefix script '/home/shuksham/Self-Moving-Car/ros2_ws/install/local_setup.sh'
[3.922s] INFO:colcon.colcon_core.shell:Creating prefix util module '/home/shuksham/Self-Moving-Car/ros2_ws/install/_local_setup_util_sh.py'
[3.924s] INFO:colcon.colcon_core.shell:Creating prefix chain script '/home/shuksham/Self-Moving-Car/ros2_ws/install/setup.sh'
[3.928s] INFO:colcon.colcon_core.shell:Creating prefix script '/home/shuksham/Self-Moving-Car/ros2_ws/install/local_setup.bash'
[3.929s] INFO:colcon.colcon_core.shell:Creating prefix chain script '/home/shuksham/Self-Moving-Car/ros2_ws/install/setup.bash'
[3.930s] INFO:colcon.colcon_core.shell:Creating prefix script '/home/shuksham/Self-Moving-Car/ros2_ws/install/local_setup.zsh'
[3.931s] INFO:colcon.colcon_core.shell:Creating prefix chain script '/home/shuksham/Self-Moving-Car/ros2_ws/install/setup.zsh'
