[0.329s] DEBUG:colcon:Command line arguments: ['/usr/bin/colcon', 'build', '--symlink-install']
[0.329s] DEBUG:colcon:Parsed command line arguments: Namespace(log_base=None, log_level=None, verb_name='build', build_base='build', install_base='install', merge_install=False, symlink_install=True, test_result_base=None, continue_on_error=False, executor='parallel', parallel_workers=4, event_handlers=None, ignore_user_meta=False, metas=['./colcon.meta'], base_paths=['.'], packages_ignore=None, packages_ignore_regex=None, paths=None, packages_up_to=None, packages_up_to_regex=None, packages_above=None, packages_above_and_dependencies=None, packages_above_depth=None, packages_select_by_dep=None, packages_skip_by_dep=None, packages_skip_up_to=None, packages_select_build_failed=False, packages_skip_build_finished=False, packages_select_test_failures=False, packages_skip_test_passed=False, packages_select=None, packages_skip=None, packages_select_regex=None, packages_skip_regex=None, packages_start=None, packages_end=None, allow_overriding=[], cmake_args=None, cmake_target=None, cmake_target_skip_unavailable=False, cmake_clean_cache=False, cmake_clean_first=False, cmake_force_configure=False, ament_cmake_args=None, catkin_cmake_args=None, catkin_skip_building_tests=False, verb_parser=<colcon_defaults.argument_parser.defaults.DefaultArgumentsDecorator object at 0x7e867112c3d0>, verb_extension=<colcon_core.verb.build.BuildVerb object at 0x7e8671103e80>, main=<bound method BuildVerb.main of <colcon_core.verb.build.BuildVerb object at 0x7e8671103e80>>)
[4.076s] Level 1:colcon.colcon_core.package_discovery:discover_packages(colcon_meta) check parameters
[4.076s] Level 1:colcon.colcon_core.package_discovery:discover_packages(recursive) check parameters
[4.076s] Level 1:colcon.colcon_core.package_discovery:discover_packages(ignore) check parameters
[4.076s] Level 1:colcon.colcon_core.package_discovery:discover_packages(path) check parameters
[4.076s] Level 1:colcon.colcon_core.package_discovery:discover_packages(colcon_meta) discover
[4.076s] Level 1:colcon.colcon_core.package_discovery:discover_packages(recursive) discover
[4.076s] INFO:colcon.colcon_core.package_discovery:Crawling recursively for packages in '/home/kunal-singh/Desktop/Self_Moving_Car'
[4.076s] Level 1:colcon.colcon_core.package_identification:_identify(.) by extensions ['ignore', 'ignore_ament_install']
[4.077s] Level 1:colcon.colcon_core.package_identification:_identify(.) by extension 'ignore'
[4.077s] Level 1:colcon.colcon_core.package_identification:_identify(.) by extension 'ignore_ament_install'
[4.077s] Level 1:colcon.colcon_core.package_identification:_identify(.) by extensions ['colcon_pkg']
[4.077s] Level 1:colcon.colcon_core.package_identification:_identify(.) by extension 'colcon_pkg'
[4.077s] Level 1:colcon.colcon_core.package_identification:_identify(.) by extensions ['colcon_meta']
[4.077s] Level 1:colcon.colcon_core.package_identification:_identify(.) by extension 'colcon_meta'
[4.077s] Level 1:colcon.colcon_core.package_identification:_identify(.) by extensions ['ros']
[4.077s] Level 1:colcon.colcon_core.package_identification:_identify(.) by extension 'ros'
[4.094s] Level 1:colcon.colcon_core.package_identification:_identify(.) by extensions ['cmake', 'python']
[4.094s] Level 1:colcon.colcon_core.package_identification:_identify(.) by extension 'cmake'
[4.094s] Level 1:colcon.colcon_core.package_identification:_identify(.) by extension 'python'
[4.094s] Level 1:colcon.colcon_core.package_identification:_identify(.) by extensions ['python_setup_py']
[4.094s] Level 1:colcon.colcon_core.package_identification:_identify(.) by extension 'python_setup_py'
[4.094s] Level 1:colcon.colcon_core.package_identification:_identify(build) by extensions ['ignore', 'ignore_ament_install']
[4.094s] Level 1:colcon.colcon_core.package_identification:_identify(build) by extension 'ignore'
[4.094s] Level 1:colcon.colcon_core.package_identification:_identify(build) ignored
[4.094s] Level 1:colcon.colcon_core.package_identification:_identify(docs) by extensions ['ignore', 'ignore_ament_install']
[4.094s] Level 1:colcon.colcon_core.package_identification:_identify(docs) by extension 'ignore'
[4.095s] Level 1:colcon.colcon_core.package_identification:_identify(docs) by extension 'ignore_ament_install'
[4.095s] Level 1:colcon.colcon_core.package_identification:_identify(docs) by extensions ['colcon_pkg']
[4.095s] Level 1:colcon.colcon_core.package_identification:_identify(docs) by extension 'colcon_pkg'
[4.095s] Level 1:colcon.colcon_core.package_identification:_identify(docs) by extensions ['colcon_meta']
[4.095s] Level 1:colcon.colcon_core.package_identification:_identify(docs) by extension 'colcon_meta'
[4.095s] Level 1:colcon.colcon_core.package_identification:_identify(docs) by extensions ['ros']
[4.095s] Level 1:colcon.colcon_core.package_identification:_identify(docs) by extension 'ros'
[4.095s] Level 1:colcon.colcon_core.package_identification:_identify(docs) by extensions ['cmake', 'python']
[4.095s] Level 1:colcon.colcon_core.package_identification:_identify(docs) by extension 'cmake'
[4.095s] Level 1:colcon.colcon_core.package_identification:_identify(docs) by extension 'python'
[4.095s] Level 1:colcon.colcon_core.package_identification:_identify(docs) by extensions ['python_setup_py']
[4.095s] Level 1:colcon.colcon_core.package_identification:_identify(docs) by extension 'python_setup_py'
[4.095s] Level 1:colcon.colcon_core.package_identification:_identify(firmware) by extensions ['ignore', 'ignore_ament_install']
[4.095s] Level 1:colcon.colcon_core.package_identification:_identify(firmware) by extension 'ignore'
[4.095s] Level 1:colcon.colcon_core.package_identification:_identify(firmware) by extension 'ignore_ament_install'
[4.095s] Level 1:colcon.colcon_core.package_identification:_identify(firmware) by extensions ['colcon_pkg']
[4.095s] Level 1:colcon.colcon_core.package_identification:_identify(firmware) by extension 'colcon_pkg'
[4.095s] Level 1:colcon.colcon_core.package_identification:_identify(firmware) by extensions ['colcon_meta']
[4.095s] Level 1:colcon.colcon_core.package_identification:_identify(firmware) by extension 'colcon_meta'
[4.095s] Level 1:colcon.colcon_core.package_identification:_identify(firmware) by extensions ['ros']
[4.095s] Level 1:colcon.colcon_core.package_identification:_identify(firmware) by extension 'ros'
[4.095s] Level 1:colcon.colcon_core.package_identification:_identify(firmware) by extensions ['cmake', 'python']
[4.095s] Level 1:colcon.colcon_core.package_identification:_identify(firmware) by extension 'cmake'
[4.095s] Level 1:colcon.colcon_core.package_identification:_identify(firmware) by extension 'python'
[4.095s] Level 1:colcon.colcon_core.package_identification:_identify(firmware) by extensions ['python_setup_py']
[4.095s] Level 1:colcon.colcon_core.package_identification:_identify(firmware) by extension 'python_setup_py'
[4.096s] Level 1:colcon.colcon_core.package_identification:_identify(install) by extensions ['ignore', 'ignore_ament_install']
[4.096s] Level 1:colcon.colcon_core.package_identification:_identify(install) by extension 'ignore'
[4.096s] Level 1:colcon.colcon_core.package_identification:_identify(install) ignored
[4.096s] Level 1:colcon.colcon_core.package_identification:_identify(log) by extensions ['ignore', 'ignore_ament_install']
[4.096s] Level 1:colcon.colcon_core.package_identification:_identify(log) by extension 'ignore'
[4.096s] Level 1:colcon.colcon_core.package_identification:_identify(log) ignored
[4.096s] Level 1:colcon.colcon_core.package_identification:_identify(ros2_ws) by extensions ['ignore', 'ignore_ament_install']
[4.096s] Level 1:colcon.colcon_core.package_identification:_identify(ros2_ws) by extension 'ignore'
[4.096s] Level 1:colcon.colcon_core.package_identification:_identify(ros2_ws) by extension 'ignore_ament_install'
[4.096s] Level 1:colcon.colcon_core.package_identification:_identify(ros2_ws) by extensions ['colcon_pkg']
[4.096s] Level 1:colcon.colcon_core.package_identification:_identify(ros2_ws) by extension 'colcon_pkg'
[4.096s] Level 1:colcon.colcon_core.package_identification:_identify(ros2_ws) by extensions ['colcon_meta']
[4.096s] Level 1:colcon.colcon_core.package_identification:_identify(ros2_ws) by extension 'colcon_meta'
[4.096s] Level 1:colcon.colcon_core.package_identification:_identify(ros2_ws) by extensions ['ros']
[4.096s] Level 1:colcon.colcon_core.package_identification:_identify(ros2_ws) by extension 'ros'
[4.096s] Level 1:colcon.colcon_core.package_identification:_identify(ros2_ws) by extensions ['cmake', 'python']
[4.096s] Level 1:colcon.colcon_core.package_identification:_identify(ros2_ws) by extension 'cmake'
[4.096s] Level 1:colcon.colcon_core.package_identification:_identify(ros2_ws) by extension 'python'
[4.096s] Level 1:colcon.colcon_core.package_identification:_identify(ros2_ws) by extensions ['python_setup_py']
[4.096s] Level 1:colcon.colcon_core.package_identification:_identify(ros2_ws) by extension 'python_setup_py'
[4.096s] Level 1:colcon.colcon_core.package_identification:_identify(ros2_ws/build) by extensions ['ignore', 'ignore_ament_install']
[4.096s] Level 1:colcon.colcon_core.package_identification:_identify(ros2_ws/build) by extension 'ignore'
[4.096s] Level 1:colcon.colcon_core.package_identification:_identify(ros2_ws/build) ignored
[4.097s] Level 1:colcon.colcon_core.package_identification:_identify(ros2_ws/install) by extensions ['ignore', 'ignore_ament_install']
[4.097s] Level 1:colcon.colcon_core.package_identification:_identify(ros2_ws/install) by extension 'ignore'
[4.097s] Level 1:colcon.colcon_core.package_identification:_identify(ros2_ws/install) ignored
[4.097s] Level 1:colcon.colcon_core.package_identification:_identify(ros2_ws/log) by extensions ['ignore', 'ignore_ament_install']
[4.097s] Level 1:colcon.colcon_core.package_identification:_identify(ros2_ws/log) by extension 'ignore'
[4.097s] Level 1:colcon.colcon_core.package_identification:_identify(ros2_ws/log) ignored
[4.097s] Level 1:colcon.colcon_core.package_identification:_identify(ros2_ws/src) by extensions ['ignore', 'ignore_ament_install']
[4.097s] Level 1:colcon.colcon_core.package_identification:_identify(ros2_ws/src) by extension 'ignore'
[4.097s] Level 1:colcon.colcon_core.package_identification:_identify(ros2_ws/src) by extension 'ignore_ament_install'
[4.097s] Level 1:colcon.colcon_core.package_identification:_identify(ros2_ws/src) by extensions ['colcon_pkg']
[4.097s] Level 1:colcon.colcon_core.package_identification:_identify(ros2_ws/src) by extension 'colcon_pkg'
[4.097s] Level 1:colcon.colcon_core.package_identification:_identify(ros2_ws/src) by extensions ['colcon_meta']
[4.097s] Level 1:colcon.colcon_core.package_identification:_identify(ros2_ws/src) by extension 'colcon_meta'
[4.097s] Level 1:colcon.colcon_core.package_identification:_identify(ros2_ws/src) by extensions ['ros']
[4.097s] Level 1:colcon.colcon_core.package_identification:_identify(ros2_ws/src) by extension 'ros'
[4.097s] Level 1:colcon.colcon_core.package_identification:_identify(ros2_ws/src) by extensions ['cmake', 'python']
[4.097s] Level 1:colcon.colcon_core.package_identification:_identify(ros2_ws/src) by extension 'cmake'
[4.097s] Level 1:colcon.colcon_core.package_identification:_identify(ros2_ws/src) by extension 'python'
[4.097s] Level 1:colcon.colcon_core.package_identification:_identify(ros2_ws/src) by extensions ['python_setup_py']
[4.097s] Level 1:colcon.colcon_core.package_identification:_identify(ros2_ws/src) by extension 'python_setup_py'
[4.097s] Level 1:colcon.colcon_core.package_identification:_identify(ros2_ws/src/circular_drive_controller) by extensions ['ignore', 'ignore_ament_install']
[4.097s] Level 1:colcon.colcon_core.package_identification:_identify(ros2_ws/src/circular_drive_controller) by extension 'ignore'
[4.098s] Level 1:colcon.colcon_core.package_identification:_identify(ros2_ws/src/circular_drive_controller) by extension 'ignore_ament_install'
[4.098s] Level 1:colcon.colcon_core.package_identification:_identify(ros2_ws/src/circular_drive_controller) by extensions ['colcon_pkg']
[4.098s] Level 1:colcon.colcon_core.package_identification:_identify(ros2_ws/src/circular_drive_controller) by extension 'colcon_pkg'
[4.098s] Level 1:colcon.colcon_core.package_identification:_identify(ros2_ws/src/circular_drive_controller) by extensions ['colcon_meta']
[4.098s] Level 1:colcon.colcon_core.package_identification:_identify(ros2_ws/src/circular_drive_controller) by extension 'colcon_meta'
[4.098s] Level 1:colcon.colcon_core.package_identification:_identify(ros2_ws/src/circular_drive_controller) by extensions ['ros']
[4.098s] Level 1:colcon.colcon_core.package_identification:_identify(ros2_ws/src/circular_drive_controller) by extension 'ros'
[4.114s] DEBUG:colcon.colcon_core.package_identification:Package 'ros2_ws/src/circular_drive_controller' with type 'ros.ament_python' and name 'circular_drive_controller'
[4.114s] Level 1:colcon.colcon_core.package_identification:_identify(ros2_ws/src/my_car_description) by extensions ['ignore', 'ignore_ament_install']
[4.114s] Level 1:colcon.colcon_core.package_identification:_identify(ros2_ws/src/my_car_description) by extension 'ignore'
[4.114s] Level 1:colcon.colcon_core.package_identification:_identify(ros2_ws/src/my_car_description) by extension 'ignore_ament_install'
[4.114s] Level 1:colcon.colcon_core.package_identification:_identify(ros2_ws/src/my_car_description) by extensions ['colcon_pkg']
[4.114s] Level 1:colcon.colcon_core.package_identification:_identify(ros2_ws/src/my_car_description) by extension 'colcon_pkg'
[4.114s] Level 1:colcon.colcon_core.package_identification:_identify(ros2_ws/src/my_car_description) by extensions ['colcon_meta']
[4.114s] Level 1:colcon.colcon_core.package_identification:_identify(ros2_ws/src/my_car_description) by extension 'colcon_meta'
[4.114s] Level 1:colcon.colcon_core.package_identification:_identify(ros2_ws/src/my_car_description) by extensions ['ros']
[4.114s] Level 1:colcon.colcon_core.package_identification:_identify(ros2_ws/src/my_car_description) by extension 'ros'
[4.124s] DEBUG:colcon.colcon_core.package_identification:Package 'ros2_ws/src/my_car_description' with type 'ros.ament_cmake' and name 'my_car_description'
[4.124s] Level 1:colcon.colcon_core.package_discovery:discover_packages(recursive) using defaults
[4.124s] Level 1:colcon.colcon_core.package_discovery:discover_packages(ignore) discover
[4.124s] Level 1:colcon.colcon_core.package_discovery:discover_packages(ignore) using defaults
[4.124s] Level 1:colcon.colcon_core.package_discovery:discover_packages(path) discover
[4.124s] Level 1:colcon.colcon_core.package_discovery:discover_packages(path) using defaults
[4.401s] Level 1:colcon.colcon_core.package_discovery:discover_packages(prefix_path) check parameters
[4.401s] Level 1:colcon.colcon_core.package_discovery:discover_packages(prefix_path) discover
[4.408s] DEBUG:colcon.colcon_installed_package_information.package_discovery:Found 322 installed packages in /opt/ros/humble
[4.410s] Level 1:colcon.colcon_core.package_discovery:discover_packages(prefix_path) using defaults
[4.459s] Level 5:colcon.colcon_core.verb:set package 'circular_drive_controller' build argument 'cmake_args' from command line to 'None'
[4.459s] Level 5:colcon.colcon_core.verb:set package 'circular_drive_controller' build argument 'cmake_target' from command line to 'None'
[4.459s] Level 5:colcon.colcon_core.verb:set package 'circular_drive_controller' build argument 'cmake_target_skip_unavailable' from command line to 'False'
[4.459s] Level 5:colcon.colcon_core.verb:set package 'circular_drive_controller' build argument 'cmake_clean_cache' from command line to 'False'
[4.459s] Level 5:colcon.colcon_core.verb:set package 'circular_drive_controller' build argument 'cmake_clean_first' from command line to 'False'
[4.459s] Level 5:colcon.colcon_core.verb:set package 'circular_drive_controller' build argument 'cmake_force_configure' from command line to 'False'
[4.459s] Level 5:colcon.colcon_core.verb:set package 'circular_drive_controller' build argument 'ament_cmake_args' from command line to 'None'
[4.459s] Level 5:colcon.colcon_core.verb:set package 'circular_drive_controller' build argument 'catkin_cmake_args' from command line to 'None'
[4.459s] Level 5:colcon.colcon_core.verb:set package 'circular_drive_controller' build argument 'catkin_skip_building_tests' from command line to 'False'
[4.459s] DEBUG:colcon.colcon_core.verb:Building package 'circular_drive_controller' with the following arguments: {'ament_cmake_args': None, 'build_base': '/home/kunal-singh/Desktop/Self_Moving_Car/build/circular_drive_controller', 'catkin_cmake_args': None, 'catkin_skip_building_tests': False, 'cmake_args': None, 'cmake_clean_cache': False, 'cmake_clean_first': False, 'cmake_force_configure': False, 'cmake_target': None, 'cmake_target_skip_unavailable': False, 'install_base': '/home/kunal-singh/Desktop/Self_Moving_Car/install/circular_drive_controller', 'merge_install': False, 'path': '/home/kunal-singh/Desktop/Self_Moving_Car/ros2_ws/src/circular_drive_controller', 'symlink_install': True, 'test_result_base': None}
[4.459s] Level 5:colcon.colcon_core.verb:set package 'my_car_description' build argument 'cmake_args' from command line to 'None'
[4.459s] Level 5:colcon.colcon_core.verb:set package 'my_car_description' build argument 'cmake_target' from command line to 'None'
[4.459s] Level 5:colcon.colcon_core.verb:set package 'my_car_description' build argument 'cmake_target_skip_unavailable' from command line to 'False'
[4.459s] Level 5:colcon.colcon_core.verb:set package 'my_car_description' build argument 'cmake_clean_cache' from command line to 'False'
[4.459s] Level 5:colcon.colcon_core.verb:set package 'my_car_description' build argument 'cmake_clean_first' from command line to 'False'
[4.459s] Level 5:colcon.colcon_core.verb:set package 'my_car_description' build argument 'cmake_force_configure' from command line to 'False'
[4.459s] Level 5:colcon.colcon_core.verb:set package 'my_car_description' build argument 'ament_cmake_args' from command line to 'None'
[4.459s] Level 5:colcon.colcon_core.verb:set package 'my_car_description' build argument 'catkin_cmake_args' from command line to 'None'
[4.459s] Level 5:colcon.colcon_core.verb:set package 'my_car_description' build argument 'catkin_skip_building_tests' from command line to 'False'
[4.459s] DEBUG:colcon.colcon_core.verb:Building package 'my_car_description' with the following arguments: {'ament_cmake_args': None, 'build_base': '/home/kunal-singh/Desktop/Self_Moving_Car/build/my_car_description', 'catkin_cmake_args': None, 'catkin_skip_building_tests': False, 'cmake_args': None, 'cmake_clean_cache': False, 'cmake_clean_first': False, 'cmake_force_configure': False, 'cmake_target': None, 'cmake_target_skip_unavailable': False, 'install_base': '/home/kunal-singh/Desktop/Self_Moving_Car/install/my_car_description', 'merge_install': False, 'path': '/home/kunal-singh/Desktop/Self_Moving_Car/ros2_ws/src/my_car_description', 'symlink_install': True, 'test_result_base': None}
[4.460s] INFO:colcon.colcon_core.executor:Executing jobs using 'parallel' executor
[4.460s] DEBUG:colcon.colcon_parallel_executor.executor.parallel:run_until_complete
[4.461s] INFO:colcon.colcon_ros.task.ament_python.build:Building ROS package in '/home/kunal-singh/Desktop/Self_Moving_Car/ros2_ws/src/circular_drive_controller' with build type 'ament_python'
[4.461s] Level 1:colcon.colcon_core.shell:create_environment_hook('circular_drive_controller', 'ament_prefix_path')
[4.474s] INFO:colcon.colcon_core.plugin_system:Skipping extension 'colcon_core.shell.bat': Not used on non-Windows systems
[4.475s] INFO:colcon.colcon_core.shell:Creating environment hook '/home/kunal-singh/Desktop/Self_Moving_Car/install/circular_drive_controller/share/circular_drive_controller/hook/ament_prefix_path.ps1'
[4.476s] INFO:colcon.colcon_core.shell:Creating environment descriptor '/home/kunal-singh/Desktop/Self_Moving_Car/install/circular_drive_controller/share/circular_drive_controller/hook/ament_prefix_path.dsv'
[4.476s] INFO:colcon.colcon_core.shell:Creating environment hook '/home/kunal-singh/Desktop/Self_Moving_Car/install/circular_drive_controller/share/circular_drive_controller/hook/ament_prefix_path.sh'
[4.477s] INFO:colcon.colcon_core.shell:Skip shell extension 'powershell' for command environment: Not usable outside of PowerShell
[4.477s] DEBUG:colcon.colcon_core.shell:Skip shell extension 'dsv' for command environment
[4.480s] INFO:colcon.colcon_ros.task.ament_cmake.build:Building ROS package in '/home/kunal-singh/Desktop/Self_Moving_Car/ros2_ws/src/my_car_description' with build type 'ament_cmake'
[4.480s] INFO:colcon.colcon_cmake.task.cmake.build:Building CMake package in '/home/kunal-singh/Desktop/Self_Moving_Car/ros2_ws/src/my_car_description'
[4.480s] INFO:colcon.colcon_core.shell:Skip shell extension 'powershell' for command environment: Not usable outside of PowerShell
[4.480s] DEBUG:colcon.colcon_core.shell:Skip shell extension 'dsv' for command environment
[4.726s] INFO:colcon.colcon_core.task.python.build:Building Python package in '/home/kunal-singh/Desktop/Self_Moving_Car/ros2_ws/src/circular_drive_controller'
[4.727s] INFO:colcon.colcon_core.shell:Skip shell extension 'powershell' for command environment: Not usable outside of PowerShell
[4.727s] DEBUG:colcon.colcon_core.shell:Skip shell extension 'dsv' for command environment
[4.883s] DEBUG:colcon.colcon_core.event_handler.log_command:Invoking command in '/home/kunal-singh/Desktop/Self_Moving_Car/build/my_car_description': CMAKE_PREFIX_PATH=/opt/ros/humble /usr/bin/cmake /home/kunal-singh/Desktop/Self_Moving_Car/ros2_ws/src/my_car_description -DAMENT_CMAKE_SYMLINK_INSTALL=1 -DCMAKE_INSTALL_PREFIX=/home/kunal-singh/Desktop/Self_Moving_Car/install/my_car_description
[6.991s] DEBUG:colcon.colcon_core.event_handler.log_command:Invoking command in '/home/kunal-singh/Desktop/Self_Moving_Car/build/circular_drive_controller': PYTHONPATH=/home/kunal-singh/Desktop/Self_Moving_Car/build/circular_drive_controller/prefix_override:/usr/lib/python3/dist-packages/colcon_core/task/python/colcon_distutils_commands:/home/kunal-singh/Desktop/Self_Moving_Car/install/circular_drive_controller/lib/python3.10/site-packages:${PYTHONPATH} /usr/bin/python3 -W ignore:setup.py install is deprecated -W ignore:easy_install command is deprecated setup.py develop --editable --build-directory /home/kunal-singh/Desktop/Self_Moving_Car/build/circular_drive_controller/build --no-deps symlink_data
[7.429s] Level 1:colcon.colcon_core.shell:create_environment_hook('circular_drive_controller', 'pythonpath_develop')
[7.430s] INFO:colcon.colcon_core.shell:Creating environment hook '/home/kunal-singh/Desktop/Self_Moving_Car/build/circular_drive_controller/share/circular_drive_controller/hook/pythonpath_develop.ps1'
[7.430s] DEBUG:colcon.colcon_core.event_handler.log_command:Invoked command in '/home/kunal-singh/Desktop/Self_Moving_Car/build/circular_drive_controller' returned '0': PYTHONPATH=/home/kunal-singh/Desktop/Self_Moving_Car/build/circular_drive_controller/prefix_override:/usr/lib/python3/dist-packages/colcon_core/task/python/colcon_distutils_commands:/home/kunal-singh/Desktop/Self_Moving_Car/install/circular_drive_controller/lib/python3.10/site-packages:${PYTHONPATH} /usr/bin/python3 -W ignore:setup.py install is deprecated -W ignore:easy_install command is deprecated setup.py develop --editable --build-directory /home/kunal-singh/Desktop/Self_Moving_Car/build/circular_drive_controller/build --no-deps symlink_data
[7.430s] INFO:colcon.colcon_core.shell:Creating environment descriptor '/home/kunal-singh/Desktop/Self_Moving_Car/build/circular_drive_controller/share/circular_drive_controller/hook/pythonpath_develop.dsv'
[7.431s] INFO:colcon.colcon_core.shell:Creating environment hook '/home/kunal-singh/Desktop/Self_Moving_Car/build/circular_drive_controller/share/circular_drive_controller/hook/pythonpath_develop.sh'
[7.707s] Level 1:colcon.colcon_core.environment:checking '/home/kunal-singh/Desktop/Self_Moving_Car/install/circular_drive_controller' for CMake module files
[7.708s] Level 1:colcon.colcon_core.environment:checking '/home/kunal-singh/Desktop/Self_Moving_Car/install/circular_drive_controller' for CMake config files
[7.709s] Level 1:colcon.colcon_core.environment:checking '/home/kunal-singh/Desktop/Self_Moving_Car/install/circular_drive_controller/lib'
[7.709s] Level 1:colcon.colcon_core.environment:checking '/home/kunal-singh/Desktop/Self_Moving_Car/install/circular_drive_controller/bin'
[7.709s] Level 1:colcon.colcon_core.environment:checking '/home/kunal-singh/Desktop/Self_Moving_Car/install/circular_drive_controller/lib/pkgconfig/circular_drive_controller.pc'
[7.710s] Level 1:colcon.colcon_core.environment:checking '/home/kunal-singh/Desktop/Self_Moving_Car/install/circular_drive_controller/lib/python3.10/site-packages'
[7.710s] Level 1:colcon.colcon_core.shell:create_environment_hook('circular_drive_controller', 'pythonpath')
[7.710s] INFO:colcon.colcon_core.shell:Creating environment hook '/home/kunal-singh/Desktop/Self_Moving_Car/install/circular_drive_controller/share/circular_drive_controller/hook/pythonpath.ps1'
[7.711s] INFO:colcon.colcon_core.shell:Creating environment descriptor '/home/kunal-singh/Desktop/Self_Moving_Car/install/circular_drive_controller/share/circular_drive_controller/hook/pythonpath.dsv'
[7.712s] INFO:colcon.colcon_core.shell:Creating environment hook '/home/kunal-singh/Desktop/Self_Moving_Car/install/circular_drive_controller/share/circular_drive_controller/hook/pythonpath.sh'
[7.713s] Level 1:colcon.colcon_core.environment:checking '/home/kunal-singh/Desktop/Self_Moving_Car/install/circular_drive_controller/bin'
[7.713s] Level 1:colcon.colcon_core.environment:create_environment_scripts_only(circular_drive_controller)
[7.714s] INFO:colcon.colcon_core.shell:Creating package script '/home/kunal-singh/Desktop/Self_Moving_Car/install/circular_drive_controller/share/circular_drive_controller/package.ps1'
[7.744s] INFO:colcon.colcon_core.shell:Creating package descriptor '/home/kunal-singh/Desktop/Self_Moving_Car/install/circular_drive_controller/share/circular_drive_controller/package.dsv'
[7.769s] INFO:colcon.colcon_core.shell:Creating package script '/home/kunal-singh/Desktop/Self_Moving_Car/install/circular_drive_controller/share/circular_drive_controller/package.sh'
[7.771s] INFO:colcon.colcon_core.shell:Creating package script '/home/kunal-singh/Desktop/Self_Moving_Car/install/circular_drive_controller/share/circular_drive_controller/package.bash'
[7.803s] INFO:colcon.colcon_core.shell:Creating package script '/home/kunal-singh/Desktop/Self_Moving_Car/install/circular_drive_controller/share/circular_drive_controller/package.zsh'
[7.826s] Level 1:colcon.colcon_core.environment:create_file_with_runtime_dependencies(/home/kunal-singh/Desktop/Self_Moving_Car/install/circular_drive_controller/share/colcon-core/packages/circular_drive_controller)
[9.230s] DEBUG:colcon.colcon_core.event_handler.log_command:Invoked command in '/home/kunal-singh/Desktop/Self_Moving_Car/build/my_car_description' returned '0': CMAKE_PREFIX_PATH=/opt/ros/humble /usr/bin/cmake /home/kunal-singh/Desktop/Self_Moving_Car/ros2_ws/src/my_car_description -DAMENT_CMAKE_SYMLINK_INSTALL=1 -DCMAKE_INSTALL_PREFIX=/home/kunal-singh/Desktop/Self_Moving_Car/install/my_car_description
[9.232s] DEBUG:colcon.colcon_core.event_handler.log_command:Invoking command in '/home/kunal-singh/Desktop/Self_Moving_Car/build/my_car_description': CMAKE_PREFIX_PATH=/opt/ros/humble /usr/bin/cmake --build /home/kunal-singh/Desktop/Self_Moving_Car/build/my_car_description -- -j4 -l4
[9.264s] DEBUG:colcon.colcon_core.event_handler.log_command:Invoked command in '/home/kunal-singh/Desktop/Self_Moving_Car/build/my_car_description' returned '0': CMAKE_PREFIX_PATH=/opt/ros/humble /usr/bin/cmake --build /home/kunal-singh/Desktop/Self_Moving_Car/build/my_car_description -- -j4 -l4
[9.273s] DEBUG:colcon.colcon_core.event_handler.log_command:Invoking command in '/home/kunal-singh/Desktop/Self_Moving_Car/build/my_car_description': CMAKE_PREFIX_PATH=/opt/ros/humble /usr/bin/cmake --install /home/kunal-singh/Desktop/Self_Moving_Car/build/my_car_description
[9.392s] Level 1:colcon.colcon_core.environment:create_environment_scripts_only(my_car_description)
[9.392s] Level 1:colcon.colcon_core.environment:checking '/home/kunal-singh/Desktop/Self_Moving_Car/install/my_car_description' for CMake module files
[9.393s] DEBUG:colcon.colcon_core.event_handler.log_command:Invoked command in '/home/kunal-singh/Desktop/Self_Moving_Car/build/my_car_description' returned '0': CMAKE_PREFIX_PATH=/opt/ros/humble /usr/bin/cmake --install /home/kunal-singh/Desktop/Self_Moving_Car/build/my_car_description
[9.393s] Level 1:colcon.colcon_core.environment:checking '/home/kunal-singh/Desktop/Self_Moving_Car/install/my_car_description' for CMake config files
[9.393s] Level 1:colcon.colcon_core.shell:create_environment_hook('my_car_description', 'cmake_prefix_path')
[9.393s] INFO:colcon.colcon_core.shell:Creating environment hook '/home/kunal-singh/Desktop/Self_Moving_Car/install/my_car_description/share/my_car_description/hook/cmake_prefix_path.ps1'
[9.394s] INFO:colcon.colcon_core.shell:Creating environment descriptor '/home/kunal-singh/Desktop/Self_Moving_Car/install/my_car_description/share/my_car_description/hook/cmake_prefix_path.dsv'
[9.394s] INFO:colcon.colcon_core.shell:Creating environment hook '/home/kunal-singh/Desktop/Self_Moving_Car/install/my_car_description/share/my_car_description/hook/cmake_prefix_path.sh'
[9.394s] Level 1:colcon.colcon_core.environment:checking '/home/kunal-singh/Desktop/Self_Moving_Car/install/my_car_description/bin'
[9.394s] Level 1:colcon.colcon_core.environment:checking '/home/kunal-singh/Desktop/Self_Moving_Car/install/my_car_description/lib/pkgconfig/my_car_description.pc'
[9.394s] Level 1:colcon.colcon_core.environment:checking '/home/kunal-singh/Desktop/Self_Moving_Car/install/my_car_description/lib/python3.10/site-packages'
[9.395s] Level 1:colcon.colcon_core.environment:checking '/home/kunal-singh/Desktop/Self_Moving_Car/install/my_car_description/bin'
[9.395s] INFO:colcon.colcon_core.shell:Creating package script '/home/kunal-singh/Desktop/Self_Moving_Car/install/my_car_description/share/my_car_description/package.ps1'
[9.395s] INFO:colcon.colcon_core.shell:Creating package descriptor '/home/kunal-singh/Desktop/Self_Moving_Car/install/my_car_description/share/my_car_description/package.dsv'
[9.396s] INFO:colcon.colcon_core.shell:Creating package script '/home/kunal-singh/Desktop/Self_Moving_Car/install/my_car_description/share/my_car_description/package.sh'
[9.396s] INFO:colcon.colcon_core.shell:Creating package script '/home/kunal-singh/Desktop/Self_Moving_Car/install/my_car_description/share/my_car_description/package.bash'
[9.396s] INFO:colcon.colcon_core.shell:Creating package script '/home/kunal-singh/Desktop/Self_Moving_Car/install/my_car_description/share/my_car_description/package.zsh'
[9.396s] Level 1:colcon.colcon_core.environment:create_file_with_runtime_dependencies(/home/kunal-singh/Desktop/Self_Moving_Car/install/my_car_description/share/colcon-core/packages/my_car_description)
[9.397s] Level 1:colcon.colcon_core.environment:create_environment_scripts_only(my_car_description)
[9.397s] Level 1:colcon.colcon_core.environment:checking '/home/kunal-singh/Desktop/Self_Moving_Car/install/my_car_description' for CMake module files
[9.397s] Level 1:colcon.colcon_core.environment:checking '/home/kunal-singh/Desktop/Self_Moving_Car/install/my_car_description' for CMake config files
[9.397s] Level 1:colcon.colcon_core.shell:create_environment_hook('my_car_description', 'cmake_prefix_path')
[9.398s] INFO:colcon.colcon_core.shell:Creating environment hook '/home/kunal-singh/Desktop/Self_Moving_Car/install/my_car_description/share/my_car_description/hook/cmake_prefix_path.ps1'
[9.398s] INFO:colcon.colcon_core.shell:Creating environment descriptor '/home/kunal-singh/Desktop/Self_Moving_Car/install/my_car_description/share/my_car_description/hook/cmake_prefix_path.dsv'
[9.398s] INFO:colcon.colcon_core.shell:Creating environment hook '/home/kunal-singh/Desktop/Self_Moving_Car/install/my_car_description/share/my_car_description/hook/cmake_prefix_path.sh'
[9.399s] Level 1:colcon.colcon_core.environment:checking '/home/kunal-singh/Desktop/Self_Moving_Car/install/my_car_description/bin'
[9.399s] Level 1:colcon.colcon_core.environment:checking '/home/kunal-singh/Desktop/Self_Moving_Car/install/my_car_description/lib/pkgconfig/my_car_description.pc'
[9.399s] Level 1:colcon.colcon_core.environment:checking '/home/kunal-singh/Desktop/Self_Moving_Car/install/my_car_description/lib/python3.10/site-packages'
[9.399s] Level 1:colcon.colcon_core.environment:checking '/home/kunal-singh/Desktop/Self_Moving_Car/install/my_car_description/bin'
[9.400s] INFO:colcon.colcon_core.shell:Creating package script '/home/kunal-singh/Desktop/Self_Moving_Car/install/my_car_description/share/my_car_description/package.ps1'
[9.400s] INFO:colcon.colcon_core.shell:Creating package descriptor '/home/kunal-singh/Desktop/Self_Moving_Car/install/my_car_description/share/my_car_description/package.dsv'
[9.401s] INFO:colcon.colcon_core.shell:Creating package script '/home/kunal-singh/Desktop/Self_Moving_Car/install/my_car_description/share/my_car_description/package.sh'
[9.401s] INFO:colcon.colcon_core.shell:Creating package script '/home/kunal-singh/Desktop/Self_Moving_Car/install/my_car_description/share/my_car_description/package.bash'
[9.401s] INFO:colcon.colcon_core.shell:Creating package script '/home/kunal-singh/Desktop/Self_Moving_Car/install/my_car_description/share/my_car_description/package.zsh'
[9.402s] Level 1:colcon.colcon_core.environment:create_file_with_runtime_dependencies(/home/kunal-singh/Desktop/Self_Moving_Car/install/my_car_description/share/colcon-core/packages/my_car_description)
[9.402s] DEBUG:colcon.colcon_parallel_executor.executor.parallel:closing loop
[9.402s] DEBUG:colcon.colcon_parallel_executor.executor.parallel:loop closed
[9.402s] DEBUG:colcon.colcon_parallel_executor.executor.parallel:run_until_complete finished with '0'
[9.402s] DEBUG:colcon.colcon_core.event_reactor:joining thread
[9.413s] INFO:colcon.colcon_core.plugin_system:Skipping extension 'colcon_notification.desktop_notification.terminal_notifier': Not used on non-Darwin systems
[9.413s] INFO:colcon.colcon_core.plugin_system:Skipping extension 'colcon_notification.desktop_notification.win32': Not used on non-Windows systems
[9.413s] INFO:colcon.colcon_notification.desktop_notification:Sending desktop notification using 'notify2'
[9.423s] DEBUG:colcon.colcon_core.event_reactor:joined thread
[9.424s] INFO:colcon.colcon_core.shell:Creating prefix script '/home/kunal-singh/Desktop/Self_Moving_Car/install/local_setup.ps1'
[9.425s] INFO:colcon.colcon_core.shell:Creating prefix util module '/home/kunal-singh/Desktop/Self_Moving_Car/install/_local_setup_util_ps1.py'
[9.427s] INFO:colcon.colcon_core.shell:Creating prefix chain script '/home/kunal-singh/Desktop/Self_Moving_Car/install/setup.ps1'
[9.430s] INFO:colcon.colcon_core.shell:Creating prefix script '/home/kunal-singh/Desktop/Self_Moving_Car/install/local_setup.sh'
[9.431s] INFO:colcon.colcon_core.shell:Creating prefix util module '/home/kunal-singh/Desktop/Self_Moving_Car/install/_local_setup_util_sh.py'
[9.431s] INFO:colcon.colcon_core.shell:Creating prefix chain script '/home/kunal-singh/Desktop/Self_Moving_Car/install/setup.sh'
[9.433s] INFO:colcon.colcon_core.shell:Creating prefix script '/home/kunal-singh/Desktop/Self_Moving_Car/install/local_setup.bash'
[9.433s] INFO:colcon.colcon_core.shell:Creating prefix chain script '/home/kunal-singh/Desktop/Self_Moving_Car/install/setup.bash'
[9.434s] INFO:colcon.colcon_core.shell:Creating prefix script '/home/kunal-singh/Desktop/Self_Moving_Car/install/local_setup.zsh'
[9.435s] INFO:colcon.colcon_core.shell:Creating prefix chain script '/home/kunal-singh/Desktop/Self_Moving_Car/install/setup.zsh'
