[0.178s] Invoking command in '/home/shuksham/Self-Moving-Car/ros2_ws/build/my_car_description': CMAKE_PREFIX_PATH=/opt/ros/humble /usr/bin/cmake --build /home/shuksham/Self-Moving-Car/ros2_ws/build/my_car_description -- -j8 -l8
[0.259s] Invoked command in '/home/shuksham/Self-Moving-Car/ros2_ws/build/my_car_description' returned '0': CMAKE_PREFIX_PATH=/opt/ros/humble /usr/bin/cmake --build /home/shuksham/Self-Moving-Car/ros2_ws/build/my_car_description -- -j8 -l8
[0.268s] Invoking command in '/home/shuksham/Self-Moving-Car/ros2_ws/build/my_car_description': CMAKE_PREFIX_PATH=/opt/ros/humble /usr/bin/cmake --install /home/shuksham/Self-Moving-Car/ros2_ws/build/my_car_description
[0.275s] -- Install configuration: ""
[0.277s] -- Execute custom install script
[0.278s] -- Up-to-date symlink: /home/shuksham/Self-Moving-Car/ros2_ws/install/my_car_description/share/my_car_description/launch/gazebo_launch.py
[0.278s] -- Up-to-date symlink: /home/shuksham/Self-Moving-Car/ros2_ws/install/my_car_description/share/my_car_description/urdf/my_car.urdf
[0.278s] -- Up-to-date symlink: /home/shuksham/Self-Moving-Car/ros2_ws/install/my_car_description/share/my_car_description/urdf/my_car.urdf.xacro
[0.279s] -- Up-to-date symlink: /home/shuksham/Self-Moving-Car/ros2_ws/install/my_car_description/share/ament_index/resource_index/package_run_dependencies/my_car_description
[0.279s] -- Up-to-date symlink: /home/shuksham/Self-Moving-Car/ros2_ws/install/my_car_description/share/ament_index/resource_index/parent_prefix_path/my_car_description
[0.279s] -- Up-to-date symlink: /home/shuksham/Self-Moving-Car/ros2_ws/install/my_car_description/share/my_car_description/environment/ament_prefix_path.sh
[0.279s] -- Up-to-date symlink: /home/shuksham/Self-Moving-Car/ros2_ws/install/my_car_description/share/my_car_description/environment/ament_prefix_path.dsv
[0.280s] -- Up-to-date symlink: /home/shuksham/Self-Moving-Car/ros2_ws/install/my_car_description/share/my_car_description/environment/path.sh
[0.280s] -- Up-to-date symlink: /home/shuksham/Self-Moving-Car/ros2_ws/install/my_car_description/share/my_car_description/environment/path.dsv
[0.281s] -- Up-to-date symlink: /home/shuksham/Self-Moving-Car/ros2_ws/install/my_car_description/share/my_car_description/local_setup.bash
[0.281s] -- Up-to-date symlink: /home/shuksham/Self-Moving-Car/ros2_ws/install/my_car_description/share/my_car_description/local_setup.sh
[0.281s] -- Up-to-date symlink: /home/shuksham/Self-Moving-Car/ros2_ws/install/my_car_description/share/my_car_description/local_setup.zsh
[0.281s] -- Up-to-date symlink: /home/shuksham/Self-Moving-Car/ros2_ws/install/my_car_description/share/my_car_description/local_setup.dsv
[0.282s] -- Symlinking: /home/shuksham/Self-Moving-Car/ros2_ws/install/my_car_description/share/my_car_description/package.dsv
[0.290s] -- Up-to-date symlink: /home/shuksham/Self-Moving-Car/ros2_ws/install/my_car_description/share/ament_index/resource_index/packages/my_car_description
[0.290s] -- Up-to-date symlink: /home/shuksham/Self-Moving-Car/ros2_ws/install/my_car_description/share/my_car_description/cmake/my_car_descriptionConfig.cmake
[0.291s] -- Up-to-date symlink: /home/shuksham/Self-Moving-Car/ros2_ws/install/my_car_description/share/my_car_description/cmake/my_car_descriptionConfig-version.cmake
[0.291s] -- Up-to-date symlink: /home/shuksham/Self-Moving-Car/ros2_ws/install/my_car_description/share/my_car_description/package.xml
[0.293s] Invoked command in '/home/shuksham/Self-Moving-Car/ros2_ws/build/my_car_description' returned '0': CMAKE_PREFIX_PATH=/opt/ros/humble /usr/bin/cmake --install /home/shuksham/Self-Moving-Car/ros2_ws/build/my_car_description
