[0.012s] Invoking command in '/home/kunal-singh/Desktop/Self_Moving_Car/ros2_ws/build/my_car_description': CMAKE_PREFIX_PATH=${CMAKE_PREFIX_PATH}:/opt/ros/humble /usr/bin/cmake /home/kunal-singh/Desktop/Self_Moving_Car/ros2_ws/src/my_car_description -DCMAKE_INSTALL_PREFIX=/home/kunal-singh/Desktop/Self_Moving_Car/ros2_ws/install/my_car_description
[0.025s] -- Found ament_cmake: 1.3.12 (/opt/ros/humble/share/ament_cmake/cmake)
[0.143s] -- Override CMake install command with custom implementation using symlinks instead of copying resources
[0.222s] -- Configuring done
[0.226s] -- Generating done
[0.228s] -- Build files have been written to: /home/kunal-singh/Desktop/Self_Moving_Car/ros2_ws/build/my_car_description
[0.232s] Invoked command in '/home/kunal-singh/Desktop/Self_Moving_Car/ros2_ws/build/my_car_description' returned '0': CMAKE_PREFIX_PATH=${CMAKE_PREFIX_PATH}:/opt/ros/humble /usr/bin/cmake /home/kunal-singh/Desktop/Self_Moving_Car/ros2_ws/src/my_car_description -DCMAKE_INSTALL_PREFIX=/home/kunal-singh/Desktop/Self_Moving_Car/ros2_ws/install/my_car_description
[0.233s] Invoking command in '/home/kunal-singh/Desktop/Self_Moving_Car/ros2_ws/build/my_car_description': CMAKE_PREFIX_PATH=${CMAKE_PREFIX_PATH}:/opt/ros/humble /usr/bin/cmake --build /home/kunal-singh/Desktop/Self_Moving_Car/ros2_ws/build/my_car_description -- -j4 -l4
[0.272s] Invoked command in '/home/kunal-singh/Desktop/Self_Moving_Car/ros2_ws/build/my_car_description' returned '0': CMAKE_PREFIX_PATH=${CMAKE_PREFIX_PATH}:/opt/ros/humble /usr/bin/cmake --build /home/kunal-singh/Desktop/Self_Moving_Car/ros2_ws/build/my_car_description -- -j4 -l4
[0.283s] Invoking command in '/home/kunal-singh/Desktop/Self_Moving_Car/ros2_ws/build/my_car_description': CMAKE_PREFIX_PATH=${CMAKE_PREFIX_PATH}:/opt/ros/humble /usr/bin/cmake --install /home/kunal-singh/Desktop/Self_Moving_Car/ros2_ws/build/my_car_description
[0.290s] -- Install configuration: ""
[0.290s] -- Execute custom install script
[0.291s] -- Up-to-date symlink: /home/kunal-singh/Desktop/Self_Moving_Car/ros2_ws/install/my_car_description/share/my_car_description/launch/display.launch.py
[0.292s] -- Symlinking: /home/kunal-singh/Desktop/Self_Moving_Car/ros2_ws/install/my_car_description/share/my_car_description/urdf/my_car.urdf
[0.302s] -- Up-to-date symlink: /home/kunal-singh/Desktop/Self_Moving_Car/ros2_ws/install/my_car_description/share/my_car_description/urdf/my_car.urdf.xacro
[0.302s] -- Up-to-date symlink: /home/kunal-singh/Desktop/Self_Moving_Car/ros2_ws/install/my_car_description/share/ament_index/resource_index/package_run_dependencies/my_car_description
[0.302s] -- Up-to-date symlink: /home/kunal-singh/Desktop/Self_Moving_Car/ros2_ws/install/my_car_description/share/ament_index/resource_index/parent_prefix_path/my_car_description
[0.302s] -- Up-to-date symlink: /home/kunal-singh/Desktop/Self_Moving_Car/ros2_ws/install/my_car_description/share/my_car_description/environment/ament_prefix_path.sh
[0.303s] -- Up-to-date symlink: /home/kunal-singh/Desktop/Self_Moving_Car/ros2_ws/install/my_car_description/share/my_car_description/environment/ament_prefix_path.dsv
[0.303s] -- Up-to-date symlink: /home/kunal-singh/Desktop/Self_Moving_Car/ros2_ws/install/my_car_description/share/my_car_description/environment/path.sh
[0.303s] -- Up-to-date symlink: /home/kunal-singh/Desktop/Self_Moving_Car/ros2_ws/install/my_car_description/share/my_car_description/environment/path.dsv
[0.303s] -- Up-to-date symlink: /home/kunal-singh/Desktop/Self_Moving_Car/ros2_ws/install/my_car_description/share/my_car_description/local_setup.bash
[0.303s] -- Up-to-date symlink: /home/kunal-singh/Desktop/Self_Moving_Car/ros2_ws/install/my_car_description/share/my_car_description/local_setup.sh
[0.303s] -- Up-to-date symlink: /home/kunal-singh/Desktop/Self_Moving_Car/ros2_ws/install/my_car_description/share/my_car_description/local_setup.zsh
[0.304s] -- Up-to-date symlink: /home/kunal-singh/Desktop/Self_Moving_Car/ros2_ws/install/my_car_description/share/my_car_description/local_setup.dsv
[0.304s] -- Symlinking: /home/kunal-singh/Desktop/Self_Moving_Car/ros2_ws/install/my_car_description/share/my_car_description/package.dsv
[0.315s] -- Up-to-date symlink: /home/kunal-singh/Desktop/Self_Moving_Car/ros2_ws/install/my_car_description/share/ament_index/resource_index/packages/my_car_description
[0.315s] -- Up-to-date symlink: /home/kunal-singh/Desktop/Self_Moving_Car/ros2_ws/install/my_car_description/share/my_car_description/cmake/my_car_descriptionConfig.cmake
[0.315s] -- Up-to-date symlink: /home/kunal-singh/Desktop/Self_Moving_Car/ros2_ws/install/my_car_description/share/my_car_description/cmake/my_car_descriptionConfig-version.cmake
[0.315s] -- Up-to-date symlink: /home/kunal-singh/Desktop/Self_Moving_Car/ros2_ws/install/my_car_description/share/my_car_description/package.xml
[0.317s] Invoked command in '/home/kunal-singh/Desktop/Self_Moving_Car/ros2_ws/build/my_car_description' returned '0': CMAKE_PREFIX_PATH=${CMAKE_PREFIX_PATH}:/opt/ros/humble /usr/bin/cmake --install /home/kunal-singh/Desktop/Self_Moving_Car/ros2_ws/build/my_car_description
