[0.089s] DEBUG:colcon:Command line arguments: ['/usr/bin/colcon', 'build']
[0.089s] DEBUG:colcon:Parsed command line arguments: Namespace(log_base=None, log_level=None, verb_name='build', build_base='build', install_base='install', merge_install=False, symlink_install=False, test_result_base=None, continue_on_error=False, executor='parallel', parallel_workers=4, event_handlers=None, ignore_user_meta=False, metas=['./colcon.meta'], base_paths=['.'], packages_ignore=None, packages_ignore_regex=None, paths=None, packages_up_to=None, packages_up_to_regex=None, packages_above=None, packages_above_and_dependencies=None, packages_above_depth=None, packages_select_by_dep=None, packages_skip_by_dep=None, packages_skip_up_to=None, packages_select_build_failed=False, packages_skip_build_finished=False, packages_select_test_failures=False, packages_skip_test_passed=False, packages_select=None, packages_skip=None, packages_select_regex=None, packages_skip_regex=None, packages_start=None, packages_end=None, allow_overriding=[], cmake_args=None, cmake_target=None, cmake_target_skip_unavailable=False, cmake_clean_cache=False, cmake_clean_first=False, cmake_force_configure=False, ament_cmake_args=None, catkin_cmake_args=None, catkin_skip_building_tests=False, verb_parser=<colcon_defaults.argument_parser.defaults.DefaultArgumentsDecorator object at 0x76a349a4cb80>, verb_extension=<colcon_core.verb.build.BuildVerb object at 0x76a349a4c670>, main=<bound method BuildVerb.main of <colcon_core.verb.build.BuildVerb object at 0x76a349a4c670>>)
[3.728s] Level 1:colcon.colcon_core.package_discovery:discover_packages(colcon_meta) check parameters
[3.728s] Level 1:colcon.colcon_core.package_discovery:discover_packages(recursive) check parameters
[3.728s] Level 1:colcon.colcon_core.package_discovery:discover_packages(ignore) check parameters
[3.728s] Level 1:colcon.colcon_core.package_discovery:discover_packages(path) check parameters
[3.728s] Level 1:colcon.colcon_core.package_discovery:discover_packages(colcon_meta) discover
[3.728s] Level 1:colcon.colcon_core.package_discovery:discover_packages(recursive) discover
[3.729s] INFO:colcon.colcon_core.package_discovery:Crawling recursively for packages in '/home/kunal-singh/Desktop/Self_Moving_Car/ros2_ws'
[3.729s] Level 1:colcon.colcon_core.package_identification:_identify(.) by extensions ['ignore', 'ignore_ament_install']
[3.729s] Level 1:colcon.colcon_core.package_identification:_identify(.) by extension 'ignore'
[3.729s] Level 1:colcon.colcon_core.package_identification:_identify(.) by extension 'ignore_ament_install'
[3.729s] Level 1:colcon.colcon_core.package_identification:_identify(.) by extensions ['colcon_pkg']
[3.729s] Level 1:colcon.colcon_core.package_identification:_identify(.) by extension 'colcon_pkg'
[3.730s] Level 1:colcon.colcon_core.package_identification:_identify(.) by extensions ['colcon_meta']
[3.730s] Level 1:colcon.colcon_core.package_identification:_identify(.) by extension 'colcon_meta'
[3.730s] Level 1:colcon.colcon_core.package_identification:_identify(.) by extensions ['ros']
[3.730s] Level 1:colcon.colcon_core.package_identification:_identify(.) by extension 'ros'
[3.748s] Level 1:colcon.colcon_core.package_identification:_identify(.) by extensions ['cmake', 'python']
[3.748s] Level 1:colcon.colcon_core.package_identification:_identify(.) by extension 'cmake'
[3.748s] Level 1:colcon.colcon_core.package_identification:_identify(.) by extension 'python'
[3.748s] Level 1:colcon.colcon_core.package_identification:_identify(.) by extensions ['python_setup_py']
[3.748s] Level 1:colcon.colcon_core.package_identification:_identify(.) by extension 'python_setup_py'
[3.748s] Level 1:colcon.colcon_core.package_identification:_identify(build) by extensions ['ignore', 'ignore_ament_install']
[3.748s] Level 1:colcon.colcon_core.package_identification:_identify(build) by extension 'ignore'
[3.748s] Level 1:colcon.colcon_core.package_identification:_identify(build) ignored
[3.749s] Level 1:colcon.colcon_core.package_identification:_identify(install) by extensions ['ignore', 'ignore_ament_install']
[3.749s] Level 1:colcon.colcon_core.package_identification:_identify(install) by extension 'ignore'
[3.749s] Level 1:colcon.colcon_core.package_identification:_identify(install) ignored
[3.749s] Level 1:colcon.colcon_core.package_identification:_identify(log) by extensions ['ignore', 'ignore_ament_install']
[3.749s] Level 1:colcon.colcon_core.package_identification:_identify(log) by extension 'ignore'
[3.749s] Level 1:colcon.colcon_core.package_identification:_identify(log) ignored
[3.749s] Level 1:colcon.colcon_core.package_identification:_identify(src) by extensions ['ignore', 'ignore_ament_install']
[3.749s] Level 1:colcon.colcon_core.package_identification:_identify(src) by extension 'ignore'
[3.749s] Level 1:colcon.colcon_core.package_identification:_identify(src) by extension 'ignore_ament_install'
[3.749s] Level 1:colcon.colcon_core.package_identification:_identify(src) by extensions ['colcon_pkg']
[3.749s] Level 1:colcon.colcon_core.package_identification:_identify(src) by extension 'colcon_pkg'
[3.749s] Level 1:colcon.colcon_core.package_identification:_identify(src) by extensions ['colcon_meta']
[3.749s] Level 1:colcon.colcon_core.package_identification:_identify(src) by extension 'colcon_meta'
[3.749s] Level 1:colcon.colcon_core.package_identification:_identify(src) by extensions ['ros']
[3.749s] Level 1:colcon.colcon_core.package_identification:_identify(src) by extension 'ros'
[3.749s] Level 1:colcon.colcon_core.package_identification:_identify(src) by extensions ['cmake', 'python']
[3.749s] Level 1:colcon.colcon_core.package_identification:_identify(src) by extension 'cmake'
[3.749s] Level 1:colcon.colcon_core.package_identification:_identify(src) by extension 'python'
[3.749s] Level 1:colcon.colcon_core.package_identification:_identify(src) by extensions ['python_setup_py']
[3.749s] Level 1:colcon.colcon_core.package_identification:_identify(src) by extension 'python_setup_py'
[3.750s] Level 1:colcon.colcon_core.package_identification:_identify(src/circular_drive_controller) by extensions ['ignore', 'ignore_ament_install']
[3.750s] Level 1:colcon.colcon_core.package_identification:_identify(src/circular_drive_controller) by extension 'ignore'
[3.750s] Level 1:colcon.colcon_core.package_identification:_identify(src/circular_drive_controller) by extension 'ignore_ament_install'
[3.750s] Level 1:colcon.colcon_core.package_identification:_identify(src/circular_drive_controller) by extensions ['colcon_pkg']
[3.750s] Level 1:colcon.colcon_core.package_identification:_identify(src/circular_drive_controller) by extension 'colcon_pkg'
[3.750s] Level 1:colcon.colcon_core.package_identification:_identify(src/circular_drive_controller) by extensions ['colcon_meta']
[3.750s] Level 1:colcon.colcon_core.package_identification:_identify(src/circular_drive_controller) by extension 'colcon_meta'
[3.750s] Level 1:colcon.colcon_core.package_identification:_identify(src/circular_drive_controller) by extensions ['ros']
[3.750s] Level 1:colcon.colcon_core.package_identification:_identify(src/circular_drive_controller) by extension 'ros'
[3.753s] DEBUG:colcon.colcon_core.package_identification:Package 'src/circular_drive_controller' with type 'ros.ament_python' and name 'circular_drive_controller'
[3.753s] Level 1:colcon.colcon_core.package_identification:_identify(src/my_car_description) by extensions ['ignore', 'ignore_ament_install']
[3.753s] Level 1:colcon.colcon_core.package_identification:_identify(src/my_car_description) by extension 'ignore'
[3.753s] Level 1:colcon.colcon_core.package_identification:_identify(src/my_car_description) by extension 'ignore_ament_install'
[3.753s] Level 1:colcon.colcon_core.package_identification:_identify(src/my_car_description) by extensions ['colcon_pkg']
[3.753s] Level 1:colcon.colcon_core.package_identification:_identify(src/my_car_description) by extension 'colcon_pkg'
[3.753s] Level 1:colcon.colcon_core.package_identification:_identify(src/my_car_description) by extensions ['colcon_meta']
[3.753s] Level 1:colcon.colcon_core.package_identification:_identify(src/my_car_description) by extension 'colcon_meta'
[3.753s] Level 1:colcon.colcon_core.package_identification:_identify(src/my_car_description) by extensions ['ros']
[3.753s] Level 1:colcon.colcon_core.package_identification:_identify(src/my_car_description) by extension 'ros'
[3.768s] DEBUG:colcon.colcon_core.package_identification:Package 'src/my_car_description' with type 'ros.ament_cmake' and name 'my_car_description'
[3.768s] Level 1:colcon.colcon_core.package_discovery:discover_packages(recursive) using defaults
[3.768s] Level 1:colcon.colcon_core.package_discovery:discover_packages(ignore) discover
[3.768s] Level 1:colcon.colcon_core.package_discovery:discover_packages(ignore) using defaults
[3.768s] Level 1:colcon.colcon_core.package_discovery:discover_packages(path) discover
[3.768s] Level 1:colcon.colcon_core.package_discovery:discover_packages(path) using defaults
[3.922s] Level 1:colcon.colcon_core.package_discovery:discover_packages(prefix_path) check parameters
[3.922s] Level 1:colcon.colcon_core.package_discovery:discover_packages(prefix_path) discover
[3.924s] DEBUG:colcon.colcon_installed_package_information.package_discovery:Found 2 installed packages in /home/kunal-singh/Desktop/Self_Moving_Car/ros2_ws/install
[3.925s] DEBUG:colcon.colcon_installed_package_information.package_discovery:Found 322 installed packages in /opt/ros/humble
[3.927s] Level 1:colcon.colcon_core.package_discovery:discover_packages(prefix_path) using defaults
[3.961s] Level 5:colcon.colcon_core.verb:set package 'circular_drive_controller' build argument 'cmake_args' from command line to 'None'
[3.961s] Level 5:colcon.colcon_core.verb:set package 'circular_drive_controller' build argument 'cmake_target' from command line to 'None'
[3.961s] Level 5:colcon.colcon_core.verb:set package 'circular_drive_controller' build argument 'cmake_target_skip_unavailable' from command line to 'False'
[3.961s] Level 5:colcon.colcon_core.verb:set package 'circular_drive_controller' build argument 'cmake_clean_cache' from command line to 'False'
[3.961s] Level 5:colcon.colcon_core.verb:set package 'circular_drive_controller' build argument 'cmake_clean_first' from command line to 'False'
[3.961s] Level 5:colcon.colcon_core.verb:set package 'circular_drive_controller' build argument 'cmake_force_configure' from command line to 'False'
[3.961s] Level 5:colcon.colcon_core.verb:set package 'circular_drive_controller' build argument 'ament_cmake_args' from command line to 'None'
[3.961s] Level 5:colcon.colcon_core.verb:set package 'circular_drive_controller' build argument 'catkin_cmake_args' from command line to 'None'
[3.961s] Level 5:colcon.colcon_core.verb:set package 'circular_drive_controller' build argument 'catkin_skip_building_tests' from command line to 'False'
[3.961s] DEBUG:colcon.colcon_core.verb:Building package 'circular_drive_controller' with the following arguments: {'ament_cmake_args': None, 'build_base': '/home/kunal-singh/Desktop/Self_Moving_Car/ros2_ws/build/circular_drive_controller', 'catkin_cmake_args': None, 'catkin_skip_building_tests': False, 'cmake_args': None, 'cmake_clean_cache': False, 'cmake_clean_first': False, 'cmake_force_configure': False, 'cmake_target': None, 'cmake_target_skip_unavailable': False, 'install_base': '/home/kunal-singh/Desktop/Self_Moving_Car/ros2_ws/install/circular_drive_controller', 'merge_install': False, 'path': '/home/kunal-singh/Desktop/Self_Moving_Car/ros2_ws/src/circular_drive_controller', 'symlink_install': False, 'test_result_base': None}
[3.962s] Level 5:colcon.colcon_core.verb:set package 'my_car_description' build argument 'cmake_args' from command line to 'None'
[3.962s] Level 5:colcon.colcon_core.verb:set package 'my_car_description' build argument 'cmake_target' from command line to 'None'
[3.962s] Level 5:colcon.colcon_core.verb:set package 'my_car_description' build argument 'cmake_target_skip_unavailable' from command line to 'False'
[3.962s] Level 5:colcon.colcon_core.verb:set package 'my_car_description' build argument 'cmake_clean_cache' from command line to 'False'
[3.962s] Level 5:colcon.colcon_core.verb:set package 'my_car_description' build argument 'cmake_clean_first' from command line to 'False'
[3.962s] Level 5:colcon.colcon_core.verb:set package 'my_car_description' build argument 'cmake_force_configure' from command line to 'False'
[3.962s] Level 5:colcon.colcon_core.verb:set package 'my_car_description' build argument 'ament_cmake_args' from command line to 'None'
[3.962s] Level 5:colcon.colcon_core.verb:set package 'my_car_description' build argument 'catkin_cmake_args' from command line to 'None'
[3.962s] Level 5:colcon.colcon_core.verb:set package 'my_car_description' build argument 'catkin_skip_building_tests' from command line to 'False'
[3.962s] DEBUG:colcon.colcon_core.verb:Building package 'my_car_description' with the following arguments: {'ament_cmake_args': None, 'build_base': '/home/kunal-singh/Desktop/Self_Moving_Car/ros2_ws/build/my_car_description', 'catkin_cmake_args': None, 'catkin_skip_building_tests': False, 'cmake_args': None, 'cmake_clean_cache': False, 'cmake_clean_first': False, 'cmake_force_configure': False, 'cmake_target': None, 'cmake_target_skip_unavailable': False, 'install_base': '/home/kunal-singh/Desktop/Self_Moving_Car/ros2_ws/install/my_car_description', 'merge_install': False, 'path': '/home/kunal-singh/Desktop/Self_Moving_Car/ros2_ws/src/my_car_description', 'symlink_install': False, 'test_result_base': None}
[3.962s] INFO:colcon.colcon_core.executor:Executing jobs using 'parallel' executor
[3.963s] DEBUG:colcon.colcon_parallel_executor.executor.parallel:run_until_complete
[3.963s] INFO:colcon.colcon_ros.task.ament_python.build:Building ROS package in '/home/kunal-singh/Desktop/Self_Moving_Car/ros2_ws/src/circular_drive_controller' with build type 'ament_python'
[3.963s] Level 1:colcon.colcon_core.shell:create_environment_hook('circular_drive_controller', 'ament_prefix_path')
[3.979s] INFO:colcon.colcon_core.plugin_system:Skipping extension 'colcon_core.shell.bat': Not used on non-Windows systems
[3.979s] INFO:colcon.colcon_core.shell:Creating environment hook '/home/kunal-singh/Desktop/Self_Moving_Car/ros2_ws/install/circular_drive_controller/share/circular_drive_controller/hook/ament_prefix_path.ps1'
[3.980s] INFO:colcon.colcon_core.shell:Creating environment descriptor '/home/kunal-singh/Desktop/Self_Moving_Car/ros2_ws/install/circular_drive_controller/share/circular_drive_controller/hook/ament_prefix_path.dsv'
[3.998s] INFO:colcon.colcon_core.shell:Creating environment hook '/home/kunal-singh/Desktop/Self_Moving_Car/ros2_ws/install/circular_drive_controller/share/circular_drive_controller/hook/ament_prefix_path.sh'
[4.001s] INFO:colcon.colcon_core.shell:Skip shell extension 'powershell' for command environment: Not usable outside of PowerShell
[4.001s] DEBUG:colcon.colcon_core.shell:Skip shell extension 'dsv' for command environment
[4.006s] INFO:colcon.colcon_ros.task.ament_cmake.build:Building ROS package in '/home/kunal-singh/Desktop/Self_Moving_Car/ros2_ws/src/my_car_description' with build type 'ament_cmake'
[4.006s] INFO:colcon.colcon_cmake.task.cmake.build:Building CMake package in '/home/kunal-singh/Desktop/Self_Moving_Car/ros2_ws/src/my_car_description'
[4.006s] INFO:colcon.colcon_core.shell:Skip shell extension 'powershell' for command environment: Not usable outside of PowerShell
[4.006s] DEBUG:colcon.colcon_core.shell:Skip shell extension 'dsv' for command environment
[4.281s] INFO:colcon.colcon_core.task.python.build:Building Python package in '/home/kunal-singh/Desktop/Self_Moving_Car/ros2_ws/src/circular_drive_controller'
[4.281s] INFO:colcon.colcon_core.shell:Skip shell extension 'powershell' for command environment: Not usable outside of PowerShell
[4.281s] DEBUG:colcon.colcon_core.shell:Skip shell extension 'dsv' for command environment
[4.360s] DEBUG:colcon.colcon_core.event_handler.log_command:Invoking command in '/home/kunal-singh/Desktop/Self_Moving_Car/ros2_ws/build/my_car_description': CMAKE_PREFIX_PATH=${CMAKE_PREFIX_PATH}:/home/kunal-singh/Desktop/Self_Moving_Car/ros2_ws/install/circular_drive_controller:/opt/ros/humble /usr/bin/cmake --build /home/kunal-singh/Desktop/Self_Moving_Car/ros2_ws/build/my_car_description -- -j4 -l4
[4.890s] DEBUG:colcon.colcon_core.event_handler.log_command:Invoked command in '/home/kunal-singh/Desktop/Self_Moving_Car/ros2_ws/build/my_car_description' returned '0': CMAKE_PREFIX_PATH=${CMAKE_PREFIX_PATH}:/home/kunal-singh/Desktop/Self_Moving_Car/ros2_ws/install/circular_drive_controller:/opt/ros/humble /usr/bin/cmake --build /home/kunal-singh/Desktop/Self_Moving_Car/ros2_ws/build/my_car_description -- -j4 -l4
[4.920s] DEBUG:colcon.colcon_core.event_handler.log_command:Invoking command in '/home/kunal-singh/Desktop/Self_Moving_Car/ros2_ws/build/my_car_description': CMAKE_PREFIX_PATH=${CMAKE_PREFIX_PATH}:/home/kunal-singh/Desktop/Self_Moving_Car/ros2_ws/install/circular_drive_controller:/opt/ros/humble /usr/bin/cmake --install /home/kunal-singh/Desktop/Self_Moving_Car/ros2_ws/build/my_car_description
[4.952s] Level 1:colcon.colcon_core.environment:create_environment_scripts_only(my_car_description)
[4.952s] DEBUG:colcon.colcon_core.event_handler.log_command:Invoked command in '/home/kunal-singh/Desktop/Self_Moving_Car/ros2_ws/build/my_car_description' returned '0': CMAKE_PREFIX_PATH=${CMAKE_PREFIX_PATH}:/home/kunal-singh/Desktop/Self_Moving_Car/ros2_ws/install/circular_drive_controller:/opt/ros/humble /usr/bin/cmake --install /home/kunal-singh/Desktop/Self_Moving_Car/ros2_ws/build/my_car_description
[4.955s] Level 1:colcon.colcon_core.environment:checking '/home/kunal-singh/Desktop/Self_Moving_Car/ros2_ws/install/my_car_description' for CMake module files
[4.955s] Level 1:colcon.colcon_core.environment:checking '/home/kunal-singh/Desktop/Self_Moving_Car/ros2_ws/install/my_car_description' for CMake config files
[4.956s] Level 1:colcon.colcon_core.shell:create_environment_hook('my_car_description', 'cmake_prefix_path')
[4.956s] INFO:colcon.colcon_core.shell:Creating environment hook '/home/kunal-singh/Desktop/Self_Moving_Car/ros2_ws/install/my_car_description/share/my_car_description/hook/cmake_prefix_path.ps1'
[4.956s] INFO:colcon.colcon_core.shell:Creating environment descriptor '/home/kunal-singh/Desktop/Self_Moving_Car/ros2_ws/install/my_car_description/share/my_car_description/hook/cmake_prefix_path.dsv'
[4.957s] INFO:colcon.colcon_core.shell:Creating environment hook '/home/kunal-singh/Desktop/Self_Moving_Car/ros2_ws/install/my_car_description/share/my_car_description/hook/cmake_prefix_path.sh'
[4.957s] Level 1:colcon.colcon_core.environment:checking '/home/kunal-singh/Desktop/Self_Moving_Car/ros2_ws/install/my_car_description/bin'
[4.957s] Level 1:colcon.colcon_core.environment:checking '/home/kunal-singh/Desktop/Self_Moving_Car/ros2_ws/install/my_car_description/lib/pkgconfig/my_car_description.pc'
[4.958s] Level 1:colcon.colcon_core.environment:checking '/home/kunal-singh/Desktop/Self_Moving_Car/ros2_ws/install/my_car_description/lib/python3.10/site-packages'
[4.958s] Level 1:colcon.colcon_core.environment:checking '/home/kunal-singh/Desktop/Self_Moving_Car/ros2_ws/install/my_car_description/bin'
[4.958s] INFO:colcon.colcon_core.shell:Creating package script '/home/kunal-singh/Desktop/Self_Moving_Car/ros2_ws/install/my_car_description/share/my_car_description/package.ps1'
[4.959s] INFO:colcon.colcon_core.shell:Creating package descriptor '/home/kunal-singh/Desktop/Self_Moving_Car/ros2_ws/install/my_car_description/share/my_car_description/package.dsv'
[4.960s] INFO:colcon.colcon_core.shell:Creating package script '/home/kunal-singh/Desktop/Self_Moving_Car/ros2_ws/install/my_car_description/share/my_car_description/package.sh'
[4.961s] INFO:colcon.colcon_core.shell:Creating package script '/home/kunal-singh/Desktop/Self_Moving_Car/ros2_ws/install/my_car_description/share/my_car_description/package.bash'
[4.963s] INFO:colcon.colcon_core.shell:Creating package script '/home/kunal-singh/Desktop/Self_Moving_Car/ros2_ws/install/my_car_description/share/my_car_description/package.zsh'
[4.964s] Level 1:colcon.colcon_core.environment:create_file_with_runtime_dependencies(/home/kunal-singh/Desktop/Self_Moving_Car/ros2_ws/install/my_car_description/share/colcon-core/packages/my_car_description)
[4.965s] Level 1:colcon.colcon_core.environment:create_environment_scripts_only(my_car_description)
[4.965s] Level 1:colcon.colcon_core.environment:checking '/home/kunal-singh/Desktop/Self_Moving_Car/ros2_ws/install/my_car_description' for CMake module files
[4.966s] Level 1:colcon.colcon_core.environment:checking '/home/kunal-singh/Desktop/Self_Moving_Car/ros2_ws/install/my_car_description' for CMake config files
[4.966s] Level 1:colcon.colcon_core.shell:create_environment_hook('my_car_description', 'cmake_prefix_path')
[4.967s] INFO:colcon.colcon_core.shell:Creating environment hook '/home/kunal-singh/Desktop/Self_Moving_Car/ros2_ws/install/my_car_description/share/my_car_description/hook/cmake_prefix_path.ps1'
[4.967s] INFO:colcon.colcon_core.shell:Creating environment descriptor '/home/kunal-singh/Desktop/Self_Moving_Car/ros2_ws/install/my_car_description/share/my_car_description/hook/cmake_prefix_path.dsv'
[4.968s] INFO:colcon.colcon_core.shell:Creating environment hook '/home/kunal-singh/Desktop/Self_Moving_Car/ros2_ws/install/my_car_description/share/my_car_description/hook/cmake_prefix_path.sh'
[4.968s] Level 1:colcon.colcon_core.environment:checking '/home/kunal-singh/Desktop/Self_Moving_Car/ros2_ws/install/my_car_description/bin'
[4.968s] Level 1:colcon.colcon_core.environment:checking '/home/kunal-singh/Desktop/Self_Moving_Car/ros2_ws/install/my_car_description/lib/pkgconfig/my_car_description.pc'
[4.968s] Level 1:colcon.colcon_core.environment:checking '/home/kunal-singh/Desktop/Self_Moving_Car/ros2_ws/install/my_car_description/lib/python3.10/site-packages'
[4.969s] Level 1:colcon.colcon_core.environment:checking '/home/kunal-singh/Desktop/Self_Moving_Car/ros2_ws/install/my_car_description/bin'
[4.969s] INFO:colcon.colcon_core.shell:Creating package script '/home/kunal-singh/Desktop/Self_Moving_Car/ros2_ws/install/my_car_description/share/my_car_description/package.ps1'
[4.969s] INFO:colcon.colcon_core.shell:Creating package descriptor '/home/kunal-singh/Desktop/Self_Moving_Car/ros2_ws/install/my_car_description/share/my_car_description/package.dsv'
[4.970s] INFO:colcon.colcon_core.shell:Creating package script '/home/kunal-singh/Desktop/Self_Moving_Car/ros2_ws/install/my_car_description/share/my_car_description/package.sh'
[4.970s] INFO:colcon.colcon_core.shell:Creating package script '/home/kunal-singh/Desktop/Self_Moving_Car/ros2_ws/install/my_car_description/share/my_car_description/package.bash'
[4.971s] INFO:colcon.colcon_core.shell:Creating package script '/home/kunal-singh/Desktop/Self_Moving_Car/ros2_ws/install/my_car_description/share/my_car_description/package.zsh'
[4.971s] Level 1:colcon.colcon_core.environment:create_file_with_runtime_dependencies(/home/kunal-singh/Desktop/Self_Moving_Car/ros2_ws/install/my_car_description/share/colcon-core/packages/my_car_description)
[5.228s] DEBUG:colcon.colcon_core.event_handler.log_command:Invoking command in '/home/kunal-singh/Desktop/Self_Moving_Car/ros2_ws/src/circular_drive_controller': PYTHONPATH=/home/kunal-singh/Desktop/Self_Moving_Car/ros2_ws/build/circular_drive_controller/prefix_override:/usr/lib/python3/dist-packages/colcon_core/task/python/colcon_distutils_commands:/home/kunal-singh/Desktop/Self_Moving_Car/ros2_ws/install/circular_drive_controller/lib/python3.10/site-packages:${PYTHONPATH} /usr/bin/python3 -W ignore:setup.py install is deprecated -W ignore:easy_install command is deprecated setup.py egg_info --egg-base ../../build/circular_drive_controller build --build-base /home/kunal-singh/Desktop/Self_Moving_Car/ros2_ws/build/circular_drive_controller/build install --record /home/kunal-singh/Desktop/Self_Moving_Car/ros2_ws/build/circular_drive_controller/install.log --single-version-externally-managed install_data
[5.489s] Level 1:colcon.colcon_core.environment:checking '/home/kunal-singh/Desktop/Self_Moving_Car/ros2_ws/install/circular_drive_controller' for CMake module files
[5.490s] DEBUG:colcon.colcon_core.event_handler.log_command:Invoked command in '/home/kunal-singh/Desktop/Self_Moving_Car/ros2_ws/src/circular_drive_controller' returned '0': PYTHONPATH=/home/kunal-singh/Desktop/Self_Moving_Car/ros2_ws/build/circular_drive_controller/prefix_override:/usr/lib/python3/dist-packages/colcon_core/task/python/colcon_distutils_commands:/home/kunal-singh/Desktop/Self_Moving_Car/ros2_ws/install/circular_drive_controller/lib/python3.10/site-packages:${PYTHONPATH} /usr/bin/python3 -W ignore:setup.py install is deprecated -W ignore:easy_install command is deprecated setup.py egg_info --egg-base ../../build/circular_drive_controller build --build-base /home/kunal-singh/Desktop/Self_Moving_Car/ros2_ws/build/circular_drive_controller/build install --record /home/kunal-singh/Desktop/Self_Moving_Car/ros2_ws/build/circular_drive_controller/install.log --single-version-externally-managed install_data
[5.490s] Level 1:colcon.colcon_core.environment:checking '/home/kunal-singh/Desktop/Self_Moving_Car/ros2_ws/install/circular_drive_controller' for CMake config files
[5.491s] Level 1:colcon.colcon_core.environment:checking '/home/kunal-singh/Desktop/Self_Moving_Car/ros2_ws/install/circular_drive_controller/lib'
[5.491s] Level 1:colcon.colcon_core.environment:checking '/home/kunal-singh/Desktop/Self_Moving_Car/ros2_ws/install/circular_drive_controller/bin'
[5.491s] Level 1:colcon.colcon_core.environment:checking '/home/kunal-singh/Desktop/Self_Moving_Car/ros2_ws/install/circular_drive_controller/lib/pkgconfig/circular_drive_controller.pc'
[5.491s] Level 1:colcon.colcon_core.environment:checking '/home/kunal-singh/Desktop/Self_Moving_Car/ros2_ws/install/circular_drive_controller/lib/python3.10/site-packages'
[5.491s] Level 1:colcon.colcon_core.shell:create_environment_hook('circular_drive_controller', 'pythonpath')
[5.491s] INFO:colcon.colcon_core.shell:Creating environment hook '/home/kunal-singh/Desktop/Self_Moving_Car/ros2_ws/install/circular_drive_controller/share/circular_drive_controller/hook/pythonpath.ps1'
[5.492s] INFO:colcon.colcon_core.shell:Creating environment descriptor '/home/kunal-singh/Desktop/Self_Moving_Car/ros2_ws/install/circular_drive_controller/share/circular_drive_controller/hook/pythonpath.dsv'
[5.492s] INFO:colcon.colcon_core.shell:Creating environment hook '/home/kunal-singh/Desktop/Self_Moving_Car/ros2_ws/install/circular_drive_controller/share/circular_drive_controller/hook/pythonpath.sh'
[5.493s] Level 1:colcon.colcon_core.environment:checking '/home/kunal-singh/Desktop/Self_Moving_Car/ros2_ws/install/circular_drive_controller/bin'
[5.493s] Level 1:colcon.colcon_core.environment:create_environment_scripts_only(circular_drive_controller)
[5.493s] INFO:colcon.colcon_core.shell:Creating package script '/home/kunal-singh/Desktop/Self_Moving_Car/ros2_ws/install/circular_drive_controller/share/circular_drive_controller/package.ps1'
[5.493s] INFO:colcon.colcon_core.shell:Creating package descriptor '/home/kunal-singh/Desktop/Self_Moving_Car/ros2_ws/install/circular_drive_controller/share/circular_drive_controller/package.dsv'
[5.494s] INFO:colcon.colcon_core.shell:Creating package script '/home/kunal-singh/Desktop/Self_Moving_Car/ros2_ws/install/circular_drive_controller/share/circular_drive_controller/package.sh'
[5.495s] INFO:colcon.colcon_core.shell:Creating package script '/home/kunal-singh/Desktop/Self_Moving_Car/ros2_ws/install/circular_drive_controller/share/circular_drive_controller/package.bash'
[5.496s] INFO:colcon.colcon_core.shell:Creating package script '/home/kunal-singh/Desktop/Self_Moving_Car/ros2_ws/install/circular_drive_controller/share/circular_drive_controller/package.zsh'
[5.496s] Level 1:colcon.colcon_core.environment:create_file_with_runtime_dependencies(/home/kunal-singh/Desktop/Self_Moving_Car/ros2_ws/install/circular_drive_controller/share/colcon-core/packages/circular_drive_controller)
[5.496s] DEBUG:colcon.colcon_parallel_executor.executor.parallel:closing loop
[5.497s] DEBUG:colcon.colcon_parallel_executor.executor.parallel:loop closed
[5.497s] DEBUG:colcon.colcon_parallel_executor.executor.parallel:run_until_complete finished with '0'
[5.497s] DEBUG:colcon.colcon_core.event_reactor:joining thread
[5.503s] INFO:colcon.colcon_core.plugin_system:Skipping extension 'colcon_notification.desktop_notification.terminal_notifier': Not used on non-Darwin systems
[5.503s] INFO:colcon.colcon_core.plugin_system:Skipping extension 'colcon_notification.desktop_notification.win32': Not used on non-Windows systems
[5.503s] INFO:colcon.colcon_notification.desktop_notification:Sending desktop notification using 'notify2'
[5.550s] DEBUG:colcon.colcon_core.event_reactor:joined thread
[5.551s] INFO:colcon.colcon_core.shell:Creating prefix script '/home/kunal-singh/Desktop/Self_Moving_Car/ros2_ws/install/local_setup.ps1'
[5.554s] INFO:colcon.colcon_core.shell:Creating prefix util module '/home/kunal-singh/Desktop/Self_Moving_Car/ros2_ws/install/_local_setup_util_ps1.py'
[5.558s] INFO:colcon.colcon_core.shell:Creating prefix chain script '/home/kunal-singh/Desktop/Self_Moving_Car/ros2_ws/install/setup.ps1'
[5.560s] INFO:colcon.colcon_core.shell:Creating prefix script '/home/kunal-singh/Desktop/Self_Moving_Car/ros2_ws/install/local_setup.sh'
[5.561s] INFO:colcon.colcon_core.shell:Creating prefix util module '/home/kunal-singh/Desktop/Self_Moving_Car/ros2_ws/install/_local_setup_util_sh.py'
[5.562s] INFO:colcon.colcon_core.shell:Creating prefix chain script '/home/kunal-singh/Desktop/Self_Moving_Car/ros2_ws/install/setup.sh'
[5.564s] INFO:colcon.colcon_core.shell:Creating prefix script '/home/kunal-singh/Desktop/Self_Moving_Car/ros2_ws/install/local_setup.bash'
[5.565s] INFO:colcon.colcon_core.shell:Creating prefix chain script '/home/kunal-singh/Desktop/Self_Moving_Car/ros2_ws/install/setup.bash'
[5.566s] INFO:colcon.colcon_core.shell:Creating prefix script '/home/kunal-singh/Desktop/Self_Moving_Car/ros2_ws/install/local_setup.zsh'
[5.567s] INFO:colcon.colcon_core.shell:Creating prefix chain script '/home/kunal-singh/Desktop/Self_Moving_Car/ros2_ws/install/setup.zsh'
