[1.603s] Invoking command in '/home/shuksham/Self-Moving-Car/ros2_ws/build/circular_drive_controller': PYTHONPATH=/home/shuksham/Self-Moving-Car/ros2_ws/build/circular_drive_controller/prefix_override:/usr/lib/python3/dist-packages/colcon_core/task/python/colcon_distutils_commands:/home/shuksham/Self-Moving-Car/ros2_ws/install/circular_drive_controller/lib/python3.10/site-packages:${PYTHONPATH} /usr/bin/python3 -W ignore:setup.py install is deprecated -W ignore:easy_install command is deprecated setup.py develop --editable --build-directory /home/shuksham/Self-Moving-Car/ros2_ws/build/circular_drive_controller/build --no-deps symlink_data --force
[2.346s] running develop
[2.573s] running egg_info
[2.574s] writing circular_drive_controller.egg-info/PKG-INFO
[2.574s] writing dependency_links to circular_drive_controller.egg-info/dependency_links.txt
[2.575s] writing entry points to circular_drive_controller.egg-info/entry_points.txt
[2.576s] writing requirements to circular_drive_controller.egg-info/requires.txt
[2.576s] writing top-level names to circular_drive_controller.egg-info/top_level.txt
[2.582s] reading manifest file 'circular_drive_controller.egg-info/SOURCES.txt'
[2.584s] writing manifest file 'circular_drive_controller.egg-info/SOURCES.txt'
[2.588s] running build_ext
[2.589s] Creating /home/shuksham/Self-Moving-Car/ros2_ws/install/circular_drive_controller/lib/python3.10/site-packages/circular-drive-controller.egg-link (link to .)
[2.592s] Installing control_node script to /home/shuksham/Self-Moving-Car/ros2_ws/install/circular_drive_controller/lib/circular_drive_controller
[2.593s] Installing mission_node script to /home/shuksham/Self-Moving-Car/ros2_ws/install/circular_drive_controller/lib/circular_drive_controller
[2.593s] 
[2.594s] Installed /home/shuksham/Self-Moving-Car/ros2_ws/build/circular_drive_controller
[2.595s] running symlink_data
[2.596s] symbolically linking /home/shuksham/Self-Moving-Car/ros2_ws/build/circular_drive_controller/resource/circular_drive_controller -> /home/shuksham/Self-Moving-Car/ros2_ws/install/circular_drive_controller/share/ament_index/resource_index/packages
[2.598s] symbolically linking /home/shuksham/Self-Moving-Car/ros2_ws/build/circular_drive_controller/package.xml -> /home/shuksham/Self-Moving-Car/ros2_ws/install/circular_drive_controller/share/circular_drive_controller
[2.707s] Invoked command in '/home/shuksham/Self-Moving-Car/ros2_ws/build/circular_drive_controller' returned '0': PYTHONPATH=/home/shuksham/Self-Moving-Car/ros2_ws/build/circular_drive_controller/prefix_override:/usr/lib/python3/dist-packages/colcon_core/task/python/colcon_distutils_commands:/home/shuksham/Self-Moving-Car/ros2_ws/install/circular_drive_controller/lib/python3.10/site-packages:${PYTHONPATH} /usr/bin/python3 -W ignore:setup.py install is deprecated -W ignore:easy_install command is deprecated setup.py develop --editable --build-directory /home/shuksham/Self-Moving-Car/ros2_ws/build/circular_drive_controller/build --no-deps symlink_data --force
