[0.016s] Invoking command in '/home/kunal-singh/Desktop/Self_Moving_Car/ros2_ws/build/my_car_description': CMAKE_PREFIX_PATH=${CMAKE_PREFIX_PATH}:/opt/ros/humble /usr/bin/cmake --build /home/kunal-singh/Desktop/Self_Moving_Car/ros2_ws/build/my_car_description -- -j4 -l4
[0.074s] Invoked command in '/home/kunal-singh/Desktop/Self_Moving_Car/ros2_ws/build/my_car_description' returned '0': CMAKE_PREFIX_PATH=${CMAKE_PREFIX_PATH}:/opt/ros/humble /usr/bin/cmake --build /home/kunal-singh/Desktop/Self_Moving_Car/ros2_ws/build/my_car_description -- -j4 -l4
[0.087s] Invoking command in '/home/kunal-singh/Desktop/Self_Moving_Car/ros2_ws/build/my_car_description': CMAKE_PREFIX_PATH=${CMAKE_PREFIX_PATH}:/opt/ros/humble /usr/bin/cmake --install /home/kunal-singh/Desktop/Self_Moving_Car/ros2_ws/build/my_car_description
[0.096s] -- Install configuration: ""
[0.097s] -- Execute custom install script
[0.097s] -- Up-to-date symlink: /home/kunal-singh/Desktop/Self_Moving_Car/ros2_ws/install/my_car_description/share/my_car_description/launch/display.launch.py
[0.098s] -- Up-to-date symlink: /home/kunal-singh/Desktop/Self_Moving_Car/ros2_ws/install/my_car_description/share/my_car_description/launch/gazebo.launch.py
[0.098s] -- Up-to-date symlink: /home/kunal-singh/Desktop/Self_Moving_Car/ros2_ws/install/my_car_description/share/my_car_description/urdf/my_car.urdf
[0.098s] -- Up-to-date symlink: /home/kunal-singh/Desktop/Self_Moving_Car/ros2_ws/install/my_car_description/share/my_car_description/urdf/my_car.urdf.xacro
[0.099s] -- Up-to-date symlink: /home/kunal-singh/Desktop/Self_Moving_Car/ros2_ws/install/my_car_description/share/ament_index/resource_index/package_run_dependencies/my_car_description
[0.100s] -- Up-to-date symlink: /home/kunal-singh/Desktop/Self_Moving_Car/ros2_ws/install/my_car_description/share/ament_index/resource_index/parent_prefix_path/my_car_description
[0.100s] -- Up-to-date symlink: /home/kunal-singh/Desktop/Self_Moving_Car/ros2_ws/install/my_car_description/share/my_car_description/environment/ament_prefix_path.sh
[0.100s] -- Up-to-date symlink: /home/kunal-singh/Desktop/Self_Moving_Car/ros2_ws/install/my_car_description/share/my_car_description/environment/ament_prefix_path.dsv
[0.100s] -- Up-to-date symlink: /home/kunal-singh/Desktop/Self_Moving_Car/ros2_ws/install/my_car_description/share/my_car_description/environment/path.sh
[0.100s] -- Up-to-date symlink: /home/kunal-singh/Desktop/Self_Moving_Car/ros2_ws/install/my_car_description/share/my_car_description/environment/path.dsv
[0.101s] -- Up-to-date symlink: /home/kunal-singh/Desktop/Self_Moving_Car/ros2_ws/install/my_car_description/share/my_car_description/local_setup.bash
[0.101s] -- Up-to-date symlink: /home/kunal-singh/Desktop/Self_Moving_Car/ros2_ws/install/my_car_description/share/my_car_description/local_setup.sh
[0.101s] -- Up-to-date symlink: /home/kunal-singh/Desktop/Self_Moving_Car/ros2_ws/install/my_car_description/share/my_car_description/local_setup.zsh
[0.101s] -- Up-to-date symlink: /home/kunal-singh/Desktop/Self_Moving_Car/ros2_ws/install/my_car_description/share/my_car_description/local_setup.dsv
[0.101s] -- Symlinking: /home/kunal-singh/Desktop/Self_Moving_Car/ros2_ws/install/my_car_description/share/my_car_description/package.dsv
[0.116s] -- Up-to-date symlink: /home/kunal-singh/Desktop/Self_Moving_Car/ros2_ws/install/my_car_description/share/ament_index/resource_index/packages/my_car_description
[0.118s] -- Up-to-date symlink: /home/kunal-singh/Desktop/Self_Moving_Car/ros2_ws/install/my_car_description/share/my_car_description/cmake/my_car_descriptionConfig.cmake
[0.118s] -- Up-to-date symlink: /home/kunal-singh/Desktop/Self_Moving_Car/ros2_ws/install/my_car_description/share/my_car_description/cmake/my_car_descriptionConfig-version.cmake
[0.119s] -- Up-to-date symlink: /home/kunal-singh/Desktop/Self_Moving_Car/ros2_ws/install/my_car_description/share/my_car_description/package.xml
[0.121s] Invoked command in '/home/kunal-singh/Desktop/Self_Moving_Car/ros2_ws/build/my_car_description' returned '0': CMAKE_PREFIX_PATH=${CMAKE_PREFIX_PATH}:/opt/ros/humble /usr/bin/cmake --install /home/kunal-singh/Desktop/Self_Moving_Car/ros2_ws/build/my_car_description
