[0.050s] Invoking command in '/home/kunal-singh/Desktop/Self_Moving_Car/ros2_ws/build/my_car_description': CMAKE_PREFIX_PATH=/opt/ros/humble /usr/bin/cmake /home/kunal-singh/Desktop/Self_Moving_Car/ros2_ws/src/my_car_description -DAMENT_CMAKE_SYMLINK_INSTALL=1 -DCMAKE_INSTALL_PREFIX=/home/kunal-singh/Desktop/Self_Moving_Car/ros2_ws/install/my_car_description
[0.809s] -- Found ament_cmake: 1.3.12 (/opt/ros/humble/share/ament_cmake/cmake)
[1.222s] -- Override CMake install command with custom implementation using symlinks instead of copying resources
[1.463s] -- Configuring done
[1.471s] -- Generating done
[1.474s] -- Build files have been written to: /home/kunal-singh/Desktop/Self_Moving_Car/ros2_ws/build/my_car_description
[1.477s] Invoked command in '/home/kunal-singh/Desktop/Self_Moving_Car/ros2_ws/build/my_car_description' returned '0': CMAKE_PREFIX_PATH=/opt/ros/humble /usr/bin/cmake /home/kunal-singh/Desktop/Self_Moving_Car/ros2_ws/src/my_car_description -DAMENT_CMAKE_SYMLINK_INSTALL=1 -DCMAKE_INSTALL_PREFIX=/home/kunal-singh/Desktop/Self_Moving_Car/ros2_ws/install/my_car_description
[1.479s] Invoking command in '/home/kunal-singh/Desktop/Self_Moving_Car/ros2_ws/build/my_car_description': CMAKE_PREFIX_PATH=/opt/ros/humble /usr/bin/cmake --build /home/kunal-singh/Desktop/Self_Moving_Car/ros2_ws/build/my_car_description -- -j4 -l4
[1.539s] Invoked command in '/home/kunal-singh/Desktop/Self_Moving_Car/ros2_ws/build/my_car_description' returned '0': CMAKE_PREFIX_PATH=/opt/ros/humble /usr/bin/cmake --build /home/kunal-singh/Desktop/Self_Moving_Car/ros2_ws/build/my_car_description -- -j4 -l4
[1.550s] Invoking command in '/home/kunal-singh/Desktop/Self_Moving_Car/ros2_ws/build/my_car_description': CMAKE_PREFIX_PATH=/opt/ros/humble /usr/bin/cmake --install /home/kunal-singh/Desktop/Self_Moving_Car/ros2_ws/build/my_car_description
[1.556s] -- Install configuration: ""
[1.557s] -- Execute custom install script
[1.557s] -- Symlinking: /home/kunal-singh/Desktop/Self_Moving_Car/ros2_ws/install/my_car_description/share/my_car_description/launch/display.launch.py
[1.565s] -- Symlinking: /home/kunal-singh/Desktop/Self_Moving_Car/ros2_ws/install/my_car_description/share/my_car_description/launch/gazebo.launch.py
[1.573s] -- Symlinking: /home/kunal-singh/Desktop/Self_Moving_Car/ros2_ws/install/my_car_description/share/my_car_description/urdf/my_car.urdf
[1.580s] -- Symlinking: /home/kunal-singh/Desktop/Self_Moving_Car/ros2_ws/install/my_car_description/share/my_car_description/urdf/my_car.urdf.xacro
[1.588s] -- Symlinking: /home/kunal-singh/Desktop/Self_Moving_Car/ros2_ws/install/my_car_description/share/ament_index/resource_index/package_run_dependencies/my_car_description
[1.595s] -- Symlinking: /home/kunal-singh/Desktop/Self_Moving_Car/ros2_ws/install/my_car_description/share/ament_index/resource_index/parent_prefix_path/my_car_description
[1.602s] -- Symlinking: /home/kunal-singh/Desktop/Self_Moving_Car/ros2_ws/install/my_car_description/share/my_car_description/environment/ament_prefix_path.sh
[1.609s] -- Symlinking: /home/kunal-singh/Desktop/Self_Moving_Car/ros2_ws/install/my_car_description/share/my_car_description/environment/ament_prefix_path.dsv
[1.620s] -- Symlinking: /home/kunal-singh/Desktop/Self_Moving_Car/ros2_ws/install/my_car_description/share/my_car_description/environment/path.sh
[1.627s] -- Symlinking: /home/kunal-singh/Desktop/Self_Moving_Car/ros2_ws/install/my_car_description/share/my_car_description/environment/path.dsv
[1.637s] -- Symlinking: /home/kunal-singh/Desktop/Self_Moving_Car/ros2_ws/install/my_car_description/share/my_car_description/local_setup.bash
[1.646s] -- Symlinking: /home/kunal-singh/Desktop/Self_Moving_Car/ros2_ws/install/my_car_description/share/my_car_description/local_setup.sh
[1.654s] -- Symlinking: /home/kunal-singh/Desktop/Self_Moving_Car/ros2_ws/install/my_car_description/share/my_car_description/local_setup.zsh
[1.662s] -- Symlinking: /home/kunal-singh/Desktop/Self_Moving_Car/ros2_ws/install/my_car_description/share/my_car_description/local_setup.dsv
[1.671s] -- Symlinking: /home/kunal-singh/Desktop/Self_Moving_Car/ros2_ws/install/my_car_description/share/my_car_description/package.dsv
[1.678s] -- Symlinking: /home/kunal-singh/Desktop/Self_Moving_Car/ros2_ws/install/my_car_description/share/ament_index/resource_index/packages/my_car_description
[1.686s] -- Symlinking: /home/kunal-singh/Desktop/Self_Moving_Car/ros2_ws/install/my_car_description/share/my_car_description/cmake/my_car_descriptionConfig.cmake
[1.693s] -- Symlinking: /home/kunal-singh/Desktop/Self_Moving_Car/ros2_ws/install/my_car_description/share/my_car_description/cmake/my_car_descriptionConfig-version.cmake
[1.701s] -- Symlinking: /home/kunal-singh/Desktop/Self_Moving_Car/ros2_ws/install/my_car_description/share/my_car_description/package.xml
[1.710s] Invoked command in '/home/kunal-singh/Desktop/Self_Moving_Car/ros2_ws/build/my_car_description' returned '0': CMAKE_PREFIX_PATH=/opt/ros/humble /usr/bin/cmake --install /home/kunal-singh/Desktop/Self_Moving_Car/ros2_ws/build/my_car_description
