[1.124s] Invoking command in '/home/shuksham/Self-Moving-Car/ros2_ws/build/circular_drive_controller': PYTHONPATH=/home/shuksham/Self-Moving-Car/ros2_ws/build/circular_drive_controller/prefix_override:/usr/lib/python3/dist-packages/colcon_core/task/python/colcon_distutils_commands:/home/shuksham/Self-Moving-Car/ros2_ws/install/circular_drive_controller/lib/python3.10/site-packages:${PYTHONPATH} /usr/bin/python3 -W ignore:setup.py install is deprecated -W ignore:easy_install command is deprecated setup.py develop --editable --build-directory /home/shuksham/Self-Moving-Car/ros2_ws/build/circular_drive_controller/build --no-deps symlink_data --force
[1.429s] running develop
[1.675s] running egg_info
[1.675s] writing circular_drive_controller.egg-info/PKG-INFO
[1.675s] writing dependency_links to circular_drive_controller.egg-info/dependency_links.txt
[1.675s] writing entry points to circular_drive_controller.egg-info/entry_points.txt
[1.675s] writing requirements to circular_drive_controller.egg-info/requires.txt
[1.676s] writing top-level names to circular_drive_controller.egg-info/top_level.txt
[1.678s] reading manifest file 'circular_drive_controller.egg-info/SOURCES.txt'
[1.679s] writing manifest file 'circular_drive_controller.egg-info/SOURCES.txt'
[1.680s] running build_ext
[1.680s] Creating /home/shuksham/Self-Moving-Car/ros2_ws/install/circular_drive_controller/lib/python3.10/site-packages/circular-drive-controller.egg-link (link to .)
[1.681s] Installing control_node script to /home/shuksham/Self-Moving-Car/ros2_ws/install/circular_drive_controller/lib/circular_drive_controller
[1.681s] Installing mission_node script to /home/shuksham/Self-Moving-Car/ros2_ws/install/circular_drive_controller/lib/circular_drive_controller
[1.681s] 
[1.681s] Installed /home/shuksham/Self-Moving-Car/ros2_ws/build/circular_drive_controller
[1.681s] running symlink_data
[1.681s] symbolically linking /home/shuksham/Self-Moving-Car/ros2_ws/build/circular_drive_controller/resource/circular_drive_controller -> /home/shuksham/Self-Moving-Car/ros2_ws/install/circular_drive_controller/share/ament_index/resource_index/packages
[1.682s] symbolically linking /home/shuksham/Self-Moving-Car/ros2_ws/build/circular_drive_controller/package.xml -> /home/shuksham/Self-Moving-Car/ros2_ws/install/circular_drive_controller/share/circular_drive_controller
[1.728s] Invoked command in '/home/shuksham/Self-Moving-Car/ros2_ws/build/circular_drive_controller' returned '0': PYTHONPATH=/home/shuksham/Self-Moving-Car/ros2_ws/build/circular_drive_controller/prefix_override:/usr/lib/python3/dist-packages/colcon_core/task/python/colcon_distutils_commands:/home/shuksham/Self-Moving-Car/ros2_ws/install/circular_drive_controller/lib/python3.10/site-packages:${PYTHONPATH} /usr/bin/python3 -W ignore:setup.py install is deprecated -W ignore:easy_install command is deprecated setup.py develop --editable --build-directory /home/shuksham/Self-Moving-Car/ros2_ws/build/circular_drive_controller/build --no-deps symlink_data --force
