[0.389s] Invoking command in '/home/shuksham/Self-Moving-Car/ros2_ws/build/my_car_description': CMAKE_PREFIX_PATH=/opt/ros/humble /usr/bin/cmake /home/shuksham/Self-Moving-Car/ros2_ws/src/my_car_description -DAMENT_CMAKE_SYMLINK_INSTALL=1 -DCMAKE_INSTALL_PREFIX=/home/shuksham/Self-Moving-Car/ros2_ws/install/my_car_description
[0.456s] -- Found ament_cmake: 1.3.12 (/opt/ros/humble/share/ament_cmake/cmake)
[0.629s] -- Override CMake install command with custom implementation using symlinks instead of copying resources
[0.701s] -- Found ament_lint_auto: 0.12.14 (/opt/ros/humble/share/ament_lint_auto/cmake)
[0.842s] -- Added test 'flake8' to check Python code syntax and style conventions
[0.843s] -- Added test 'lint_cmake' to check CMake code style
[0.844s] -- Added test 'pep257' to check Python code against some of the docstring style conventions in PEP 257
[0.848s] -- Added test 'xmllint' to check XML markup files
[0.852s] -- Configuring done
[0.858s] -- Generating done
[0.860s] -- Build files have been written to: /home/shuksham/Self-Moving-Car/ros2_ws/build/my_car_description
[0.865s] Invoked command in '/home/shuksham/Self-Moving-Car/ros2_ws/build/my_car_description' returned '0': CMAKE_PREFIX_PATH=/opt/ros/humble /usr/bin/cmake /home/shuksham/Self-Moving-Car/ros2_ws/src/my_car_description -DAMENT_CMAKE_SYMLINK_INSTALL=1 -DCMAKE_INSTALL_PREFIX=/home/shuksham/Self-Moving-Car/ros2_ws/install/my_car_description
[0.867s] Invoking command in '/home/shuksham/Self-Moving-Car/ros2_ws/build/my_car_description': CMAKE_PREFIX_PATH=/opt/ros/humble /usr/bin/cmake --build /home/shuksham/Self-Moving-Car/ros2_ws/build/my_car_description -- -j8 -l8
[0.909s] Invoked command in '/home/shuksham/Self-Moving-Car/ros2_ws/build/my_car_description' returned '0': CMAKE_PREFIX_PATH=/opt/ros/humble /usr/bin/cmake --build /home/shuksham/Self-Moving-Car/ros2_ws/build/my_car_description -- -j8 -l8
[0.920s] Invoking command in '/home/shuksham/Self-Moving-Car/ros2_ws/build/my_car_description': CMAKE_PREFIX_PATH=/opt/ros/humble /usr/bin/cmake --install /home/shuksham/Self-Moving-Car/ros2_ws/build/my_car_description
[0.926s] -- Install configuration: ""
[0.926s] -- Execute custom install script
[0.927s] -- Symlinking: /home/shuksham/Self-Moving-Car/ros2_ws/install/my_car_description/share/my_car_description/launch/gazebo_launch.py
[0.936s] -- Symlinking: /home/shuksham/Self-Moving-Car/ros2_ws/install/my_car_description/share/my_car_description/urdf/my_car.urdf
[0.945s] -- Symlinking: /home/shuksham/Self-Moving-Car/ros2_ws/install/my_car_description/share/my_car_description/urdf/my_car.urdf.xacro
[0.953s] -- Symlinking: /home/shuksham/Self-Moving-Car/ros2_ws/install/my_car_description/share/ament_index/resource_index/package_run_dependencies/my_car_description
[0.964s] -- Symlinking: /home/shuksham/Self-Moving-Car/ros2_ws/install/my_car_description/share/ament_index/resource_index/parent_prefix_path/my_car_description
[0.974s] -- Up-to-date symlink: /home/shuksham/Self-Moving-Car/ros2_ws/install/my_car_description/share/my_car_description/environment/ament_prefix_path.sh
[0.974s] -- Symlinking: /home/shuksham/Self-Moving-Car/ros2_ws/install/my_car_description/share/my_car_description/environment/ament_prefix_path.dsv
[0.984s] -- Up-to-date symlink: /home/shuksham/Self-Moving-Car/ros2_ws/install/my_car_description/share/my_car_description/environment/path.sh
[0.984s] -- Symlinking: /home/shuksham/Self-Moving-Car/ros2_ws/install/my_car_description/share/my_car_description/environment/path.dsv
[0.993s] -- Symlinking: /home/shuksham/Self-Moving-Car/ros2_ws/install/my_car_description/share/my_car_description/local_setup.bash
[1.003s] -- Symlinking: /home/shuksham/Self-Moving-Car/ros2_ws/install/my_car_description/share/my_car_description/local_setup.sh
[1.012s] -- Symlinking: /home/shuksham/Self-Moving-Car/ros2_ws/install/my_car_description/share/my_car_description/local_setup.zsh
[1.022s] -- Symlinking: /home/shuksham/Self-Moving-Car/ros2_ws/install/my_car_description/share/my_car_description/local_setup.dsv
[1.032s] -- Symlinking: /home/shuksham/Self-Moving-Car/ros2_ws/install/my_car_description/share/my_car_description/package.dsv
[1.042s] -- Symlinking: /home/shuksham/Self-Moving-Car/ros2_ws/install/my_car_description/share/ament_index/resource_index/packages/my_car_description
[1.053s] -- Symlinking: /home/shuksham/Self-Moving-Car/ros2_ws/install/my_car_description/share/my_car_description/cmake/my_car_descriptionConfig.cmake
[1.068s] -- Symlinking: /home/shuksham/Self-Moving-Car/ros2_ws/install/my_car_description/share/my_car_description/cmake/my_car_descriptionConfig-version.cmake
[1.080s] -- Symlinking: /home/shuksham/Self-Moving-Car/ros2_ws/install/my_car_description/share/my_car_description/package.xml
[1.102s] Invoked command in '/home/shuksham/Self-Moving-Car/ros2_ws/build/my_car_description' returned '0': CMAKE_PREFIX_PATH=/opt/ros/humble /usr/bin/cmake --install /home/shuksham/Self-Moving-Car/ros2_ws/build/my_car_description
