[0.573s] Invoking command in '/home/kunal-singh/Desktop/Self_Moving_Car/ros2_ws/src/circular_drive_controller': PYTHONPATH=/home/kunal-singh/Desktop/Self_Moving_Car/ros2_ws/build/circular_drive_controller/prefix_override:/usr/lib/python3/dist-packages/colcon_core/task/python/colcon_distutils_commands:/home/kunal-singh/Desktop/Self_Moving_Car/ros2_ws/install/circular_drive_controller/lib/python3.10/site-packages:${PYTHONPATH} /usr/bin/python3 -W ignore:setup.py install is deprecated -W ignore:easy_install command is deprecated setup.py egg_info --egg-base ../../build/circular_drive_controller build --build-base /home/kunal-singh/Desktop/Self_Moving_Car/ros2_ws/build/circular_drive_controller/build install --record /home/kunal-singh/Desktop/Self_Moving_Car/ros2_ws/build/circular_drive_controller/install.log --single-version-externally-managed install_data
[0.779s] running egg_info
[0.779s] writing ../../build/circular_drive_controller/circular_drive_controller.egg-info/PKG-INFO
[0.780s] writing dependency_links to ../../build/circular_drive_controller/circular_drive_controller.egg-info/dependency_links.txt
[0.780s] writing entry points to ../../build/circular_drive_controller/circular_drive_controller.egg-info/entry_points.txt
[0.780s] writing requirements to ../../build/circular_drive_controller/circular_drive_controller.egg-info/requires.txt
[0.780s] writing top-level names to ../../build/circular_drive_controller/circular_drive_controller.egg-info/top_level.txt
[0.783s] reading manifest file '../../build/circular_drive_controller/circular_drive_controller.egg-info/SOURCES.txt'
[0.784s] writing manifest file '../../build/circular_drive_controller/circular_drive_controller.egg-info/SOURCES.txt'
[0.784s] running build
[0.784s] running build_py
[0.784s] running install
[0.785s] running install_lib
[0.786s] running install_data
[0.787s] running install_egg_info
[0.789s] removing '/home/kunal-singh/Desktop/Self_Moving_Car/ros2_ws/install/circular_drive_controller/lib/python3.10/site-packages/circular_drive_controller-0.0.0-py3.10.egg-info' (and everything under it)
[0.790s] Copying ../../build/circular_drive_controller/circular_drive_controller.egg-info to /home/kunal-singh/Desktop/Self_Moving_Car/ros2_ws/install/circular_drive_controller/lib/python3.10/site-packages/circular_drive_controller-0.0.0-py3.10.egg-info
[0.790s] running install_scripts
[0.808s] Installing control_node script to /home/kunal-singh/Desktop/Self_Moving_Car/ros2_ws/install/circular_drive_controller/lib/circular_drive_controller
[0.808s] Installing mission_node script to /home/kunal-singh/Desktop/Self_Moving_Car/ros2_ws/install/circular_drive_controller/lib/circular_drive_controller
[0.808s] Installing mock_robot script to /home/kunal-singh/Desktop/Self_Moving_Car/ros2_ws/install/circular_drive_controller/lib/circular_drive_controller
[0.809s] writing list of installed files to '/home/kunal-singh/Desktop/Self_Moving_Car/ros2_ws/build/circular_drive_controller/install.log'
[0.833s] Invoked command in '/home/kunal-singh/Desktop/Self_Moving_Car/ros2_ws/src/circular_drive_controller' returned '0': PYTHONPATH=/home/kunal-singh/Desktop/Self_Moving_Car/ros2_ws/build/circular_drive_controller/prefix_override:/usr/lib/python3/dist-packages/colcon_core/task/python/colcon_distutils_commands:/home/kunal-singh/Desktop/Self_Moving_Car/ros2_ws/install/circular_drive_controller/lib/python3.10/site-packages:${PYTHONPATH} /usr/bin/python3 -W ignore:setup.py install is deprecated -W ignore:easy_install command is deprecated setup.py egg_info --egg-base ../../build/circular_drive_controller build --build-base /home/kunal-singh/Desktop/Self_Moving_Car/ros2_ws/build/circular_drive_controller/build install --record /home/kunal-singh/Desktop/Self_Moving_Car/ros2_ws/build/circular_drive_controller/install.log --single-version-externally-managed install_data
