[0.403s] Invoking command in '/home/kunal-singh/Desktop/Self_Moving_Car/build/my_car_description': CMAKE_PREFIX_PATH=/opt/ros/humble /usr/bin/cmake /home/kunal-singh/Desktop/Self_Moving_Car/ros2_ws/src/my_car_description -DAMENT_CMAKE_SYMLINK_INSTALL=1 -DCMAKE_INSTALL_PREFIX=/home/kunal-singh/Desktop/Self_Moving_Car/install/my_car_description
[2.482s] -- The C compiler identification is GNU 11.4.0
[3.496s] -- The CXX compiler identification is GNU 11.4.0
[3.549s] -- Detecting C compiler ABI info
[3.803s] -- Detecting C compiler ABI info - done
[3.812s] -- Check for working C compiler: /usr/bin/cc - skipped
[3.812s] -- Detecting C compile features
[3.839s] -- Detecting C compile features - done
[3.847s] -- Detecting CXX compiler ABI info
[3.997s] -- Detecting CXX compiler ABI info - done
[4.006s] -- Check for working CXX compiler: /usr/bin/c++ - skipped
[4.006s] -- Detecting CXX compile features
[4.006s] -- Detecting CXX compile features - done
[4.083s] -- Found ament_cmake: 1.3.12 (/opt/ros/humble/share/ament_cmake/cmake)
[4.342s] -- Found Python3: /usr/bin/python3 (found version "3.10.12") found components: Interpreter 
[4.430s] -- Override CMake install command with custom implementation using symlinks instead of copying resources
[4.550s] -- Found ament_lint_auto: 0.12.14 (/opt/ros/humble/share/ament_lint_auto/cmake)
[4.737s] -- Added test 'lint_cmake' to check CMake code style
[4.738s] -- Added test 'xmllint' to check XML markup files
[4.740s] -- Configuring done
[4.744s] -- Generating done
[4.746s] -- Build files have been written to: /home/kunal-singh/Desktop/Self_Moving_Car/build/my_car_description
[4.750s] Invoked command in '/home/kunal-singh/Desktop/Self_Moving_Car/build/my_car_description' returned '0': CMAKE_PREFIX_PATH=/opt/ros/humble /usr/bin/cmake /home/kunal-singh/Desktop/Self_Moving_Car/ros2_ws/src/my_car_description -DAMENT_CMAKE_SYMLINK_INSTALL=1 -DCMAKE_INSTALL_PREFIX=/home/kunal-singh/Desktop/Self_Moving_Car/install/my_car_description
[4.752s] Invoking command in '/home/kunal-singh/Desktop/Self_Moving_Car/build/my_car_description': CMAKE_PREFIX_PATH=/opt/ros/humble /usr/bin/cmake --build /home/kunal-singh/Desktop/Self_Moving_Car/build/my_car_description -- -j4 -l4
[4.784s] Invoked command in '/home/kunal-singh/Desktop/Self_Moving_Car/build/my_car_description' returned '0': CMAKE_PREFIX_PATH=/opt/ros/humble /usr/bin/cmake --build /home/kunal-singh/Desktop/Self_Moving_Car/build/my_car_description -- -j4 -l4
[4.793s] Invoking command in '/home/kunal-singh/Desktop/Self_Moving_Car/build/my_car_description': CMAKE_PREFIX_PATH=/opt/ros/humble /usr/bin/cmake --install /home/kunal-singh/Desktop/Self_Moving_Car/build/my_car_description
[4.799s] -- Install configuration: ""
[4.799s] -- Execute custom install script
[4.800s] -- Symlinking: /home/kunal-singh/Desktop/Self_Moving_Car/install/my_car_description/share/ament_index/resource_index/package_run_dependencies/my_car_description
[4.807s] -- Symlinking: /home/kunal-singh/Desktop/Self_Moving_Car/install/my_car_description/share/ament_index/resource_index/parent_prefix_path/my_car_description
[4.815s] -- Symlinking: /home/kunal-singh/Desktop/Self_Moving_Car/install/my_car_description/share/my_car_description/environment/ament_prefix_path.sh
[4.822s] -- Symlinking: /home/kunal-singh/Desktop/Self_Moving_Car/install/my_car_description/share/my_car_description/environment/ament_prefix_path.dsv
[4.829s] -- Symlinking: /home/kunal-singh/Desktop/Self_Moving_Car/install/my_car_description/share/my_car_description/environment/path.sh
[4.836s] -- Symlinking: /home/kunal-singh/Desktop/Self_Moving_Car/install/my_car_description/share/my_car_description/environment/path.dsv
[4.844s] -- Symlinking: /home/kunal-singh/Desktop/Self_Moving_Car/install/my_car_description/share/my_car_description/local_setup.bash
[4.852s] -- Symlinking: /home/kunal-singh/Desktop/Self_Moving_Car/install/my_car_description/share/my_car_description/local_setup.sh
[4.859s] -- Symlinking: /home/kunal-singh/Desktop/Self_Moving_Car/install/my_car_description/share/my_car_description/local_setup.zsh
[4.866s] -- Symlinking: /home/kunal-singh/Desktop/Self_Moving_Car/install/my_car_description/share/my_car_description/local_setup.dsv
[4.874s] -- Symlinking: /home/kunal-singh/Desktop/Self_Moving_Car/install/my_car_description/share/my_car_description/package.dsv
[4.882s] -- Symlinking: /home/kunal-singh/Desktop/Self_Moving_Car/install/my_car_description/share/ament_index/resource_index/packages/my_car_description
[4.889s] -- Symlinking: /home/kunal-singh/Desktop/Self_Moving_Car/install/my_car_description/share/my_car_description/cmake/my_car_descriptionConfig.cmake
[4.896s] -- Symlinking: /home/kunal-singh/Desktop/Self_Moving_Car/install/my_car_description/share/my_car_description/cmake/my_car_descriptionConfig-version.cmake
[4.903s] -- Symlinking: /home/kunal-singh/Desktop/Self_Moving_Car/install/my_car_description/share/my_car_description/package.xml
[4.913s] Invoked command in '/home/kunal-singh/Desktop/Self_Moving_Car/build/my_car_description' returned '0': CMAKE_PREFIX_PATH=/opt/ros/humble /usr/bin/cmake --install /home/kunal-singh/Desktop/Self_Moving_Car/build/my_car_description
