[0.888s] DEBUG:colcon:Command line arguments: ['/usr/bin/colcon', 'build', '--symlink-install']
[0.888s] DEBUG:colcon:Parsed command line arguments: Namespace(log_base=None, log_level=None, verb_name='build', build_base='build', install_base='install', merge_install=False, symlink_install=True, test_result_base=None, continue_on_error=False, executor='parallel', parallel_workers=8, event_handlers=None, ignore_user_meta=False, metas=['./colcon.meta'], base_paths=['.'], packages_ignore=None, packages_ignore_regex=None, paths=None, packages_up_to=None, packages_up_to_regex=None, packages_above=None, packages_above_and_dependencies=None, packages_above_depth=None, packages_select_by_dep=None, packages_skip_by_dep=None, packages_skip_up_to=None, packages_select_build_failed=False, packages_skip_build_finished=False, packages_select_test_failures=False, packages_skip_test_passed=False, packages_select=None, packages_skip=None, packages_select_regex=None, packages_skip_regex=None, packages_start=None, packages_end=None, allow_overriding=[], cmake_args=None, cmake_target=None, cmake_target_skip_unavailable=False, cmake_clean_cache=False, cmake_clean_first=False, cmake_force_configure=False, ament_cmake_args=None, catkin_cmake_args=None, catkin_skip_building_tests=False, verb_parser=<colcon_defaults.argument_parser.defaults.DefaultArgumentsDecorator object at 0x7c5ef31032e0>, verb_extension=<colcon_core.verb.build.BuildVerb object at 0x7c5ef3268700>, main=<bound method BuildVerb.main of <colcon_core.verb.build.BuildVerb object at 0x7c5ef3268700>>)
[1.588s] Level 1:colcon.colcon_core.package_discovery:discover_packages(colcon_meta) check parameters
[1.588s] Level 1:colcon.colcon_core.package_discovery:discover_packages(recursive) check parameters
[1.588s] Level 1:colcon.colcon_core.package_discovery:discover_packages(ignore) check parameters
[1.588s] Level 1:colcon.colcon_core.package_discovery:discover_packages(path) check parameters
[1.588s] Level 1:colcon.colcon_core.package_discovery:discover_packages(colcon_meta) discover
[1.588s] Level 1:colcon.colcon_core.package_discovery:discover_packages(recursive) discover
[1.588s] INFO:colcon.colcon_core.package_discovery:Crawling recursively for packages in '/home/shuksham/Self-Moving-Car/ros2_ws'
[1.588s] Level 1:colcon.colcon_core.package_identification:_identify(.) by extensions ['ignore', 'ignore_ament_install']
[1.589s] Level 1:colcon.colcon_core.package_identification:_identify(.) by extension 'ignore'
[1.589s] Level 1:colcon.colcon_core.package_identification:_identify(.) by extension 'ignore_ament_install'
[1.589s] Level 1:colcon.colcon_core.package_identification:_identify(.) by extensions ['colcon_pkg']
[1.589s] Level 1:colcon.colcon_core.package_identification:_identify(.) by extension 'colcon_pkg'
[1.589s] Level 1:colcon.colcon_core.package_identification:_identify(.) by extensions ['colcon_meta']
[1.589s] Level 1:colcon.colcon_core.package_identification:_identify(.) by extension 'colcon_meta'
[1.589s] Level 1:colcon.colcon_core.package_identification:_identify(.) by extensions ['ros']
[1.589s] Level 1:colcon.colcon_core.package_identification:_identify(.) by extension 'ros'
[1.623s] Level 1:colcon.colcon_core.package_identification:_identify(.) by extensions ['cmake', 'python']
[1.624s] Level 1:colcon.colcon_core.package_identification:_identify(.) by extension 'cmake'
[1.624s] Level 1:colcon.colcon_core.package_identification:_identify(.) by extension 'python'
[1.624s] Level 1:colcon.colcon_core.package_identification:_identify(.) by extensions ['python_setup_py']
[1.624s] Level 1:colcon.colcon_core.package_identification:_identify(.) by extension 'python_setup_py'
[1.624s] Level 1:colcon.colcon_core.package_identification:_identify(build) by extensions ['ignore', 'ignore_ament_install']
[1.625s] Level 1:colcon.colcon_core.package_identification:_identify(build) by extension 'ignore'
[1.625s] Level 1:colcon.colcon_core.package_identification:_identify(build) ignored
[1.625s] Level 1:colcon.colcon_core.package_identification:_identify(install) by extensions ['ignore', 'ignore_ament_install']
[1.626s] Level 1:colcon.colcon_core.package_identification:_identify(install) by extension 'ignore'
[1.626s] Level 1:colcon.colcon_core.package_identification:_identify(install) ignored
[1.626s] Level 1:colcon.colcon_core.package_identification:_identify(log) by extensions ['ignore', 'ignore_ament_install']
[1.627s] Level 1:colcon.colcon_core.package_identification:_identify(log) by extension 'ignore'
[1.627s] Level 1:colcon.colcon_core.package_identification:_identify(log) ignored
[1.627s] Level 1:colcon.colcon_core.package_identification:_identify(src) by extensions ['ignore', 'ignore_ament_install']
[1.627s] Level 1:colcon.colcon_core.package_identification:_identify(src) by extension 'ignore'
[1.627s] Level 1:colcon.colcon_core.package_identification:_identify(src) by extension 'ignore_ament_install'
[1.628s] Level 1:colcon.colcon_core.package_identification:_identify(src) by extensions ['colcon_pkg']
[1.628s] Level 1:colcon.colcon_core.package_identification:_identify(src) by extension 'colcon_pkg'
[1.628s] Level 1:colcon.colcon_core.package_identification:_identify(src) by extensions ['colcon_meta']
[1.628s] Level 1:colcon.colcon_core.package_identification:_identify(src) by extension 'colcon_meta'
[1.628s] Level 1:colcon.colcon_core.package_identification:_identify(src) by extensions ['ros']
[1.628s] Level 1:colcon.colcon_core.package_identification:_identify(src) by extension 'ros'
[1.628s] Level 1:colcon.colcon_core.package_identification:_identify(src) by extensions ['cmake', 'python']
[1.628s] Level 1:colcon.colcon_core.package_identification:_identify(src) by extension 'cmake'
[1.629s] Level 1:colcon.colcon_core.package_identification:_identify(src) by extension 'python'
[1.629s] Level 1:colcon.colcon_core.package_identification:_identify(src) by extensions ['python_setup_py']
[1.629s] Level 1:colcon.colcon_core.package_identification:_identify(src) by extension 'python_setup_py'
[1.629s] Level 1:colcon.colcon_core.package_identification:_identify(src/circular_drive_controller) by extensions ['ignore', 'ignore_ament_install']
[1.629s] Level 1:colcon.colcon_core.package_identification:_identify(src/circular_drive_controller) by extension 'ignore'
[1.630s] Level 1:colcon.colcon_core.package_identification:_identify(src/circular_drive_controller) by extension 'ignore_ament_install'
[1.630s] Level 1:colcon.colcon_core.package_identification:_identify(src/circular_drive_controller) by extensions ['colcon_pkg']
[1.630s] Level 1:colcon.colcon_core.package_identification:_identify(src/circular_drive_controller) by extension 'colcon_pkg'
[1.630s] Level 1:colcon.colcon_core.package_identification:_identify(src/circular_drive_controller) by extensions ['colcon_meta']
[1.630s] Level 1:colcon.colcon_core.package_identification:_identify(src/circular_drive_controller) by extension 'colcon_meta'
[1.630s] Level 1:colcon.colcon_core.package_identification:_identify(src/circular_drive_controller) by extensions ['ros']
[1.630s] Level 1:colcon.colcon_core.package_identification:_identify(src/circular_drive_controller) by extension 'ros'
[1.640s] DEBUG:colcon.colcon_core.package_identification:Package 'src/circular_drive_controller' with type 'ros.ament_python' and name 'circular_drive_controller'
[1.640s] Level 1:colcon.colcon_core.package_identification:_identify(src/my_car_description) by extensions ['ignore', 'ignore_ament_install']
[1.641s] Level 1:colcon.colcon_core.package_identification:_identify(src/my_car_description) by extension 'ignore'
[1.641s] Level 1:colcon.colcon_core.package_identification:_identify(src/my_car_description) by extension 'ignore_ament_install'
[1.641s] Level 1:colcon.colcon_core.package_identification:_identify(src/my_car_description) by extensions ['colcon_pkg']
[1.641s] Level 1:colcon.colcon_core.package_identification:_identify(src/my_car_description) by extension 'colcon_pkg'
[1.641s] Level 1:colcon.colcon_core.package_identification:_identify(src/my_car_description) by extensions ['colcon_meta']
[1.641s] Level 1:colcon.colcon_core.package_identification:_identify(src/my_car_description) by extension 'colcon_meta'
[1.642s] Level 1:colcon.colcon_core.package_identification:_identify(src/my_car_description) by extensions ['ros']
[1.642s] Level 1:colcon.colcon_core.package_identification:_identify(src/my_car_description) by extension 'ros'
[1.643s] DEBUG:colcon.colcon_core.package_identification:Package 'src/my_car_description' with type 'ros.ament_cmake' and name 'my_car_description'
[1.644s] Level 1:colcon.colcon_core.package_discovery:discover_packages(recursive) using defaults
[1.644s] Level 1:colcon.colcon_core.package_discovery:discover_packages(ignore) discover
[1.644s] Level 1:colcon.colcon_core.package_discovery:discover_packages(ignore) using defaults
[1.644s] Level 1:colcon.colcon_core.package_discovery:discover_packages(path) discover
[1.644s] Level 1:colcon.colcon_core.package_discovery:discover_packages(path) using defaults
[1.717s] Level 1:colcon.colcon_core.package_discovery:discover_packages(prefix_path) check parameters
[1.717s] Level 1:colcon.colcon_core.package_discovery:discover_packages(prefix_path) discover
[1.731s] DEBUG:colcon.colcon_installed_package_information.package_discovery:Found 321 installed packages in /opt/ros/humble
[1.747s] Level 1:colcon.colcon_core.package_discovery:discover_packages(prefix_path) using defaults
[1.811s] Level 5:colcon.colcon_core.verb:set package 'circular_drive_controller' build argument 'cmake_args' from command line to 'None'
[1.811s] Level 5:colcon.colcon_core.verb:set package 'circular_drive_controller' build argument 'cmake_target' from command line to 'None'
[1.812s] Level 5:colcon.colcon_core.verb:set package 'circular_drive_controller' build argument 'cmake_target_skip_unavailable' from command line to 'False'
[1.812s] Level 5:colcon.colcon_core.verb:set package 'circular_drive_controller' build argument 'cmake_clean_cache' from command line to 'False'
[1.812s] Level 5:colcon.colcon_core.verb:set package 'circular_drive_controller' build argument 'cmake_clean_first' from command line to 'False'
[1.812s] Level 5:colcon.colcon_core.verb:set package 'circular_drive_controller' build argument 'cmake_force_configure' from command line to 'False'
[1.812s] Level 5:colcon.colcon_core.verb:set package 'circular_drive_controller' build argument 'ament_cmake_args' from command line to 'None'
[1.812s] Level 5:colcon.colcon_core.verb:set package 'circular_drive_controller' build argument 'catkin_cmake_args' from command line to 'None'
[1.812s] Level 5:colcon.colcon_core.verb:set package 'circular_drive_controller' build argument 'catkin_skip_building_tests' from command line to 'False'
[1.812s] DEBUG:colcon.colcon_core.verb:Building package 'circular_drive_controller' with the following arguments: {'ament_cmake_args': None, 'build_base': '/home/shuksham/Self-Moving-Car/ros2_ws/build/circular_drive_controller', 'catkin_cmake_args': None, 'catkin_skip_building_tests': False, 'cmake_args': None, 'cmake_clean_cache': False, 'cmake_clean_first': False, 'cmake_force_configure': False, 'cmake_target': None, 'cmake_target_skip_unavailable': False, 'install_base': '/home/shuksham/Self-Moving-Car/ros2_ws/install/circular_drive_controller', 'merge_install': False, 'path': '/home/shuksham/Self-Moving-Car/ros2_ws/src/circular_drive_controller', 'symlink_install': True, 'test_result_base': None}
[1.812s] Level 5:colcon.colcon_core.verb:set package 'my_car_description' build argument 'cmake_args' from command line to 'None'
[1.813s] Level 5:colcon.colcon_core.verb:set package 'my_car_description' build argument 'cmake_target' from command line to 'None'
[1.813s] Level 5:colcon.colcon_core.verb:set package 'my_car_description' build argument 'cmake_target_skip_unavailable' from command line to 'False'
[1.813s] Level 5:colcon.colcon_core.verb:set package 'my_car_description' build argument 'cmake_clean_cache' from command line to 'False'
[1.813s] Level 5:colcon.colcon_core.verb:set package 'my_car_description' build argument 'cmake_clean_first' from command line to 'False'
[1.813s] Level 5:colcon.colcon_core.verb:set package 'my_car_description' build argument 'cmake_force_configure' from command line to 'False'
[1.813s] Level 5:colcon.colcon_core.verb:set package 'my_car_description' build argument 'ament_cmake_args' from command line to 'None'
[1.813s] Level 5:colcon.colcon_core.verb:set package 'my_car_description' build argument 'catkin_cmake_args' from command line to 'None'
[1.813s] Level 5:colcon.colcon_core.verb:set package 'my_car_description' build argument 'catkin_skip_building_tests' from command line to 'False'
[1.813s] DEBUG:colcon.colcon_core.verb:Building package 'my_car_description' with the following arguments: {'ament_cmake_args': None, 'build_base': '/home/shuksham/Self-Moving-Car/ros2_ws/build/my_car_description', 'catkin_cmake_args': None, 'catkin_skip_building_tests': False, 'cmake_args': None, 'cmake_clean_cache': False, 'cmake_clean_first': False, 'cmake_force_configure': False, 'cmake_target': None, 'cmake_target_skip_unavailable': False, 'install_base': '/home/shuksham/Self-Moving-Car/ros2_ws/install/my_car_description', 'merge_install': False, 'path': '/home/shuksham/Self-Moving-Car/ros2_ws/src/my_car_description', 'symlink_install': True, 'test_result_base': None}
[1.813s] INFO:colcon.colcon_core.executor:Executing jobs using 'parallel' executor
[1.815s] DEBUG:colcon.colcon_parallel_executor.executor.parallel:run_until_complete
[1.815s] INFO:colcon.colcon_ros.task.ament_python.build:Building ROS package in '/home/shuksham/Self-Moving-Car/ros2_ws/src/circular_drive_controller' with build type 'ament_python'
[1.816s] Level 1:colcon.colcon_core.shell:create_environment_hook('circular_drive_controller', 'ament_prefix_path')
[1.829s] INFO:colcon.colcon_core.plugin_system:Skipping extension 'colcon_core.shell.bat': Not used on non-Windows systems
[1.830s] INFO:colcon.colcon_core.shell:Creating environment hook '/home/shuksham/Self-Moving-Car/ros2_ws/install/circular_drive_controller/share/circular_drive_controller/hook/ament_prefix_path.ps1'
[1.832s] INFO:colcon.colcon_core.shell:Creating environment descriptor '/home/shuksham/Self-Moving-Car/ros2_ws/install/circular_drive_controller/share/circular_drive_controller/hook/ament_prefix_path.dsv'
[1.834s] INFO:colcon.colcon_core.shell:Creating environment hook '/home/shuksham/Self-Moving-Car/ros2_ws/install/circular_drive_controller/share/circular_drive_controller/hook/ament_prefix_path.sh'
[1.836s] INFO:colcon.colcon_core.shell:Skip shell extension 'powershell' for command environment: Not usable outside of PowerShell
[1.836s] DEBUG:colcon.colcon_core.shell:Skip shell extension 'dsv' for command environment
[1.842s] INFO:colcon.colcon_ros.task.ament_cmake.build:Building ROS package in '/home/shuksham/Self-Moving-Car/ros2_ws/src/my_car_description' with build type 'ament_cmake'
[1.842s] INFO:colcon.colcon_cmake.task.cmake.build:Building CMake package in '/home/shuksham/Self-Moving-Car/ros2_ws/src/my_car_description'
[1.842s] INFO:colcon.colcon_core.shell:Skip shell extension 'powershell' for command environment: Not usable outside of PowerShell
[1.843s] DEBUG:colcon.colcon_core.shell:Skip shell extension 'dsv' for command environment
[2.221s] INFO:colcon.colcon_core.task.python.build:Building Python package in '/home/shuksham/Self-Moving-Car/ros2_ws/src/circular_drive_controller'
[2.221s] INFO:colcon.colcon_core.shell:Skip shell extension 'powershell' for command environment: Not usable outside of PowerShell
[2.221s] DEBUG:colcon.colcon_core.shell:Skip shell extension 'dsv' for command environment
[2.231s] DEBUG:colcon.colcon_core.event_handler.log_command:Invoking command in '/home/shuksham/Self-Moving-Car/ros2_ws/build/my_car_description': CMAKE_PREFIX_PATH=/opt/ros/humble /usr/bin/cmake /home/shuksham/Self-Moving-Car/ros2_ws/src/my_car_description -DAMENT_CMAKE_SYMLINK_INSTALL=1 -DCMAKE_INSTALL_PREFIX=/home/shuksham/Self-Moving-Car/ros2_ws/install/my_car_description
[2.707s] DEBUG:colcon.colcon_core.event_handler.log_command:Invoked command in '/home/shuksham/Self-Moving-Car/ros2_ws/build/my_car_description' returned '0': CMAKE_PREFIX_PATH=/opt/ros/humble /usr/bin/cmake /home/shuksham/Self-Moving-Car/ros2_ws/src/my_car_description -DAMENT_CMAKE_SYMLINK_INSTALL=1 -DCMAKE_INSTALL_PREFIX=/home/shuksham/Self-Moving-Car/ros2_ws/install/my_car_description
[2.709s] DEBUG:colcon.colcon_core.event_handler.log_command:Invoking command in '/home/shuksham/Self-Moving-Car/ros2_ws/build/my_car_description': CMAKE_PREFIX_PATH=/opt/ros/humble /usr/bin/cmake --build /home/shuksham/Self-Moving-Car/ros2_ws/build/my_car_description -- -j8 -l8
[2.751s] DEBUG:colcon.colcon_core.event_handler.log_command:Invoked command in '/home/shuksham/Self-Moving-Car/ros2_ws/build/my_car_description' returned '0': CMAKE_PREFIX_PATH=/opt/ros/humble /usr/bin/cmake --build /home/shuksham/Self-Moving-Car/ros2_ws/build/my_car_description -- -j8 -l8
[2.762s] DEBUG:colcon.colcon_core.event_handler.log_command:Invoking command in '/home/shuksham/Self-Moving-Car/ros2_ws/build/my_car_description': CMAKE_PREFIX_PATH=/opt/ros/humble /usr/bin/cmake --install /home/shuksham/Self-Moving-Car/ros2_ws/build/my_car_description
[2.934s] DEBUG:colcon.colcon_core.task.python.build:While undoing a previous installation files outside the Python library path are being ignored: /home/shuksham/Self-Moving-Car/ros2_ws/install/circular_drive_controller/share/ament_index/resource_index/packages/circular_drive_controller
[2.935s] DEBUG:colcon.colcon_core.task.python.build:While undoing a previous installation files outside the Python library path are being ignored: /home/shuksham/Self-Moving-Car/ros2_ws/install/circular_drive_controller/share/circular_drive_controller/package.xml
[2.935s] DEBUG:colcon.colcon_core.task.python.build:While undoing a previous installation files outside the Python library path are being ignored: /home/shuksham/Self-Moving-Car/ros2_ws/install/circular_drive_controller/lib/circular_drive_controller/control_node
[2.935s] DEBUG:colcon.colcon_core.task.python.build:While undoing a previous installation files outside the Python library path are being ignored: /home/shuksham/Self-Moving-Car/ros2_ws/install/circular_drive_controller/lib/circular_drive_controller/mission_node
[2.940s] DEBUG:colcon.colcon_core.event_handler.log_command:Invoking command in '/home/shuksham/Self-Moving-Car/ros2_ws/build/circular_drive_controller': PYTHONPATH=/home/shuksham/Self-Moving-Car/ros2_ws/build/circular_drive_controller/prefix_override:/usr/lib/python3/dist-packages/colcon_core/task/python/colcon_distutils_commands:/home/shuksham/Self-Moving-Car/ros2_ws/install/circular_drive_controller/lib/python3.10/site-packages:${PYTHONPATH} /usr/bin/python3 -W ignore:setup.py install is deprecated -W ignore:easy_install command is deprecated setup.py develop --editable --build-directory /home/shuksham/Self-Moving-Car/ros2_ws/build/circular_drive_controller/build --no-deps symlink_data --force
[2.943s] Level 1:colcon.colcon_core.environment:create_environment_scripts_only(my_car_description)
[2.944s] DEBUG:colcon.colcon_core.event_handler.log_command:Invoked command in '/home/shuksham/Self-Moving-Car/ros2_ws/build/my_car_description' returned '0': CMAKE_PREFIX_PATH=/opt/ros/humble /usr/bin/cmake --install /home/shuksham/Self-Moving-Car/ros2_ws/build/my_car_description
[2.955s] Level 1:colcon.colcon_core.environment:checking '/home/shuksham/Self-Moving-Car/ros2_ws/install/my_car_description' for CMake module files
[2.955s] Level 1:colcon.colcon_core.environment:checking '/home/shuksham/Self-Moving-Car/ros2_ws/install/my_car_description' for CMake config files
[2.956s] Level 1:colcon.colcon_core.shell:create_environment_hook('my_car_description', 'cmake_prefix_path')
[2.956s] INFO:colcon.colcon_core.shell:Creating environment hook '/home/shuksham/Self-Moving-Car/ros2_ws/install/my_car_description/share/my_car_description/hook/cmake_prefix_path.ps1'
[2.956s] INFO:colcon.colcon_core.shell:Creating environment descriptor '/home/shuksham/Self-Moving-Car/ros2_ws/install/my_car_description/share/my_car_description/hook/cmake_prefix_path.dsv'
[2.957s] INFO:colcon.colcon_core.shell:Creating environment hook '/home/shuksham/Self-Moving-Car/ros2_ws/install/my_car_description/share/my_car_description/hook/cmake_prefix_path.sh'
[2.957s] Level 1:colcon.colcon_core.environment:checking '/home/shuksham/Self-Moving-Car/ros2_ws/install/my_car_description/bin'
[2.958s] Level 1:colcon.colcon_core.environment:checking '/home/shuksham/Self-Moving-Car/ros2_ws/install/my_car_description/lib/pkgconfig/my_car_description.pc'
[2.958s] Level 1:colcon.colcon_core.environment:checking '/home/shuksham/Self-Moving-Car/ros2_ws/install/my_car_description/lib/python3.10/site-packages'
[2.958s] Level 1:colcon.colcon_core.environment:checking '/home/shuksham/Self-Moving-Car/ros2_ws/install/my_car_description/bin'
[2.959s] INFO:colcon.colcon_core.shell:Creating package script '/home/shuksham/Self-Moving-Car/ros2_ws/install/my_car_description/share/my_car_description/package.ps1'
[2.960s] INFO:colcon.colcon_core.shell:Creating package descriptor '/home/shuksham/Self-Moving-Car/ros2_ws/install/my_car_description/share/my_car_description/package.dsv'
[2.962s] INFO:colcon.colcon_core.shell:Creating package script '/home/shuksham/Self-Moving-Car/ros2_ws/install/my_car_description/share/my_car_description/package.sh'
[2.965s] INFO:colcon.colcon_core.shell:Creating package script '/home/shuksham/Self-Moving-Car/ros2_ws/install/my_car_description/share/my_car_description/package.bash'
[2.967s] INFO:colcon.colcon_core.shell:Creating package script '/home/shuksham/Self-Moving-Car/ros2_ws/install/my_car_description/share/my_car_description/package.zsh'
[2.969s] Level 1:colcon.colcon_core.environment:create_file_with_runtime_dependencies(/home/shuksham/Self-Moving-Car/ros2_ws/install/my_car_description/share/colcon-core/packages/my_car_description)
[2.970s] Level 1:colcon.colcon_core.environment:create_environment_scripts_only(my_car_description)
[2.970s] Level 1:colcon.colcon_core.environment:checking '/home/shuksham/Self-Moving-Car/ros2_ws/install/my_car_description' for CMake module files
[2.971s] Level 1:colcon.colcon_core.environment:checking '/home/shuksham/Self-Moving-Car/ros2_ws/install/my_car_description' for CMake config files
[2.971s] Level 1:colcon.colcon_core.shell:create_environment_hook('my_car_description', 'cmake_prefix_path')
[2.972s] INFO:colcon.colcon_core.shell:Creating environment hook '/home/shuksham/Self-Moving-Car/ros2_ws/install/my_car_description/share/my_car_description/hook/cmake_prefix_path.ps1'
[2.972s] INFO:colcon.colcon_core.shell:Creating environment descriptor '/home/shuksham/Self-Moving-Car/ros2_ws/install/my_car_description/share/my_car_description/hook/cmake_prefix_path.dsv'
[2.973s] INFO:colcon.colcon_core.shell:Creating environment hook '/home/shuksham/Self-Moving-Car/ros2_ws/install/my_car_description/share/my_car_description/hook/cmake_prefix_path.sh'
[2.973s] Level 1:colcon.colcon_core.environment:checking '/home/shuksham/Self-Moving-Car/ros2_ws/install/my_car_description/bin'
[2.974s] Level 1:colcon.colcon_core.environment:checking '/home/shuksham/Self-Moving-Car/ros2_ws/install/my_car_description/lib/pkgconfig/my_car_description.pc'
[2.974s] Level 1:colcon.colcon_core.environment:checking '/home/shuksham/Self-Moving-Car/ros2_ws/install/my_car_description/lib/python3.10/site-packages'
[2.974s] Level 1:colcon.colcon_core.environment:checking '/home/shuksham/Self-Moving-Car/ros2_ws/install/my_car_description/bin'
[2.975s] INFO:colcon.colcon_core.shell:Creating package script '/home/shuksham/Self-Moving-Car/ros2_ws/install/my_car_description/share/my_car_description/package.ps1'
[2.975s] INFO:colcon.colcon_core.shell:Creating package descriptor '/home/shuksham/Self-Moving-Car/ros2_ws/install/my_car_description/share/my_car_description/package.dsv'
[2.976s] INFO:colcon.colcon_core.shell:Creating package script '/home/shuksham/Self-Moving-Car/ros2_ws/install/my_car_description/share/my_car_description/package.sh'
[2.976s] INFO:colcon.colcon_core.shell:Creating package script '/home/shuksham/Self-Moving-Car/ros2_ws/install/my_car_description/share/my_car_description/package.bash'
[2.977s] INFO:colcon.colcon_core.shell:Creating package script '/home/shuksham/Self-Moving-Car/ros2_ws/install/my_car_description/share/my_car_description/package.zsh'
[2.977s] Level 1:colcon.colcon_core.environment:create_file_with_runtime_dependencies(/home/shuksham/Self-Moving-Car/ros2_ws/install/my_car_description/share/colcon-core/packages/my_car_description)
[3.542s] Level 1:colcon.colcon_core.shell:create_environment_hook('circular_drive_controller', 'pythonpath_develop')
[3.543s] INFO:colcon.colcon_core.shell:Creating environment hook '/home/shuksham/Self-Moving-Car/ros2_ws/build/circular_drive_controller/share/circular_drive_controller/hook/pythonpath_develop.ps1'
[3.545s] DEBUG:colcon.colcon_core.event_handler.log_command:Invoked command in '/home/shuksham/Self-Moving-Car/ros2_ws/build/circular_drive_controller' returned '0': PYTHONPATH=/home/shuksham/Self-Moving-Car/ros2_ws/build/circular_drive_controller/prefix_override:/usr/lib/python3/dist-packages/colcon_core/task/python/colcon_distutils_commands:/home/shuksham/Self-Moving-Car/ros2_ws/install/circular_drive_controller/lib/python3.10/site-packages:${PYTHONPATH} /usr/bin/python3 -W ignore:setup.py install is deprecated -W ignore:easy_install command is deprecated setup.py develop --editable --build-directory /home/shuksham/Self-Moving-Car/ros2_ws/build/circular_drive_controller/build --no-deps symlink_data --force
[3.546s] INFO:colcon.colcon_core.shell:Creating environment descriptor '/home/shuksham/Self-Moving-Car/ros2_ws/build/circular_drive_controller/share/circular_drive_controller/hook/pythonpath_develop.dsv'
[3.548s] INFO:colcon.colcon_core.shell:Creating environment hook '/home/shuksham/Self-Moving-Car/ros2_ws/build/circular_drive_controller/share/circular_drive_controller/hook/pythonpath_develop.sh'
[3.549s] Level 1:colcon.colcon_core.environment:checking '/home/shuksham/Self-Moving-Car/ros2_ws/install/circular_drive_controller' for CMake module files
[3.549s] Level 1:colcon.colcon_core.environment:checking '/home/shuksham/Self-Moving-Car/ros2_ws/install/circular_drive_controller' for CMake config files
[3.550s] Level 1:colcon.colcon_core.environment:checking '/home/shuksham/Self-Moving-Car/ros2_ws/install/circular_drive_controller/lib'
[3.550s] Level 1:colcon.colcon_core.environment:checking '/home/shuksham/Self-Moving-Car/ros2_ws/install/circular_drive_controller/bin'
[3.550s] Level 1:colcon.colcon_core.environment:checking '/home/shuksham/Self-Moving-Car/ros2_ws/install/circular_drive_controller/lib/pkgconfig/circular_drive_controller.pc'
[3.551s] Level 1:colcon.colcon_core.environment:checking '/home/shuksham/Self-Moving-Car/ros2_ws/install/circular_drive_controller/lib/python3.10/site-packages'
[3.551s] Level 1:colcon.colcon_core.shell:create_environment_hook('circular_drive_controller', 'pythonpath')
[3.551s] INFO:colcon.colcon_core.shell:Creating environment hook '/home/shuksham/Self-Moving-Car/ros2_ws/install/circular_drive_controller/share/circular_drive_controller/hook/pythonpath.ps1'
[3.552s] INFO:colcon.colcon_core.shell:Creating environment descriptor '/home/shuksham/Self-Moving-Car/ros2_ws/install/circular_drive_controller/share/circular_drive_controller/hook/pythonpath.dsv'
[3.553s] INFO:colcon.colcon_core.shell:Creating environment hook '/home/shuksham/Self-Moving-Car/ros2_ws/install/circular_drive_controller/share/circular_drive_controller/hook/pythonpath.sh'
[3.556s] Level 1:colcon.colcon_core.environment:checking '/home/shuksham/Self-Moving-Car/ros2_ws/install/circular_drive_controller/bin'
[3.556s] Level 1:colcon.colcon_core.environment:create_environment_scripts_only(circular_drive_controller)
[3.556s] INFO:colcon.colcon_core.shell:Creating package script '/home/shuksham/Self-Moving-Car/ros2_ws/install/circular_drive_controller/share/circular_drive_controller/package.ps1'
[3.557s] INFO:colcon.colcon_core.shell:Creating package descriptor '/home/shuksham/Self-Moving-Car/ros2_ws/install/circular_drive_controller/share/circular_drive_controller/package.dsv'
[3.557s] INFO:colcon.colcon_core.shell:Creating package script '/home/shuksham/Self-Moving-Car/ros2_ws/install/circular_drive_controller/share/circular_drive_controller/package.sh'
[3.558s] INFO:colcon.colcon_core.shell:Creating package script '/home/shuksham/Self-Moving-Car/ros2_ws/install/circular_drive_controller/share/circular_drive_controller/package.bash'
[3.559s] INFO:colcon.colcon_core.shell:Creating package script '/home/shuksham/Self-Moving-Car/ros2_ws/install/circular_drive_controller/share/circular_drive_controller/package.zsh'
[3.559s] Level 1:colcon.colcon_core.environment:create_file_with_runtime_dependencies(/home/shuksham/Self-Moving-Car/ros2_ws/install/circular_drive_controller/share/colcon-core/packages/circular_drive_controller)
[3.559s] DEBUG:colcon.colcon_parallel_executor.executor.parallel:closing loop
[3.560s] DEBUG:colcon.colcon_parallel_executor.executor.parallel:loop closed
[3.560s] DEBUG:colcon.colcon_parallel_executor.executor.parallel:run_until_complete finished with '0'
[3.560s] DEBUG:colcon.colcon_core.event_reactor:joining thread
[3.837s] INFO:colcon.colcon_core.plugin_system:Skipping extension 'colcon_notification.desktop_notification.notify_send': Could not find 'notify-send'
[3.837s] INFO:colcon.colcon_core.plugin_system:Skipping extension 'colcon_notification.desktop_notification.terminal_notifier': Not used on non-Darwin systems
[3.837s] INFO:colcon.colcon_core.plugin_system:Skipping extension 'colcon_notification.desktop_notification.win32': Not used on non-Windows systems
[3.837s] INFO:colcon.colcon_notification.desktop_notification:Sending desktop notification using 'notify2'
[3.838s] DEBUG:colcon.colcon_notification.desktop_notification.notify2:Failed to initialize notify2: org.freedesktop.DBus.Error.FileNotFound: Failed to connect to socket /run/user/1000/bus: No such file or directory
[3.838s] DEBUG:colcon.colcon_core.event_reactor:joined thread
[3.839s] INFO:colcon.colcon_core.shell:Creating prefix script '/home/shuksham/Self-Moving-Car/ros2_ws/install/local_setup.ps1'
[3.841s] INFO:colcon.colcon_core.shell:Creating prefix util module '/home/shuksham/Self-Moving-Car/ros2_ws/install/_local_setup_util_ps1.py'
[3.844s] INFO:colcon.colcon_core.shell:Creating prefix chain script '/home/shuksham/Self-Moving-Car/ros2_ws/install/setup.ps1'
[3.847s] INFO:colcon.colcon_core.shell:Creating prefix script '/home/shuksham/Self-Moving-Car/ros2_ws/install/local_setup.sh'
[3.849s] INFO:colcon.colcon_core.shell:Creating prefix util module '/home/shuksham/Self-Moving-Car/ros2_ws/install/_local_setup_util_sh.py'
[3.850s] INFO:colcon.colcon_core.shell:Creating prefix chain script '/home/shuksham/Self-Moving-Car/ros2_ws/install/setup.sh'
[3.852s] INFO:colcon.colcon_core.shell:Creating prefix script '/home/shuksham/Self-Moving-Car/ros2_ws/install/local_setup.bash'
[3.855s] INFO:colcon.colcon_core.shell:Creating prefix chain script '/home/shuksham/Self-Moving-Car/ros2_ws/install/setup.bash'
[3.858s] INFO:colcon.colcon_core.shell:Creating prefix script '/home/shuksham/Self-Moving-Car/ros2_ws/install/local_setup.zsh'
[3.860s] INFO:colcon.colcon_core.shell:Creating prefix chain script '/home/shuksham/Self-Moving-Car/ros2_ws/install/setup.zsh'
