-- Install configuration: ""
-- Up-to-date: /home/kunal-singh/Desktop/Self_Moving_Car/ros2_ws/install/my_car_description/share/my_car_description/launch
-- Up-to-date: /home/kunal-singh/Desktop/Self_Moving_Car/ros2_ws/install/my_car_description/share/my_car_description/launch/gazebo_launch.py
-- Up-to-date: /home/kunal-singh/Desktop/Self_Moving_Car/ros2_ws/install/my_car_description/share/my_car_description/urdf
-- Up-to-date: /home/kunal-singh/Desktop/Self_Moving_Car/ros2_ws/install/my_car_description/share/my_car_description/urdf/my_car.urdf.xacro
-- Up-to-date: /home/kunal-singh/Desktop/Self_Moving_Car/ros2_ws/install/my_car_description/share/my_car_description/urdf/my_car.urdf
-- Up-to-date: /home/kunal-singh/Desktop/Self_Moving_Car/ros2_ws/install/my_car_description/share/ament_index/resource_index/package_run_dependencies/my_car_description
-- Up-to-date: /home/kunal-singh/Desktop/Self_Moving_Car/ros2_ws/install/my_car_description/share/ament_index/resource_index/parent_prefix_path/my_car_description
-- Up-to-date: /home/kunal-singh/Desktop/Self_Moving_Car/ros2_ws/install/my_car_description/share/my_car_description/environment/ament_prefix_path.sh
-- Up-to-date: /home/kunal-singh/Desktop/Self_Moving_Car/ros2_ws/install/my_car_description/share/my_car_description/environment/ament_prefix_path.dsv
-- Up-to-date: /home/kunal-singh/Desktop/Self_Moving_Car/ros2_ws/install/my_car_description/share/my_car_description/environment/path.sh
-- Up-to-date: /home/kunal-singh/Desktop/Self_Moving_Car/ros2_ws/install/my_car_description/share/my_car_description/environment/path.dsv
-- Up-to-date: /home/kunal-singh/Desktop/Self_Moving_Car/ros2_ws/install/my_car_description/share/my_car_description/local_setup.bash
-- Up-to-date: /home/kunal-singh/Desktop/Self_Moving_Car/ros2_ws/install/my_car_description/share/my_car_description/local_setup.sh
-- Up-to-date: /home/kunal-singh/Desktop/Self_Moving_Car/ros2_ws/install/my_car_description/share/my_car_description/local_setup.zsh
-- Up-to-date: /home/kunal-singh/Desktop/Self_Moving_Car/ros2_ws/install/my_car_description/share/my_car_description/local_setup.dsv
-- Installing: /home/kunal-singh/Desktop/Self_Moving_Car/ros2_ws/install/my_car_description/share/my_car_description/package.dsv
-- Up-to-date: /home/kunal-singh/Desktop/Self_Moving_Car/ros2_ws/install/my_car_description/share/ament_index/resource_index/packages/my_car_description
-- Up-to-date: /home/kunal-singh/Desktop/Self_Moving_Car/ros2_ws/install/my_car_description/share/my_car_description/cmake/my_car_descriptionConfig.cmake
-- Up-to-date: /home/kunal-singh/Desktop/Self_Moving_Car/ros2_ws/install/my_car_description/share/my_car_description/cmake/my_car_descriptionConfig-version.cmake
-- Up-to-date: /home/kunal-singh/Desktop/Self_Moving_Car/ros2_ws/install/my_car_description/share/my_car_description/package.xml
