[1.336s] Invoking command in '/home/shuksham/Self-Moving-Car/ros2_ws/build/circular_drive_controller': PYTHONPATH=/home/shuksham/Self-Moving-Car/ros2_ws/build/circular_drive_controller/prefix_override:/usr/lib/python3/dist-packages/colcon_core/task/python/colcon_distutils_commands:/home/shuksham/Self-Moving-Car/ros2_ws/install/circular_drive_controller/lib/python3.10/site-packages:${PYTHONPATH} /usr/bin/python3 -W ignore:setup.py install is deprecated -W ignore:easy_install command is deprecated setup.py develop --uninstall --editable --build-directory /home/shuksham/Self-Moving-Car/ros2_ws/build/circular_drive_controller/build
[1.917s] running develop
[2.283s] Removing /home/shuksham/Self-Moving-Car/ros2_ws/install/circular_drive_controller/lib/python3.10/site-packages/circular-drive-controller.egg-link (link to .)
[2.367s] Invoked command in '/home/shuksham/Self-Moving-Car/ros2_ws/build/circular_drive_controller' returned '0': PYTHONPATH=/home/shuksham/Self-Moving-Car/ros2_ws/build/circular_drive_controller/prefix_override:/usr/lib/python3/dist-packages/colcon_core/task/python/colcon_distutils_commands:/home/shuksham/Self-Moving-Car/ros2_ws/install/circular_drive_controller/lib/python3.10/site-packages:${PYTHONPATH} /usr/bin/python3 -W ignore:setup.py install is deprecated -W ignore:easy_install command is deprecated setup.py develop --uninstall --editable --build-directory /home/shuksham/Self-Moving-Car/ros2_ws/build/circular_drive_controller/build
[2.374s] Invoking command in '/home/shuksham/Self-Moving-Car/ros2_ws/src/circular_drive_controller': PYTHONPATH=/home/shuksham/Self-Moving-Car/ros2_ws/build/circular_drive_controller/prefix_override:/usr/lib/python3/dist-packages/colcon_core/task/python/colcon_distutils_commands:/home/shuksham/Self-Moving-Car/ros2_ws/install/circular_drive_controller/lib/python3.10/site-packages:${PYTHONPATH} /usr/bin/python3 -W ignore:setup.py install is deprecated -W ignore:easy_install command is deprecated setup.py egg_info --egg-base ../../build/circular_drive_controller build --build-base /home/shuksham/Self-Moving-Car/ros2_ws/build/circular_drive_controller/build install --record /home/shuksham/Self-Moving-Car/ros2_ws/build/circular_drive_controller/install.log --single-version-externally-managed install_data --force
[2.841s] running egg_info
[2.843s] writing ../../build/circular_drive_controller/circular_drive_controller.egg-info/PKG-INFO
[2.844s] writing dependency_links to ../../build/circular_drive_controller/circular_drive_controller.egg-info/dependency_links.txt
[2.844s] writing entry points to ../../build/circular_drive_controller/circular_drive_controller.egg-info/entry_points.txt
[2.845s] writing requirements to ../../build/circular_drive_controller/circular_drive_controller.egg-info/requires.txt
[2.846s] writing top-level names to ../../build/circular_drive_controller/circular_drive_controller.egg-info/top_level.txt
[2.853s] reading manifest file '../../build/circular_drive_controller/circular_drive_controller.egg-info/SOURCES.txt'
[2.856s] writing manifest file '../../build/circular_drive_controller/circular_drive_controller.egg-info/SOURCES.txt'
[2.856s] running build
[2.856s] running build_py
[2.857s] running install
[2.858s] running install_lib
[2.861s] copying /home/shuksham/Self-Moving-Car/ros2_ws/build/circular_drive_controller/build/lib/circular_drive_controller/test_ekf_logic.py -> /home/shuksham/Self-Moving-Car/ros2_ws/install/circular_drive_controller/lib/python3.10/site-packages/circular_drive_controller
[2.862s] copying /home/shuksham/Self-Moving-Car/ros2_ws/build/circular_drive_controller/build/lib/circular_drive_controller/__init__.py -> /home/shuksham/Self-Moving-Car/ros2_ws/install/circular_drive_controller/lib/python3.10/site-packages/circular_drive_controller
[2.863s] copying /home/shuksham/Self-Moving-Car/ros2_ws/build/circular_drive_controller/build/lib/circular_drive_controller/control_node.py -> /home/shuksham/Self-Moving-Car/ros2_ws/install/circular_drive_controller/lib/python3.10/site-packages/circular_drive_controller
[2.863s] copying /home/shuksham/Self-Moving-Car/ros2_ws/build/circular_drive_controller/build/lib/circular_drive_controller/mission_node.py -> /home/shuksham/Self-Moving-Car/ros2_ws/install/circular_drive_controller/lib/python3.10/site-packages/circular_drive_controller
[2.868s] byte-compiling /home/shuksham/Self-Moving-Car/ros2_ws/install/circular_drive_controller/lib/python3.10/site-packages/circular_drive_controller/test_ekf_logic.py to test_ekf_logic.cpython-310.pyc
[2.877s] byte-compiling /home/shuksham/Self-Moving-Car/ros2_ws/install/circular_drive_controller/lib/python3.10/site-packages/circular_drive_controller/__init__.py to __init__.cpython-310.pyc
[2.877s] byte-compiling /home/shuksham/Self-Moving-Car/ros2_ws/install/circular_drive_controller/lib/python3.10/site-packages/circular_drive_controller/control_node.py to control_node.cpython-310.pyc
[2.881s] byte-compiling /home/shuksham/Self-Moving-Car/ros2_ws/install/circular_drive_controller/lib/python3.10/site-packages/circular_drive_controller/mission_node.py to mission_node.cpython-310.pyc
[2.883s] Sorry: IndentationError: unexpected indent (mission_node.py, line 61)
[2.883s] running install_data
[2.884s] copying resource/circular_drive_controller -> /home/shuksham/Self-Moving-Car/ros2_ws/install/circular_drive_controller/share/ament_index/resource_index/packages
[2.885s] copying package.xml -> /home/shuksham/Self-Moving-Car/ros2_ws/install/circular_drive_controller/share/circular_drive_controller
[2.885s] running install_egg_info
[2.891s] Copying ../../build/circular_drive_controller/circular_drive_controller.egg-info to /home/shuksham/Self-Moving-Car/ros2_ws/install/circular_drive_controller/lib/python3.10/site-packages/circular_drive_controller-0.0.0-py3.10.egg-info
[2.895s] running install_scripts
[2.946s] Installing control_node script to /home/shuksham/Self-Moving-Car/ros2_ws/install/circular_drive_controller/lib/circular_drive_controller
[2.946s] Installing mission_node script to /home/shuksham/Self-Moving-Car/ros2_ws/install/circular_drive_controller/lib/circular_drive_controller
[2.949s] writing list of installed files to '/home/shuksham/Self-Moving-Car/ros2_ws/build/circular_drive_controller/install.log'
[3.019s] Invoked command in '/home/shuksham/Self-Moving-Car/ros2_ws/src/circular_drive_controller' returned '0': PYTHONPATH=/home/shuksham/Self-Moving-Car/ros2_ws/build/circular_drive_controller/prefix_override:/usr/lib/python3/dist-packages/colcon_core/task/python/colcon_distutils_commands:/home/shuksham/Self-Moving-Car/ros2_ws/install/circular_drive_controller/lib/python3.10/site-packages:${PYTHONPATH} /usr/bin/python3 -W ignore:setup.py install is deprecated -W ignore:easy_install command is deprecated setup.py egg_info --egg-base ../../build/circular_drive_controller build --build-base /home/shuksham/Self-Moving-Car/ros2_ws/build/circular_drive_controller/build install --record /home/shuksham/Self-Moving-Car/ros2_ws/build/circular_drive_controller/install.log --single-version-externally-managed install_data --force
